[2026-09-21 06:52:30 UTC] [INFO    ] [STEP ???] LOGGER INITIALIZED: audit_ephemeris_de430_vs_de440 (Step ???)
[2026-09-21 06:52:30 UTC] [DEBUG   ] [STEP ???] Log file: /Users/matthewsmawfield/www/Temporal Equivalence Principle/TEP-9/logs/audit_ephemeris_de430_vs_de440.log
[2026-09-21 06:52:30 UTC] [DEBUG   ] [STEP ???] Project root: /Users/matthewsmawfield/www/Temporal Equivalence Principle/TEP-9
[2026-09-21 06:52:30 UTC] [DEBUG   ] [STEP ???] Start time (UTC): 2026-09-21T06:52:30.678991+00:00
[2026-09-21 06:52:30 UTC] [INFO    ] [STEP ???] 
[2026-09-21 06:52:30 UTC] [INFO    ] [STEP ???] STEP PURPOSE
[2026-09-21 06:52:30 UTC] [INFO    ] [STEP ???] --------------------------------------------------------------------------------
[2026-09-21 06:52:30 UTC] [INFO    ] [STEP ???]   Audit: Ephemeris-version sensitivity (DE440s vs DE430).
[2026-09-21 06:52:30 UTC] [INFO    ] [STEP ???]   This audit tests whether the cometary boundary reconstruction and the
[2026-09-21 06:52:30 UTC] [INFO    ] [STEP ???]   in-cap vs out-of-cap rotation gap are sensitive to the planetary ephemeris
[2026-09-21 06:52:30 UTC] [INFO    ] [STEP ???]   version.
[2026-09-21 06:52:30 UTC] [INFO    ] [STEP ???]   CODE and Warsaw catalogue solutions were computed in the DE405/DE430 era,
[2026-09-21 06:52:30 UTC] [INFO    ] [STEP ???]   whereas the primary TEP-9 baseline re-integrates orbits using DE440s.
[2026-09-21 06:52:30 UTC] [INFO    ] [STEP ???]   This test integrates the class-1 CODE comets under both DE440s and DE430
[2026-09-21 06:52:30 UTC] [INFO    ] [STEP ???]   (REBOUND/IAS15) to determine:
[2026-09-21 06:52:30 UTC] [INFO    ] [STEP ???]   1. The direct per-leg state and direction difference (|p_DE440 - p_DE430|).
[2026-09-21 06:52:30 UTC] [INFO    ] [STEP ???]   2. The stability of the simulated rotation drot_sim.
[2026-09-21 06:52:30 UTC] [INFO    ] [STEP ???]   3. The stability of the in-cap vs out-of-cap rotation gap and p-value.
[2026-09-21 06:52:30 UTC] [INFO    ] [STEP ???]   Outputs
[2026-09-21 06:52:30 UTC] [INFO    ] [STEP ???]   results/audits/audit_ephemeris_de430_vs_de440.json
[2026-09-21 06:52:30 UTC] [INFO    ] [STEP ???] --------------------------------------------------------------------------------
[2026-09-21 06:52:30 UTC] [INFO    ] [STEP ???] EXECUTION ENVIRONMENT: python 3.13.5 | macOS-26.5.1 | numpy 2.1.3 | scipy 1.14.1 | pandas 2.2.3 | astropy 7.1.1 | rebound 5.1.1 | matplotlib 3.9.2 | cpus 15
[2026-09-21 06:52:30 UTC] [INFO    ] [STEP ???] SCRIPT: scripts/audits/audit_ephemeris_de430_vs_de440.py
[2026-09-21 06:52:30 UTC] [INFO    ] [STEP ???] SCRIPT SHA256: eb746b4baf77082229e92af8d2ef8be6e798e5073276e088bb1df1b393698eb6
[2026-09-21 06:52:30 UTC] [INFO    ] [STEP ???] SCRIPT SIZE: 14334 bytes
[2026-09-21 06:52:30 UTC] [INFO    ] [STEP ???] ================================================================================
[2026-09-21 06:52:30 UTC] [INFO    ] [STEP ???] Ephemeris-Version Sensitivity Audit: DE440s vs DE430
[2026-09-21 06:52:30 UTC] [INFO    ] [STEP ???] ================================================================================
[2026-09-21 06:52:30 UTC] [INFO    ] [STEP ???] DE430 SHA-256: 6e1b277c5f07135a84950604b83e56b736be696a7f3560bcddb1d4aeb944fca1
[2026-09-21 06:52:30 UTC] [INFO    ] [STEP ???] sample: 131 class-1 CODE comets
[2026-09-21 06:52:30 UTC] [INFO    ] [STEP ???] Integrating under DE440s...
[2026-09-21 06:55:35 UTC] [INFO    ] [STEP ???] Integrating under DE430...
[2026-09-21 06:58:18 UTC] [INFO    ] [STEP ???] Successfully integrated 131 comets under both ephemerides
[2026-09-21 06:58:18 UTC] [INFO    ] [STEP ???] Wrote audit results to /Users/matthewsmawfield/www/Temporal Equivalence Principle/TEP-9/results/audits/audit_ephemeris_de430_vs_de440.json
[2026-09-21 06:58:18 UTC] [INFO    ] [STEP ???] Stability Verdict: STABLE
[2026-09-21 06:58:18 UTC] [INFO    ] [STEP ???]   DE440s b4 gap: 0.1245 dex (p=0.01215)
[2026-09-21 06:58:18 UTC] [INFO    ] [STEP ???]   DE430  b4 gap: 0.1245 dex (p=0.01215)
[2026-09-21 06:58:18 UTC] [INFO    ] [STEP ???]   Median per-comet rotation shift: 0.000000 deg
[2026-09-21 06:58:18 UTC] [INFO    ] [STEP ???] 
[2026-09-21 06:58:18 UTC] [INFO    ] [STEP ???] ================================================================================
[2026-09-21 06:58:18 UTC] [INFO    ] [STEP ???] STEP SUMMARY: audit_ephemeris_de430_vs_de440
[2026-09-21 06:58:18 UTC] [INFO    ] [STEP ???] ================================================================================
[2026-09-21 06:58:18 UTC] [INFO    ] [STEP ???] Step Number: ???
[2026-09-21 06:58:18 UTC] [INFO    ] [STEP ???] Status: SUCCESS
[2026-09-21 06:58:18 UTC] [INFO    ] [STEP ???] Duration: 5.80m
[2026-09-21 06:58:18 UTC] [INFO    ] [STEP ???] Log Records Emitted: 45
[2026-09-21 06:58:18 UTC] [INFO    ] [STEP ???] Output Files: 0
[2026-09-21 06:58:18 UTC] [INFO    ] [STEP ???] Log file: /Users/matthewsmawfield/www/Temporal Equivalence Principle/TEP-9/logs/audit_ephemeris_de430_vs_de440.log
[2026-09-21 06:58:18 UTC] [INFO    ] [STEP ???] No output files generated
[2026-09-21 06:58:18 UTC] [INFO    ] [STEP ???] ================================================================================
[2026-09-21 06:58:18 UTC] [INFO    ] [STEP ???] STEP ??? COMPLETE: SUCCESS
[2026-09-21 06:58:18 UTC] [INFO    ] [STEP ???] Provenance data saved to /Users/matthewsmawfield/www/Temporal Equivalence Principle/TEP-9/results/provenance/audit_ephemeris_de430_vs_de440_provenance.json
[2026-09-21 06:58:18 UTC] [INFO    ] [STEP ???] 
[2026-09-21 06:58:18 UTC] [INFO    ] [STEP ???] ================================================================================
[2026-09-21 06:58:18 UTC] [INFO    ] [STEP ???] EXECUTIVE SUMMARY
[2026-09-21 06:58:18 UTC] [INFO    ] [STEP ???] ================================================================================
[2026-09-21 06:58:18 UTC] [INFO    ] [STEP ???] Step: audit_ephemeris_de430_vs_de440 (Step ???)
[2026-09-21 06:58:18 UTC] [INFO    ] [STEP ???] Status: SUCCESS
[2026-09-21 06:58:18 UTC] [INFO    ] [STEP ???] Duration: 5.80m
[2026-09-21 06:58:18 UTC] [INFO    ] [STEP ???] Log Records: 52
[2026-09-21 06:58:18 UTC] [INFO    ] [STEP ???] Output Files: 0
[2026-09-21 06:58:18 UTC] [INFO    ] [STEP ???] ================================================================================
