[2026-09-19 14:31:04 UTC] [INFO    ] [STEP 129] LOGGER INITIALIZED: step_129_epoch_axis_trajectory (Step 129)
[2026-09-19 14:31:04 UTC] [DEBUG   ] [STEP 129] Log file: /Users/matthewsmawfield/www/Temporal Equivalence Principle/TEP-9/logs/step_129_epoch_axis_trajectory.log
[2026-09-19 14:31:04 UTC] [DEBUG   ] [STEP 129] Project root: /Users/matthewsmawfield/www/Temporal Equivalence Principle/TEP-9
[2026-09-19 14:31:04 UTC] [INFO    ] [STEP 129] ================================================================================
[2026-09-19 14:31:04 UTC] [INFO    ] [STEP 129] Epoch-resolved axis trajectory: drift vs switch
[2026-09-19 14:31:04 UTC] [INFO    ] [STEP 129] ================================================================================
[2026-09-19 14:31:04 UTC] [INFO    ] [STEP 129] pooled dual-leg comets: 532 -> 532 with all channels; eras: 373 pre-2018, 159 post-2017
[2026-09-19 14:31:04 UTC] [INFO    ] [STEP 129]   1950-1990 n=54: decl 0.1675/0.1523 p=0.1615 | disp 0.1705/0.1308 p=0.0887
[2026-09-19 14:31:04 UTC] [INFO    ] [STEP 129]   1990-2005 n=106: decl 0.0959/0.1480 p=0.9748 | disp 0.0804/0.1619 p=0.9976
[2026-09-19 14:31:04 UTC] [INFO    ] [STEP 129]   2005-2014 n=141: decl 0.1612/0.1135 p=0.1140 | disp 0.1229/0.1196 p=0.5060
[2026-09-19 14:31:04 UTC] [INFO    ] [STEP 129]   2014-2018 n=72: decl 0.2232/0.0720 p=0.0062 | disp 0.1826/0.0784 p=0.0702
[2026-09-19 14:31:04 UTC] [INFO    ] [STEP 129]   2018-2031 n=159: decl 0.0840/0.1224 p=0.9841 | disp 0.1483/0.1002 p=0.0070
[2026-09-19 14:31:06 UTC] [INFO    ] [STEP 129]   T2 arc argmax per bin: ['0.70', '-0.50', '0.00', '-0.30', '1.15'] rho=0.300 perm p=0.3680
[2026-09-19 14:32:10 UTC] [INFO    ] [STEP 129]   T3 fixed decl +0.0062 disp +0.0198 | switch +0.0334 (Ts=2018.0) drift +0.0385 (Tc=2018.0,W=10.0) adv +0.0186 p=0.0040
[2026-09-19 14:32:11 UTC] [INFO    ] [STEP 129]   T4 declared-cap: n=140 rho=-0.170 perm p=0.0380
[2026-09-19 14:32:11 UTC] [INFO    ] [STEP 129]   T4 displaced-cap: n=171 rho=+0.032 perm p=0.6720
[2026-09-19 14:32:11 UTC] [INFO    ] [STEP 129] VERDICT: TRANSITION-LOCALIZED: the epoch-ordering of the pooled record is real, but the best drift ramp has reached the scan's resolution floor -- the transition is fast (<=10-20 yr about the era boundary), degenerate with a sharp switch; no slow sweep is resolved
[2026-09-19 14:32:11 UTC] [INFO    ] [STEP 129] Saving data: step_b93_epoch_trajectory.json
[2026-09-19 14:32:11 UTC] [DEBUG   ] [STEP 129]   Full path: /Users/matthewsmawfield/www/Temporal Equivalence Principle/TEP-9/results/step_b93_epoch_trajectory.json
[2026-09-19 14:32:11 UTC] [INFO    ] [STEP 129] Saving data: step_b93_epoch_trajectory.csv
[2026-09-19 14:32:11 UTC] [DEBUG   ] [STEP 129]   Full path: /Users/matthewsmawfield/www/Temporal Equivalence Principle/TEP-9/results/step_b93_epoch_trajectory.csv
[2026-09-19 14:32:11 UTC] [INFO    ] [STEP 129] Saving data: step_b93_epoch_trajectory.png
[2026-09-19 14:32:11 UTC] [DEBUG   ] [STEP 129]   Full path: /Users/matthewsmawfield/www/Temporal Equivalence Principle/TEP-9/results/figures/step_b93_epoch_trajectory.png
[2026-09-19 14:32:11 UTC] [INFO    ] [STEP 129] Provenance data saved to /Users/matthewsmawfield/www/Temporal Equivalence Principle/TEP-9/results/provenance/step_129_epoch_axis_trajectory_provenance.json
