[2026-09-19 20:22:05 UTC] [INFO    ] [STEP 145] LOGGER INITIALIZED: step_145_pws_anchored_sclk (Step 145)
[2026-09-19 20:22:05 UTC] [DEBUG   ] [STEP 145] Log file: /Users/matthewsmawfield/www/Temporal Equivalence Principle/TEP-9/logs/step_145_pws_anchored_sclk.log
[2026-09-19 20:22:05 UTC] [DEBUG   ] [STEP 145] Project root: /Users/matthewsmawfield/www/Temporal Equivalence Principle/TEP-9
[2026-09-19 20:22:05 UTC] [INFO    ] [STEP 145] ================================================================================
[2026-09-19 20:22:05 UTC] [INFO    ] [STEP 145] PWS-anchored SCLK epoch-lock test
[2026-09-19 20:22:05 UTC] [INFO    ] [STEP 145] ================================================================================
[2026-09-19 20:22:09 UTC] [INFO    ] [STEP 145] verdict: EPOCH-LOCK NOT ESTABLISHED: strongest negative steps near the four crossings land at offsets [1.2999999999969987, 0.1999999999979991, 0.8000000000010914, 0.3999999999978172] yr from the canonical epochs (joint Fisher p=0.1077); V1 PWS plasma steps sit 10.57 yr from the nearest strong negative SCLK changepoints (p=0.0000). The step amplitude evidence (step 141) and the epoch evidence (this step) are registered separately; kernel segmentation remains the standing caveat.
[2026-09-19 20:22:09 UTC] [INFO    ] [STEP 145] Saving data: step_b109_pws_anchored_sclk.json
[2026-09-19 20:22:09 UTC] [DEBUG   ] [STEP 145]   Full path: /Users/matthewsmawfield/www/Temporal Equivalence Principle/TEP-9/results/step_b109_pws_anchored_sclk.json
[2026-09-19 20:22:09 UTC] [INFO    ] [STEP 145] Saving data: step_b109_pws_anchored_sclk.csv
[2026-09-19 20:22:09 UTC] [DEBUG   ] [STEP 145]   Full path: /Users/matthewsmawfield/www/Temporal Equivalence Principle/TEP-9/results/step_b109_pws_anchored_sclk.csv
[2026-09-19 20:22:09 UTC] [INFO    ] [STEP 145] Saving data: step_b109_pws_anchored_sclk.png
[2026-09-19 20:22:09 UTC] [DEBUG   ] [STEP 145]   Full path: /Users/matthewsmawfield/www/Temporal Equivalence Principle/TEP-9/results/figures/step_b109_pws_anchored_sclk.png
VG1 TS: strongest neg step -3.15 ppm at offset 1.30 yr (tail 0.4770)
VG1 HP: strongest neg step -1.57 ppm at offset 0.20 yr (tail 0.0695)
VG2 TS: strongest neg step -4.42 ppm at offset 0.80 yr (tail 0.2890)
VG2 HP: strongest neg step -3.42 ppm at offset 0.40 yr (tail 0.1475)
T2 joint epoch-lock Fisher p = 0.1077
T3: PWS steps mean 10.57 yr from nearest negative SCLK changepoint (null 10.65, p=0.0000)
{
 "joint_epoch_lock_fisher_p": 0.10765890722550787,
 "per_crossing_offsets_yr": {
  "VG1_TS": 1.2999999999969987,
  "VG1_HP": 0.1999999999979991,
  "VG2_TS": 0.8000000000010914,
  "VG2_HP": 0.3999999999978172
 },
 "per_crossing_tails": {
  "VG1_TS": 0.477,
  "VG1_HP": 0.0695,
  "VG2_TS": 0.289,
  "VG2_HP": 0.1475
 },
 "pws_coincidence_p": 0.0
}
EPOCH-LOCK NOT ESTABLISHED: strongest negative steps near the four crossings land at offsets [1.2999999999969987, 0.1999999999979991, 0.8000000000010914, 0.3999999999978172] yr from the canonical epochs (joint Fisher p=0.1077); V1 PWS plasma steps sit 10.57 yr from the nearest strong negative SCLK changepoints (p=0.0000). The step amplitude evidence (step 141) and the epoch evidence (this step) are registered separately; kernel segmentation remains the standing caveat.
