[INFO] [STEP 117] LOGGER INITIALIZED: step_117_prospective_lpc (Step 117)
[INFO] [STEP 117] ================================================================================
[INFO] [STEP 117] Prospective validation cohort: post-2017 SBDB LPCs (REBOUND/DE440s)
[INFO] [STEP 117] ================================================================================
[INFO] [STEP 117] using cached sbdb_comets_all.json
[INFO] [STEP 117] SBDB comet table: 4077 rows, fields 22
[INFO] [STEP 117] post-2017 comets: near-parabolic usable 287; deep-plunger primary (q<3.1) 148; bound controls 64; excluded {'year': 2815, 'frag': 13, 'e': 0, 'q': 4, 'arc': 11, 'iso': 2}
[INFO] [STEP 117] integrating primary cohort ...
[INFO] [STEP 117] prospective: 287 comets to integrate (0 checkpointed)
[WARNING] [STEP 117] ⚠ C/2018 E1 (ATLAS): osculating aphelion 106 AU < 225 AU -- boundary unreachable
[WARNING] [STEP 117] ⚠ C/2019 A9 (PANSTARRS): osculating aphelion 76 AU < 225 AU -- boundary unreachable
[WARNING] [STEP 117] ⚠ C/2019 J1 (Lemmon): osculating aphelion 141 AU < 225 AU -- boundary unreachable
[WARNING] [STEP 117] ⚠ C/2020 B2 (Lemmon): osculating aphelion 133 AU < 225 AU -- boundary unreachable
[WARNING] [STEP 117] ⚠ C/2020 K4 (PANSTARRS): osculating aphelion 90 AU < 225 AU -- boundary unreachable
[WARNING] [STEP 117] ⚠ C/2020 M3 (ATLAS): osculating aphelion 52 AU < 225 AU -- boundary unreachable
[WARNING] [STEP 117] ⚠ C/2020 N2 (ATLAS): osculating aphelion 202 AU < 225 AU -- boundary unreachable
[WARNING] [STEP 117] ⚠ C/2020 Q1 (Borisov): osculating aphelion 118 AU < 225 AU -- boundary unreachable
[WARNING] [STEP 117] ⚠ C/2020 R4 (ATLAS): osculating aphelion 193 AU < 225 AU -- boundary unreachable
[WARNING] [STEP 117] ⚠ C/2020 U3 (Rankin): osculating aphelion 127 AU < 225 AU -- boundary unreachable
[WARNING] [STEP 117] ⚠ C/2021 A4 (NEOWISE): osculating aphelion 84 AU < 225 AU -- boundary unreachable
[WARNING] [STEP 117] ⚠ C/2021 A10 (NEOWISE): osculating aphelion 184 AU < 225 AU -- boundary unreachable
[WARNING] [STEP 117] ⚠ C/2021 C3 (Catalina): osculating aphelion 125 AU < 225 AU -- boundary unreachable
[WARNING] [STEP 117] ⚠ C/2021 D1 (SWAN): osculating aphelion 191 AU < 225 AU -- boundary unreachable
[WARNING] [STEP 117] ⚠ C/2021 G1 (Leonard): osculating aphelion 148 AU < 225 AU -- boundary unreachable
[WARNING] [STEP 117] ⚠ C/2021 U4 (Leonard): osculating aphelion 86 AU < 225 AU -- boundary unreachable
[WARNING] [STEP 117] ⚠ C/2022 J1 (Maury-Attard): osculating aphelion 94 AU < 225 AU -- boundary unreachable
[WARNING] [STEP 117] ⚠ C/2022 J2 (Bok): osculating aphelion 183 AU < 225 AU -- boundary unreachable
[WARNING] [STEP 117] ⚠ C/2022 N1 (Attard-Maury): osculating aphelion 73 AU < 225 AU -- boundary unreachable
[WARNING] [STEP 117] ⚠ C/2022 U2 (ATLAS): osculating aphelion 190 AU < 225 AU -- boundary unreachable
[WARNING] [STEP 117] ⚠ C/2023 P1 (Nishimura): osculating aphelion 115 AU < 225 AU -- boundary unreachable
[WARNING] [STEP 117] ⚠ C/2023 S3 (Lemmon): osculating aphelion 56 AU < 225 AU -- boundary unreachable
[WARNING] [STEP 117] ⚠ C/2023 TD22 (Lemmon): osculating aphelion 94 AU < 225 AU -- boundary unreachable
[WARNING] [STEP 117] ⚠ C/2024 C4 (ATLAS): osculating aphelion 167 AU < 225 AU -- boundary unreachable
[WARNING] [STEP 117] ⚠ C/2024 PN7 (PANSTARRS): osculating aphelion 133 AU < 225 AU -- boundary unreachable
[INFO] [STEP 117] prospective: 25/287 integrated
[WARNING] [STEP 117] ⚠ C/2024 T3 (PANSTARRS): osculating aphelion 165 AU < 225 AU -- boundary unreachable
[WARNING] [STEP 117] ⚠ C/2025 R2 (SWAN): osculating aphelion 173 AU < 225 AU -- boundary unreachable
[WARNING] [STEP 117] ⚠ C/2026 AZ17 (Bok): osculating aphelion 127 AU < 225 AU -- boundary unreachable
[INFO] [STEP 117] prospective: 50/287 integrated
[INFO] [STEP 117] prospective: 75/287 integrated
[WARNING] [STEP 117] ⚠ C/2020 H4 (Leonard): boundary not reached
[INFO] [STEP 117] prospective: 100/287 integrated
[INFO] [STEP 117] prospective: 125/287 integrated
[WARNING] [STEP 117] ⚠ C/2021 J2 (PANSTARRS): boundary not reached
[INFO] [STEP 117] prospective: 150/287 integrated
[INFO] [STEP 117] prospective: 175/287 integrated
[INFO] [STEP 117] prospective: 200/287 integrated
[WARNING] [STEP 117] ⚠ C/2024 G1 (Wierzchos): boundary not reached
[INFO] [STEP 117] prospective: 225/287 integrated
[WARNING] [STEP 117] ⚠ C/2024 L5 (ATLAS): boundary not reached
[INFO] [STEP 117] prospective: 250/287 integrated
[INFO] [STEP 117] prospective: 275/287 integrated
[INFO] [STEP 117] prospective: integrated 255 comets x2 legs; 32 failed
[INFO] [STEP 117] integrating bound-comet control cohort ...
[INFO] [STEP 117] control: 64 comets to integrate (161 checkpointed)
[WARNING] [STEP 117] ⚠ C/2018 A1 (PANSTARRS): osculating aphelion 48 AU < 250 AU -- boundary unreachable
[WARNING] [STEP 117] ⚠ C/2018 A4 (PANSTARRS): osculating aphelion 22 AU < 250 AU -- boundary unreachable
[WARNING] [STEP 117] ⚠ C/2018 A6 (Gibbs): osculating aphelion 28 AU < 250 AU -- boundary unreachable
[WARNING] [STEP 117] ⚠ C/2018 DO4 (Lemmon): osculating aphelion 49 AU < 250 AU -- boundary unreachable
[WARNING] [STEP 117] ⚠ C/2018 EN4 (NEOWISE): osculating aphelion 35 AU < 250 AU -- boundary unreachable
[WARNING] [STEP 117] ⚠ C/2018 K1 (Weiland): osculating aphelion 58 AU < 250 AU -- boundary unreachable
[WARNING] [STEP 117] ⚠ C/2018 M1 (Catalina): osculating aphelion 41 AU < 250 AU -- boundary unreachable
[WARNING] [STEP 117] ⚠ C/2018 O1 (ATLAS): osculating aphelion 54 AU < 250 AU -- boundary unreachable
[WARNING] [STEP 117] ⚠ C/2018 P5 (PANSTARRS): osculating aphelion 21 AU < 250 AU -- boundary unreachable
[WARNING] [STEP 117] ⚠ C/2018 R5 (Lemmon): osculating aphelion 42 AU < 250 AU -- boundary unreachable
[WARNING] [STEP 117] ⚠ C/2018 S2 (TESS): osculating aphelion 23 AU < 250 AU -- boundary unreachable
[WARNING] [STEP 117] ⚠ C/2018 V2 (ATLAS): osculating aphelion 49 AU < 250 AU -- boundary unreachable
[WARNING] [STEP 117] ⚠ C/2018 W1 (Catalina): osculating aphelion 42 AU < 250 AU -- boundary unreachable
[WARNING] [STEP 117] ⚠ C/2018 X3 (PANSTARRS): osculating aphelion 22 AU < 250 AU -- boundary unreachable
[WARNING] [STEP 117] ⚠ C/2019 A5 (PANSTARRS): osculating aphelion 37 AU < 250 AU -- boundary unreachable
[WARNING] [STEP 117] ⚠ C/2019 F2 (ATLAS): osculating aphelion 31 AU < 250 AU -- boundary unreachable
[WARNING] [STEP 117] ⚠ C/2019 L1 (PANSTARRS): osculating aphelion 17 AU < 250 AU -- boundary unreachable
[WARNING] [STEP 117] ⚠ C/2019 O2 (PANSTARRS): osculating aphelion 105 AU < 250 AU -- boundary unreachable
[WARNING] [STEP 117] ⚠ C/2019 T5 (ATLAS): osculating aphelion 14 AU < 250 AU -- boundary unreachable
[WARNING] [STEP 117] ⚠ C/2020 K7 (PANSTARRS): osculating aphelion 212 AU < 250 AU -- boundary unreachable
[WARNING] [STEP 117] ⚠ C/2020 PV6 (PANSTARRS): osculating aphelion 81 AU < 250 AU -- boundary unreachable
[WARNING] [STEP 117] ⚠ C/2020 Q2 (PANSTARRS): osculating aphelion 16 AU < 250 AU -- boundary unreachable
[WARNING] [STEP 117] ⚠ C/2020 S2 (PANSTARRS): osculating aphelion 19 AU < 250 AU -- boundary unreachable
[WARNING] [STEP 117] ⚠ C/2020 X2 (ATLAS): osculating aphelion 29 AU < 250 AU -- boundary unreachable
[WARNING] [STEP 117] ⚠ C/2020 X4 (Leonard): osculating aphelion 81 AU < 250 AU -- boundary unreachable
[INFO] [STEP 117] control: 25/64 integrated
[WARNING] [STEP 117] ⚠ C/2021 B3 (NEOWISE): osculating aphelion 68 AU < 250 AU -- boundary unreachable
[WARNING] [STEP 117] ⚠ C/2021 J1 (Maury-Attard): osculating aphelion 51 AU < 250 AU -- boundary unreachable
[WARNING] [STEP 117] ⚠ C/2021 K1 (ATLAS): osculating aphelion 23 AU < 250 AU -- boundary unreachable
[WARNING] [STEP 117] ⚠ C/2021 Q3 (ATLAS): osculating aphelion 144 AU < 250 AU -- boundary unreachable
[WARNING] [STEP 117] ⚠ C/2022 F2 (NEOWISE): osculating aphelion 46 AU < 250 AU -- boundary unreachable
[WARNING] [STEP 117] ⚠ C/2022 JK5 (PANSTARRS): osculating aphelion 84 AU < 250 AU -- boundary unreachable
[WARNING] [STEP 117] ⚠ C/2022 P1 (NEOWISE): osculating aphelion 35 AU < 250 AU -- boundary unreachable
[WARNING] [STEP 117] ⚠ C/2022 Q2 (ATLAS): osculating aphelion 64 AU < 250 AU -- boundary unreachable
[WARNING] [STEP 117] ⚠ C/2022 S5 (PANSTARRS): osculating aphelion 39 AU < 250 AU -- boundary unreachable
[WARNING] [STEP 117] ⚠ C/2022 V2 (Lemmon): osculating aphelion 72 AU < 250 AU -- boundary unreachable
[WARNING] [STEP 117] ⚠ C/2022 Y1 (Hogan): osculating aphelion 22 AU < 250 AU -- boundary unreachable
[WARNING] [STEP 117] ⚠ C/2022 Y2 (Lemmon): osculating aphelion 37 AU < 250 AU -- boundary unreachable
[WARNING] [STEP 117] ⚠ C/2023 E1 (ATLAS): osculating aphelion 38 AU < 250 AU -- boundary unreachable
[WARNING] [STEP 117] ⚠ C/2023 H3 (PANSTARRS): osculating aphelion 22 AU < 250 AU -- boundary unreachable
[WARNING] [STEP 117] ⚠ C/2023 RN3 (ATLAS): osculating aphelion 15 AU < 250 AU -- boundary unreachable
[WARNING] [STEP 117] ⚠ C/2023 RS61 (PANSTARRS): osculating aphelion 16 AU < 250 AU -- boundary unreachable
[WARNING] [STEP 117] ⚠ C/2023 V3 (PANSTARRS): osculating aphelion 22 AU < 250 AU -- boundary unreachable
[WARNING] [STEP 117] ⚠ C/2023 X4 (Hogan): osculating aphelion 16 AU < 250 AU -- boundary unreachable
[WARNING] [STEP 117] ⚠ C/2024 A2 (ATLAS): osculating aphelion 63 AU < 250 AU -- boundary unreachable
[WARNING] [STEP 117] ⚠ C/2024 C1 (PANSTARRS): osculating aphelion 17 AU < 250 AU -- boundary unreachable
[WARNING] [STEP 117] ⚠ C/2024 C2 (PANSTARRS): osculating aphelion 23 AU < 250 AU -- boundary unreachable
[WARNING] [STEP 117] ⚠ C/2024 C3 (PANSTARRS): osculating aphelion 17 AU < 250 AU -- boundary unreachable
[WARNING] [STEP 117] ⚠ C/2024 E2 (Bok): osculating aphelion 96 AU < 250 AU -- boundary unreachable
[WARNING] [STEP 117] ⚠ C/2024 F2 (PANSTARRS): osculating aphelion 16 AU < 250 AU -- boundary unreachable
[WARNING] [STEP 117] ⚠ C/2024 L1 (PANSTARRS): osculating aphelion 18 AU < 250 AU -- boundary unreachable
[INFO] [STEP 117] control: 50/64 integrated
[WARNING] [STEP 117] ⚠ C/2024 M1 (ATLAS): osculating aphelion 58 AU < 250 AU -- boundary unreachable
[WARNING] [STEP 117] ⚠ C/2024 W1 (PANSTARRS): osculating aphelion 87 AU < 250 AU -- boundary unreachable
[WARNING] [STEP 117] ⚠ C/2024 X1 (Fazekas): osculating aphelion 15 AU < 250 AU -- boundary unreachable
[WARNING] [STEP 117] ⚠ C/2024 X2 (ATLAS): osculating aphelion 97 AU < 250 AU -- boundary unreachable
[WARNING] [STEP 117] ⚠ C/2024 X4 (PANSTARRS): osculating aphelion 17 AU < 250 AU -- boundary unreachable
[WARNING] [STEP 117] ⚠ C/2024 XK14 (Bok): osculating aphelion 32 AU < 250 AU -- boundary unreachable
[WARNING] [STEP 117] ⚠ C/2025 A3 (Tsuchinshan): osculating aphelion 15 AU < 250 AU -- boundary unreachable
[WARNING] [STEP 117] ⚠ C/2025 A4 (PANSTARRS): osculating aphelion 18 AU < 250 AU -- boundary unreachable
[WARNING] [STEP 117] ⚠ C/2025 K2 (PANSTARRS): osculating aphelion 47 AU < 250 AU -- boundary unreachable
[WARNING] [STEP 117] ⚠ C/2025 K4 (Siverd): osculating aphelion 84 AU < 250 AU -- boundary unreachable
[WARNING] [STEP 117] ⚠ C/2025 W2 (ATLAS): osculating aphelion 52 AU < 250 AU -- boundary unreachable
[WARNING] [STEP 117] ⚠ C/2025 X1 (PANSTARRS): osculating aphelion 63 AU < 250 AU -- boundary unreachable
[WARNING] [STEP 117] ⚠ C/2026 J1 (PANSTARRS): osculating aphelion 48 AU < 250 AU -- boundary unreachable
[WARNING] [STEP 117] ⚠ C/2026 M5 (PANSTARRS): osculating aphelion 151 AU < 250 AU -- boundary unreachable
[INFO] [STEP 117] control: integrated 0 comets x2 legs; 64 failed
[INFO] [STEP 117] slip-map transfer: rho=-0.041 p=0.6532 sign-acc=0.43 (n=121)
[INFO] [STEP 117] primary(q<3.1): n=121 in=32 | med drot in/out 0.114/0.171 | MWU p=0.9556 perm p=0.9205 | resid cap p=0.9702 | dtau med_in=-5.49 yr
[INFO] [STEP 117] primary pure-gravity: n=89 in=23 | med drot in/out 0.111/0.145 | MWU p=0.9122 perm p=0.8005 | resid cap p=0.9672 | dtau med_in=-7.96 yr
[INFO] [STEP 117] oort-spike(q<3.1,0<1/a<100): n=30 in=8 | med drot in/out 0.079/0.180 | MWU p=0.9718 perm p=0.9768 | resid cap p=0.9825 | dtau med_in=-6.15 yr
[INFO] [STEP 117] oort-spike pure-gravity: n=18 in=4 | med drot in/out 0.146/0.145 | MWU p=0.6010 perm p=0.5792 | resid cap p=0.3605 | dtau med_in=3.32 yr
[INFO] [STEP 117] all_near_parabolic: n=255 in=68 | med drot in/out 0.095/0.123 | MWU p=0.9125 perm p=0.9251 | resid cap p=0.9517 | dtau med_in=-3.86 yr
[INFO] [STEP 117] extended(q>=3.1): n=134 in=36 | med drot in/out 0.083/0.086 | MWU p=0.5628 perm p=0.5827 | resid cap p=0.9143 | dtau med_in=-2.37 yr
[INFO] [STEP 117] control(e<0.95): n=0 in=0 -- insufficient_sample
wrote /Users/matthewsmawfield/www/Temporal Equivalence Principle/TEP-9/results/step_b81_prospective_lpc.json
wrote /Users/matthewsmawfield/www/Temporal Equivalence Principle/TEP-9/results/step_b81_prospective_lpc.csv
wrote /Users/matthewsmawfield/www/Temporal Equivalence Principle/TEP-9/results/figures/step_b81_prospective_lpc.png
