[INFO] [STEP 151] LOGGER INITIALIZED: step_151_injection_transfer (Step 151)
[INFO] [STEP 151] ================================================================================
[INFO] [STEP 151] Slip injection -> standard refit transfer function
[INFO] [STEP 151] ================================================================================
[INFO] [STEP 151] injection cohort: 10 in-cap + 10 out-of-cap dual-leg comets
[INFO] [STEP 151] 0 checkpointed, 20 to inject
/Users/matthewsmawfield/www/Temporal Equivalence Principle/TEP-9/scripts/steps/step_151_injection_transfer.py:218: RuntimeWarning: divide by zero encountered in matmul
  u_eq = (RX.T @ u.T).T
/Users/matthewsmawfield/www/Temporal Equivalence Principle/TEP-9/scripts/steps/step_151_injection_transfer.py:218: RuntimeWarning: overflow encountered in matmul
  u_eq = (RX.T @ u.T).T
/Users/matthewsmawfield/www/Temporal Equivalence Principle/TEP-9/scripts/steps/step_151_injection_transfer.py:218: RuntimeWarning: invalid value encountered in matmul
  u_eq = (RX.T @ u.T).T
/Users/matthewsmawfield/www/Temporal Equivalence Principle/TEP-9/scripts/steps/step_151_injection_transfer.py:218: RuntimeWarning: divide by zero encountered in matmul
  u_eq = (RX.T @ u.T).T
/Users/matthewsmawfield/www/Temporal Equivalence Principle/TEP-9/scripts/steps/step_151_injection_transfer.py:218: RuntimeWarning: overflow encountered in matmul
  u_eq = (RX.T @ u.T).T
/Users/matthewsmawfield/www/Temporal Equivalence Principle/TEP-9/scripts/steps/step_151_injection_transfer.py:218: RuntimeWarning: invalid value encountered in matmul
  u_eq = (RX.T @ u.T).T
/Users/matthewsmawfield/www/Temporal Equivalence Principle/TEP-9/scripts/utils/mpc_refit.py:384: RuntimeWarning: divide by zero encountered in matmul
  u_eq = (RX.T @ u.T).T
/Users/matthewsmawfield/www/Temporal Equivalence Principle/TEP-9/scripts/utils/mpc_refit.py:384: RuntimeWarning: overflow encountered in matmul
  u_eq = (RX.T @ u.T).T
/Users/matthewsmawfield/www/Temporal Equivalence Principle/TEP-9/scripts/utils/mpc_refit.py:384: RuntimeWarning: invalid value encountered in matmul
  u_eq = (RX.T @ u.T).T
/Users/matthewsmawfield/www/Temporal Equivalence Principle/TEP-9/scripts/utils/mpc_refit.py:384: RuntimeWarning: divide by zero encountered in matmul
  u_eq = (RX.T @ u.T).T
/Users/matthewsmawfield/www/Temporal Equivalence Principle/TEP-9/scripts/utils/mpc_refit.py:384: RuntimeWarning: overflow encountered in matmul
  u_eq = (RX.T @ u.T).T
/Users/matthewsmawfield/www/Temporal Equivalence Principle/TEP-9/scripts/utils/mpc_refit.py:384: RuntimeWarning: invalid value encountered in matmul
  u_eq = (RX.T @ u.T).T
[INFO] [STEP 151]   1/20 injected
/Users/matthewsmawfield/www/Temporal Equivalence Principle/TEP-9/scripts/steps/step_151_injection_transfer.py:218: RuntimeWarning: divide by zero encountered in matmul
  u_eq = (RX.T @ u.T).T
/Users/matthewsmawfield/www/Temporal Equivalence Principle/TEP-9/scripts/steps/step_151_injection_transfer.py:218: RuntimeWarning: overflow encountered in matmul
  u_eq = (RX.T @ u.T).T
/Users/matthewsmawfield/www/Temporal Equivalence Principle/TEP-9/scripts/steps/step_151_injection_transfer.py:218: RuntimeWarning: invalid value encountered in matmul
  u_eq = (RX.T @ u.T).T
/Users/matthewsmawfield/www/Temporal Equivalence Principle/TEP-9/scripts/utils/mpc_refit.py:384: RuntimeWarning: divide by zero encountered in matmul
  u_eq = (RX.T @ u.T).T
/Users/matthewsmawfield/www/Temporal Equivalence Principle/TEP-9/scripts/utils/mpc_refit.py:384: RuntimeWarning: overflow encountered in matmul
  u_eq = (RX.T @ u.T).T
/Users/matthewsmawfield/www/Temporal Equivalence Principle/TEP-9/scripts/utils/mpc_refit.py:384: RuntimeWarning: invalid value encountered in matmul
  u_eq = (RX.T @ u.T).T
[INFO] [STEP 151]   2/20 injected
/Users/matthewsmawfield/www/Temporal Equivalence Principle/TEP-9/scripts/steps/step_151_injection_transfer.py:218: RuntimeWarning: divide by zero encountered in matmul
  u_eq = (RX.T @ u.T).T
/Users/matthewsmawfield/www/Temporal Equivalence Principle/TEP-9/scripts/steps/step_151_injection_transfer.py:218: RuntimeWarning: overflow encountered in matmul
  u_eq = (RX.T @ u.T).T
/Users/matthewsmawfield/www/Temporal Equivalence Principle/TEP-9/scripts/steps/step_151_injection_transfer.py:218: RuntimeWarning: invalid value encountered in matmul
  u_eq = (RX.T @ u.T).T
/Users/matthewsmawfield/www/Temporal Equivalence Principle/TEP-9/scripts/utils/mpc_refit.py:384: RuntimeWarning: divide by zero encountered in matmul
  u_eq = (RX.T @ u.T).T
/Users/matthewsmawfield/www/Temporal Equivalence Principle/TEP-9/scripts/utils/mpc_refit.py:384: RuntimeWarning: overflow encountered in matmul
  u_eq = (RX.T @ u.T).T
/Users/matthewsmawfield/www/Temporal Equivalence Principle/TEP-9/scripts/utils/mpc_refit.py:384: RuntimeWarning: invalid value encountered in matmul
  u_eq = (RX.T @ u.T).T
[INFO] [STEP 151]   3/20 injected
[INFO] [STEP 151]   4/20 injected
[INFO] [STEP 151]   5/20 injected
[INFO] [STEP 151]   6/20 injected
/Users/matthewsmawfield/www/Temporal Equivalence Principle/TEP-9/scripts/steps/step_151_injection_transfer.py:218: RuntimeWarning: divide by zero encountered in matmul
  u_eq = (RX.T @ u.T).T
/Users/matthewsmawfield/www/Temporal Equivalence Principle/TEP-9/scripts/steps/step_151_injection_transfer.py:218: RuntimeWarning: overflow encountered in matmul
  u_eq = (RX.T @ u.T).T
/Users/matthewsmawfield/www/Temporal Equivalence Principle/TEP-9/scripts/steps/step_151_injection_transfer.py:218: RuntimeWarning: invalid value encountered in matmul
  u_eq = (RX.T @ u.T).T
/Users/matthewsmawfield/www/Temporal Equivalence Principle/TEP-9/scripts/utils/mpc_refit.py:384: RuntimeWarning: divide by zero encountered in matmul
  u_eq = (RX.T @ u.T).T
/Users/matthewsmawfield/www/Temporal Equivalence Principle/TEP-9/scripts/utils/mpc_refit.py:384: RuntimeWarning: overflow encountered in matmul
  u_eq = (RX.T @ u.T).T
/Users/matthewsmawfield/www/Temporal Equivalence Principle/TEP-9/scripts/utils/mpc_refit.py:384: RuntimeWarning: invalid value encountered in matmul
  u_eq = (RX.T @ u.T).T
[INFO] [STEP 151]   7/20 injected
[INFO] [STEP 151]   8/20 injected
[INFO] [STEP 151]   9/20 injected
[INFO] [STEP 151]   10/20 injected
[INFO] [STEP 151]   11/20 injected
[INFO] [STEP 151]   12/20 injected
[INFO] [STEP 151]   13/20 injected
[INFO] [STEP 151]   14/20 injected
[INFO] [STEP 151]   15/20 injected
[INFO] [STEP 151]   16/20 injected
[INFO] [STEP 151]   17/20 injected
[INFO] [STEP 151]   18/20 injected
[INFO] [STEP 151]   19/20 injected
[INFO] [STEP 151]   20/20 injected
[INFO] [STEP 151] injected cohort: 20 comets
wrote /Users/matthewsmawfield/www/Temporal Equivalence Principle/TEP-9/results/step_b115_injection_transfer.csv
wrote /Users/matthewsmawfield/www/Temporal Equivalence Principle/TEP-9/results/step_b115_injection_transfer.json
wrote /Users/matthewsmawfield/www/Temporal Equivalence Principle/TEP-9/results/figures/step_b115_injection_transfer.png
