[2026-09-19 21:26:36 UTC] [INFO    ] [STEP ???] LOGGER INITIALIZED: audit_post2017_discovery_footprint (Step ???)
[2026-09-19 21:26:36 UTC] [DEBUG   ] [STEP ???] Log file: /Users/matthewsmawfield/www/Temporal Equivalence Principle/TEP-9/logs/audit_post2017_discovery_footprint.log
[2026-09-19 21:26:36 UTC] [DEBUG   ] [STEP ???] Project root: /Users/matthewsmawfield/www/Temporal Equivalence Principle/TEP-9
[2026-09-19 21:26:36 UTC] [INFO    ] [STEP ???] ================================================================================
[2026-09-19 21:26:36 UTC] [INFO    ] [STEP ???] Post-2017 Cometary Discovery Footprint Audit
[2026-09-19 21:26:36 UTC] [INFO    ] [STEP ???] ================================================================================
[2026-09-19 21:26:39 UTC] [INFO    ] [STEP ???] Analyzed discovery coordinates for 265 post-2017 comets
[2026-09-19 21:26:39 UTC] [INFO    ] [STEP ???] Top discovery observatories:
[2026-09-19 21:26:39 UTC] [INFO    ] [STEP ???]   F51 (Pan-STARRS 1, Haleakala): 59 (22.3%)
[2026-09-19 21:26:39 UTC] [INFO    ] [STEP ???]   F52 (Pan-STARRS 2, Haleakala): 44 (16.6%)
[2026-09-19 21:26:39 UTC] [INFO    ] [STEP ???]   G96 (Mount Lemmon Survey): 34 (12.8%)
[2026-09-19 21:26:39 UTC] [INFO    ] [STEP ???]   I41 (Zwicky Transient Facility, Palomar): 28 (10.6%)
[2026-09-19 21:26:39 UTC] [INFO    ] [STEP ???]   W84 (Other): 18 (6.8%)
[2026-09-19 21:26:39 UTC] [INFO    ] [STEP ???]   T05 (ATLAS-HKO, Haleakala): 13 (4.9%)
[2026-09-19 21:26:39 UTC] [INFO    ] [STEP ???]   W68 (ATLAS-El Sauce, Chile): 13 (4.9%)
[2026-09-19 21:26:39 UTC] [INFO    ] [STEP ???]   703 (Catalina Sky Survey, Tucson): 11 (4.2%)
[2026-09-19 21:26:39 UTC] [INFO    ] [STEP ???]   T08 (ATLAS-MLO, Mauna Loa): 9 (3.4%)
[2026-09-19 21:26:39 UTC] [INFO    ] [STEP ???]   C51 (WISE/NEOWISE): 4 (1.5%)
[2026-09-19 21:26:39 UTC] [INFO    ] [STEP ???] Discovery longitude resultant R = 0.022, mean direction = 328.0 deg (Rayleigh p = 8.763e-01)
[2026-09-19 21:26:39 UTC] [INFO    ] [STEP ???] Separation between mean discovery direction and Displaced Axis (120 deg): 152.0 deg
[2026-09-19 21:26:40 UTC] [INFO    ] [STEP ???] Saved figure to /Users/matthewsmawfield/www/Temporal Equivalence Principle/TEP-9/results/figures/audit_post2017_discovery_footprint.png
[2026-09-19 21:26:40 UTC] [INFO    ] [STEP ???] Wrote audit results to /Users/matthewsmawfield/www/Temporal Equivalence Principle/TEP-9/results/audits/audit_post2017_discovery_footprint.json
