[2026-09-19 21:26:00 UTC] [INFO    ] [STEP 035] LOGGER INITIALIZED: step_035_consolidation (Step 035)
[2026-09-19 21:26:00 UTC] [DEBUG   ] [STEP 035] Log file: /Users/matthewsmawfield/www/Temporal Equivalence Principle/TEP-9/logs/step_035_consolidation.log
[2026-09-19 21:26:00 UTC] [DEBUG   ] [STEP 035] Project root: /Users/matthewsmawfield/www/Temporal Equivalence Principle/TEP-9
[2026-09-19 21:26:00 UTC] [INFO    ] [STEP 035] ================================================================================
[2026-09-19 21:26:00 UTC] [INFO    ] [STEP 035] Confirmation consolidation
[2026-09-19 21:26:00 UTC] [INFO    ] [STEP 035] ================================================================================
{
 "n_co": 54,
 "n_shallow_control": 77,
 "S1_cap_sensitivity": {
  "30": {
   "n_in": 6,
   "med_in": 0.2346522313585619,
   "med_out": 0.14914055410230004,
   "p": 0.04278200878803384
  },
  "40": {
   "n_in": 10,
   "med_in": 0.1942168968818031,
   "med_out": 0.14914055410230004,
   "p": 0.07234315222154672
  },
  "50": {
   "n_in": 15,
   "med_in": 0.20976384763320013,
   "med_out": 0.13216591174484943,
   "p": 0.013847185797260134
  },
  "60": {
   "n_in": 19,
   "med_in": 0.21202382273464052,
   "med_out": 0.13074542444885423,
   "p": 0.0029505468290258216
  },
  "75": {
   "n_in": 30,
   "med_in": 0.1692245531108859,
   "med_out": 0.11625007921602537,
   "p": 0.0072267365731937885
  },
  "90": {
   "n_in": 38,
   "med_in": 0.1526196107893638,
   "med_out": 0.1299466404110496,
   "p": 0.20495924949272976
  }
 },
 "S2_ng_need_60": {
  "in_cap_ng/tot": [
   7,
   12
  ],
  "out_cap_ng/tot": [
   19,
   16
  ],
  "odds_ratio": 0.49122807017543857,
  "p_2sided": 0.26352418645035086
 },
 "S3_elements": {
  "dOm": {
   "med_in": 0.07200000000000273,
   "med_out": 0.10699999999999932,
   "p": 0.9250949281391838
  },
  "dw": {
   "med_in": 0.16899999999998272,
   "med_out": 0.10200000000000387,
   "p": 0.022180849722165587
  },
  "di": {
   "med_in": 0.03300000000000125,
   "med_out": 0.03900000000000148,
   "p": 0.9171246028081381
  },
  "de": {
   "med_in": 0.0006592999999999183,
   "med_out": 0.0005479999999999929,
   "p": 0.6811606187827668
  }
 },
 "S4_era": {
  "pre2006": {
   "n": 30,
   "n_in": 13,
   "med_in": 0.21202382273464052,
   "med_out": 0.13216591174484943,
   "p": 0.009546810013844718
  },
  "post2006": {
   "n": 24,
   "n_in": 6,
   "med_in": 0.2346522313585619,
   "med_out": 0.12047743304811682,
   "p": 0.09967606763945436
  }
 },
 "S5_anticap": {
  "n_in_anticap": 6,
  "n": 54,
  "frac": 0.1111111111111111,
  "expect_iso": 0.24999999999999994
 },
 "S6_shallow_control": {
  "n": 77,
  "n_in": 24,
  "med_in": 0.07495453998271223,
  "med_out": 0.0764981426097584,
  "p": 0.15713932436348765
 },
 "S8_all_class": {
  "code_only": {
   "n": 72,
   "n_in": 22,
   "med_in": 0.21456327673585165,
   "med_out": 0.13456884637667485,
   "p": 0.011307450343765539
  },
  "all_matched": {
   "n": 113,
   "n_in": 35,
   "med_in": 0.17497852084903143,
   "med_out": 0.13611289218469458,
   "p": 0.03661121712978318
  }
 },
 "S7_combined": {
  "inputs": {
   "warsaw_d_so_fullarc": 0.008864300328535015,
   "code_only_d_of": 0.0029505468290258216
  },
  "fisher_chi2": 21.10297605551786,
  "dof": 4,
  "p_combined": 0.000302123777430509,
  "note": "conservative: Warsaw discovery + CODE-only confirmation are independent samples; CODE-internal secondary stats not added"
 }
}
wrote /Users/matthewsmawfield/www/Temporal Equivalence Principle/TEP-9/results/step_12_consolidate.json
