[2026-09-19 21:43:09 UTC] [INFO    ] [STEP 136] LOGGER INITIALIZED: step_136_solar_wind_screening (Step 136)
[2026-09-19 21:43:09 UTC] [DEBUG   ] [STEP 136] Log file: /Users/matthewsmawfield/www/Temporal Equivalence Principle/TEP-9/logs/step_136_solar_wind_screening.log
[2026-09-19 21:43:09 UTC] [DEBUG   ] [STEP 136] Project root: /Users/matthewsmawfield/www/Temporal Equivalence Principle/TEP-9
[2026-09-19 21:43:09 UTC] [INFO    ] [STEP 136] ================================================================================
[2026-09-19 21:43:09 UTC] [INFO    ] [STEP 136] Solar-wind screening-epoch test
[2026-09-19 21:43:09 UTC] [INFO    ] [STEP 136] ================================================================================
[2026-09-19 21:43:10 UTC] [INFO    ] [STEP 136] OMNI cache present: omni_m_daily.dat
[2026-09-19 21:43:10 UTC] [INFO    ] [STEP 136] OMNI monthly P_dyn: 721 months, (1963, 11) to (2026, 9)
[2026-09-19 21:43:10 UTC] [INFO    ] [STEP 136] T1 pooled residual ~ P_dyn
[2026-09-19 21:43:10 UTC] [INFO    ] [STEP 136]   pooled n=797: rho=+0.011 p=0.748; apex-band n=67: rho=-0.246 p=0.0452
[2026-09-19 21:43:10 UTC] [INFO    ] [STEP 136] T2 within-era decomposition (era-proxy control)
[2026-09-19 21:43:10 UTC] [INFO    ] [STEP 136]   pre2018: apex-band n=49 rho=-0.223 p=0.124; pooled rho=+0.038 p=0.371
[2026-09-19 21:43:10 UTC] [INFO    ] [STEP 136]   post2017: apex-band n=18 rho=-0.030 p=0.906; pooled rho=-0.050 p=0.449
[2026-09-19 21:43:10 UTC] [INFO    ] [STEP 136] T3 era P_dyn contrast (the confound)
[2026-09-19 21:43:10 UTC] [INFO    ] [STEP 136]   pre 1.82 vs post 1.66 nPa, MWU p=0.000216
[2026-09-19 21:43:10 UTC] [INFO    ] [STEP 136] T4 regime-split axis test (median P_dyn split)
[2026-09-19 21:43:10 UTC] [INFO    ] [STEP 136]   high-P_dyn regime: n=398, bipolar dipole b=-0.022 dex
[2026-09-19 21:43:10 UTC] [INFO    ] [STEP 136]   low-P_dyn regime: n=399, bipolar dipole b=+0.048 dex
[2026-09-19 21:43:10 UTC] [INFO    ] [STEP 136] verdict: SCREENING NOT SUPPORTED: pooled correlation is an era-proxy artefact; within-era coupling is flat
[2026-09-19 21:43:10 UTC] [INFO    ] [STEP 136] wrote results/step_b100_solar_wind_screening.json
[2026-09-19 21:43:10 UTC] [INFO    ] [STEP 136] wrote results/figures/step_b100_solar_wind_screening.png
