[2026-09-19 21:33:39 UTC] [INFO    ] [STEP 101] LOGGER INITIALIZED: step_101_iso_ng_channel (Step 101)
[2026-09-19 21:33:39 UTC] [DEBUG   ] [STEP 101] Log file: /Users/matthewsmawfield/www/Temporal Equivalence Principle/TEP-9/logs/step_101_iso_ng_channel.log
[2026-09-19 21:33:39 UTC] [DEBUG   ] [STEP 101] Project root: /Users/matthewsmawfield/www/Temporal Equivalence Principle/TEP-9
[2026-09-19 21:33:39 UTC] [INFO    ] [STEP 101] ================================================================================
[2026-09-19 21:33:39 UTC] [INFO    ] [STEP 101] Interstellar-object non-gravitational channel
[2026-09-19 21:33:39 UTC] [INFO    ] [STEP 101] ================================================================================
[2026-09-19 21:33:39 UTC] [INFO    ] [STEP 101] METRIC: comet_contrast_dA_over_A = 1.161e-02
[2026-09-19 21:33:39 UTC] [INFO    ] [STEP 101]   → GET https://ssd-api.jpl.nasa.gov/sbdb.api?des=1I&full-prec=true
[2026-09-19 21:33:40 UTC] [INFO    ] [STEP 101] Saving data: sbdb_iso_1I.json
[2026-09-19 21:33:40 UTC] [DEBUG   ] [STEP 101]   Full path: /Users/matthewsmawfield/www/Temporal Equivalence Principle/TEP-9/data/raw/iso/sbdb_iso_1I.json
[2026-09-19 21:33:40 UTC] [INFO    ] [STEP 101] METRIC: 1I'Oumuamua = arr lobe(284.59,56.86) dep lobe(8.44,23.4) vol=unexplained A1=2.79e-07 f(1au)=9.43e-04
[2026-09-19 21:33:40 UTC] [INFO    ] [STEP 101]   → GET https://ssd-api.jpl.nasa.gov/sbdb.api?des=2I&full-prec=true
[2026-09-19 21:33:41 UTC] [INFO    ] [STEP 101] Saving data: sbdb_iso_2I.json
[2026-09-19 21:33:41 UTC] [DEBUG   ] [STEP 101]   Full path: /Users/matthewsmawfield/www/Temporal Equivalence Principle/TEP-9/data/raw/iso/sbdb_iso_2I.json
[2026-09-19 21:33:41 UTC] [INFO    ] [STEP 101] METRIC: 2IBorisov = arr edge(54.34,42.89) dep edge(273.81,-28.62) vol=explained A1=4.86e-08 f(1au)=1.64e-04
[2026-09-19 21:33:41 UTC] [INFO    ] [STEP 101]   → GET https://ssd-api.jpl.nasa.gov/sbdb.api?des=3I&full-prec=true
[2026-09-19 21:33:42 UTC] [INFO    ] [STEP 101] Saving data: sbdb_iso_3I.json
[2026-09-19 21:33:42 UTC] [DEBUG   ] [STEP 101]   Full path: /Users/matthewsmawfield/www/Temporal Equivalence Principle/TEP-9/data/raw/iso/sbdb_iso_3I.json
[2026-09-19 21:33:42 UTC] [INFO    ] [STEP 101] METRIC: 3IATLAS = arr edge(293.61,2.34) dep lobe(94.88,-3.59) vol=explained A1=5.32e-08 f(1au)=1.80e-04
[2026-09-19 21:33:42 UTC] [INFO    ] [STEP 101] METRIC: T1_concordance = True p_exch=0.333
[2026-09-19 21:33:42 UTC] [INFO    ] [STEP 101] METRIC: T2_1I_frac_1au = 9.43e-04 vs comet 1.2e-02 (x0.08)
[2026-09-19 21:33:42 UTC] [INFO    ] [STEP 101] METRIC: T3_1I_A2_over_A1 = 0.052 DT=None
[2026-09-19 21:33:42 UTC] [INFO    ] [STEP 101] METRIC: T3_2I_A2_over_A1 = 0.387 DT=-65.13009704907404
[2026-09-19 21:33:42 UTC] [INFO    ] [STEP 101] METRIC: T3_3I_A2_over_A1 = 0.216 DT=9.47881547776126
[2026-09-19 21:33:42 UTC] [INFO    ] [STEP 101] METRIC: T4_borisov_bound = 1.64e-04 70.7x below comet contrast
[2026-09-19 21:33:42 UTC] [INFO    ] [STEP 101] METRIC: T6_atlas_reclass = concordance broken: an unexplained member without a bipolar double-lobe transit status=explained soln=2026-02-19 09:10:47
[2026-09-19 21:33:43 UTC] [INFO    ] [STEP 101] Saving data: step_b65_iso_ng_channel.png
[2026-09-19 21:33:43 UTC] [DEBUG   ] [STEP 101]   Full path: /Users/matthewsmawfield/www/Temporal Equivalence Principle/TEP-9/results/figures/step_b65_iso_ng_channel.png
[2026-09-19 21:33:43 UTC] [INFO    ] [STEP 101] Saving data: step_b65_iso_ng_channel.csv
[2026-09-19 21:33:43 UTC] [DEBUG   ] [STEP 101]   Full path: /Users/matthewsmawfield/www/Temporal Equivalence Principle/TEP-9/results/step_b65_iso_ng_channel.csv
[2026-09-19 21:33:43 UTC] [INFO    ] [STEP 101] Saving data: provenance.json
[2026-09-19 21:33:43 UTC] [DEBUG   ] [STEP 101]   Full path: /Users/matthewsmawfield/www/Temporal Equivalence Principle/TEP-9/data/raw/iso/provenance.json
[2026-09-19 21:33:43 UTC] [INFO    ] [STEP 101] Saving data: step_b65_iso_ng_channel.json
[2026-09-19 21:33:43 UTC] [DEBUG   ] [STEP 101]   Full path: /Users/matthewsmawfield/www/Temporal Equivalence Principle/TEP-9/results/step_b65_iso_ng_channel.json
[2026-09-19 21:33:43 UTC] [INFO    ] [STEP 101] ✓ ISO non-gravitational channel complete
