[2026-09-19 22:16:49 UTC] [INFO    ] [STEP 011] LOGGER INITIALIZED: step_011_discriminators (Step 011)
[2026-09-19 22:16:49 UTC] [DEBUG   ] [STEP 011] Log file: /Users/matthewsmawfield/www/Temporal Equivalence Principle/TEP-9/logs/step_011_discriminators.log
[2026-09-19 22:16:49 UTC] [DEBUG   ] [STEP 011] Project root: /Users/matthewsmawfield/www/Temporal Equivalence Principle/TEP-9
[2026-09-19 22:16:49 UTC] [INFO    ] [STEP 011] ================================================================================
[2026-09-19 22:16:49 UTC] [INFO    ] [STEP 011] Field-wall vs point-mass discriminators
[2026-09-19 22:16:49 UTC] [INFO    ] [STEP 011] ================================================================================
D1 om     R=0.3265 null=0.1330 p=8.70e-03
D1 w      R=0.3476 null=0.1339 p=4.90e-03
D1 varpi  R=0.3316 null=0.1341 p=7.35e-03
D1 phat   R=0.3355 null=0.1363 p=5.20e-03
D1 nhat   R=0.9440 null=0.9395 p=1.17e-02
D2 mixture: mu=41.0 deg, kappa=2.93, f=0.43
D3 align vs a      rho=+0.033 p=0.833
D3 align vs q      rho=-0.002 p=0.990
D3 align vs ad     rho=+0.029 p=0.852
D3 align vs i      rho=+0.025 p=0.874
D3 align vs log_a  rho=+0.033 p=0.833
   AUC(a)=0.453  (n_aligned=26, n_not=18)
   AUC(q)=0.590  (n_aligned=26, n_not=18)
   AUC(ad)=0.449  (n_aligned=26, n_not=18)
D4 resonances: best a9=1500 AU, z=0.00, global p=0.940
D5 max gap in varpi: 37 deg between [213.9, 251.1], p=0.740
D6 Centaurs a>30: N=6 R=0.228 p=0.733
D6 comets q>=5: N=268 R=0.193 p=3.1e-07
   COM: N=61 R=0.241 p=4.9e-03 -> (267.9,41.1)
   CTc: N=22 R=0.28 p=7.5e-02 -> (64.1,10.6)
   HTC: N=4 R=0.572 p=1.4e-01 -> (161.3,-39.8)
   HYP: N=115 R=0.185 p=2.8e-03 -> (200.5,48.2)
   JFc: N=65 R=0.445 p=4.2e-09 -> (219.3,1.4)
D7 m=1 R=0.332 z=4.84 p=7.42e-03 dir=49
D7 m=2 R=0.239 z=2.51 p=8.13e-02 dir=32
D7 m=3 R=0.065 z=0.18 p=8.33e-01 dir=55

wrote results/step_03_discriminators.json, figures/step_03_discriminators.png
