[2026-09-21 15:18:52 UTC] [INFO    ] [STEP 148] LOGGER INITIALIZED: step_148_pws_anchored_sclk (Step 148)
[2026-09-21 15:18:52 UTC] [DEBUG   ] [STEP 148] Log file: /Users/matthewsmawfield/www/Temporal Equivalence Principle/TEP-9/logs/step_148_pws_anchored_sclk.log
[2026-09-21 15:18:52 UTC] [DEBUG   ] [STEP 148] Project root: /Users/matthewsmawfield/www/Temporal Equivalence Principle/TEP-9
[2026-09-21 15:18:52 UTC] [DEBUG   ] [STEP 148] Start time (UTC): 2026-09-21T15:18:52.253504+00:00
[2026-09-21 15:18:52 UTC] [INFO    ] [STEP 148] 
[2026-09-21 15:18:52 UTC] [INFO    ] [STEP 148] STEP PURPOSE
[2026-09-21 15:18:52 UTC] [INFO    ] [STEP 148] --------------------------------------------------------------------------------
[2026-09-21 15:18:52 UTC] [INFO    ] [STEP 148]   Step 148: PWS-anchored SCLK epoch-lock test (step_b112).
[2026-09-21 15:18:52 UTC] [INFO    ] [STEP 148]   Step 141 found negative signed-oscillator steps in the 3-yr windows
[2026-09-21 15:18:52 UTC] [INFO    ] [STEP 148]   centred on the four canonical boundary crossings (joint negative-tail
[2026-09-21 15:18:52 UTC] [INFO    ] [STEP 148]   Fisher p ~ 0.0024).  The sharpening question is whether the clock
[2026-09-21 15:18:52 UTC] [INFO    ] [STEP 148]   steps are *locked to the wall*: does the strongest negative step near
[2026-09-21 15:18:52 UTC] [INFO    ] [STEP 148]   each crossing sit at the crossing epoch rather than anywhere in the
[2026-09-21 15:18:52 UTC] [INFO    ] [STEP 148]   window?  This step prices the epoch alignment directly.
[2026-09-21 15:18:52 UTC] [INFO    ] [STEP 148]   T1  Epoch lock at the canonical crossings: within +/-2 yr of each of
[2026-09-21 15:18:52 UTC] [INFO    ] [STEP 148]   V1 TS/HP and V2 TS/HP, scan the windowed signed-step statistic
[2026-09-21 15:18:52 UTC] [INFO    ] [STEP 148]   (w = 3 yr, as step 141, detrended) and take the strongest
[2026-09-21 15:18:52 UTC] [INFO    ] [STEP 148]   negative changepoint; the statistic is its offset from the
[2026-09-21 15:18:52 UTC] [INFO    ] [STEP 148]   canonical crossing epoch.  The null places the same window at
[2026-09-21 15:18:52 UTC] [INFO    ] [STEP 148]   random target epochs over each record and measures the same
[2026-09-21 15:18:52 UTC] [INFO    ] [STEP 148]   best-offset -- pricing "how close to target does the strongest
[2026-09-21 15:18:52 UTC] [INFO    ] [STEP 148]   nearby step typically land".
[2026-09-21 15:18:52 UTC] [INFO    ] [STEP 148]   T2  Joint lock statistic: Fisher combination of the four per-crossing
[2026-09-21 15:18:52 UTC] [INFO    ] [STEP 148]   offset tail fractions.
[2026-09-21 15:18:52 UTC] [INFO    ] [STEP 148]   T3  Plasma-event coincidence (V1 only): the PWS VLISM density series
[2026-09-21 15:18:52 UTC] [INFO    ] [STEP 148]   carries its own measured step epochs (step_097 top events).
[2026-09-21 15:18:52 UTC] [INFO    ] [STEP 148]   Distance from each PWS step to the nearest strong negative SCLK
[2026-09-21 15:18:52 UTC] [INFO    ] [STEP 148]   changepoint, against the same distance for randomly placed
[2026-09-21 15:18:52 UTC] [INFO    ] [STEP 148]   epoch sets -- testing whether clock events and plasma events
[2026-09-21 15:18:52 UTC] [INFO    ] [STEP 148]   share epochs in the VLISM record.
[2026-09-21 15:18:52 UTC] [INFO    ] [STEP 148]   T4  Caveat ledger: cadence gaps near crossings and kernel
[2026-09-21 15:18:52 UTC] [INFO    ] [STEP 148]   segmentation remain the standing confounds; the channel
[2026-09-21 15:18:52 UTC] [INFO    ] [STEP 148]   registers the epoch evidence alongside them.
[2026-09-21 15:18:52 UTC] [INFO    ] [STEP 148]   Outputs: results/step_b112_pws_anchored_sclk.json/.csv and
[2026-09-21 15:18:52 UTC] [INFO    ] [STEP 148]   results/figures/supplementary/step_b112_pws_anchored_sclk.png.
[2026-09-21 15:18:52 UTC] [INFO    ] [STEP 148] --------------------------------------------------------------------------------
[2026-09-21 15:18:52 UTC] [INFO    ] [STEP 148] EXECUTION ENVIRONMENT: python 3.13.5 | macOS-26.5.1 | numpy 2.1.3 | scipy 1.14.1 | pandas 2.2.3 | astropy 7.1.1 | rebound 5.1.1 | matplotlib 3.9.2 | cpus 15
[2026-09-21 15:18:52 UTC] [INFO    ] [STEP 148] SCRIPT: scripts/steps/step_148_pws_anchored_sclk.py
[2026-09-21 15:18:52 UTC] [INFO    ] [STEP 148] SCRIPT SHA256: d7439c427f75d91ffaa6631add42e630d906ad0ac0c11e2b6f1bb423f4a28a45
[2026-09-21 15:18:52 UTC] [INFO    ] [STEP 148] SCRIPT SIZE: 11588 bytes
[2026-09-21 15:18:52 UTC] [INFO    ] [STEP 148] ================================================================================
[2026-09-21 15:18:52 UTC] [INFO    ] [STEP 148] PWS-anchored SCLK epoch-lock test
[2026-09-21 15:18:52 UTC] [INFO    ] [STEP 148] ================================================================================
[2026-09-21 15:18:53 UTC] [INFO    ] [STEP 148] VG1 TS: strongest neg step -3.15 ppm at offset 1.30 yr (tail 0.4773)
[2026-09-21 15:18:54 UTC] [INFO    ] [STEP 148] VG1 HP: strongest neg step -1.57 ppm at offset 0.20 yr (tail 0.0700)
[2026-09-21 15:18:55 UTC] [INFO    ] [STEP 148] VG2 TS: strongest neg step -4.42 ppm at offset 0.80 yr (tail 0.2894)
[2026-09-21 15:18:55 UTC] [INFO    ] [STEP 148] VG2 HP: strongest neg step -3.42 ppm at offset 0.40 yr (tail 0.1479)
[2026-09-21 15:18:55 UTC] [INFO    ] [STEP 148] T2 joint epoch-lock Fisher p = 0.1084
[2026-09-21 15:18:56 UTC] [INFO    ] [STEP 148] T3: PWS steps mean 9.95 yr from nearest negative SCLK changepoint (null 9.57, p=0.6267)
[2026-09-21 15:18:56 UTC] [INFO    ] [STEP 148] verdict: EPOCH-LOCK NOT ESTABLISHED: strongest negative steps near the four crossings land at offsets [1.2999999999969987, 0.1999999999979991, 0.8000000000010914, 0.3999999999978172] yr from the canonical epochs (joint Fisher p=0.1084); V1 PWS plasma steps sit 9.95 yr from the nearest strong negative SCLK changepoints (p=0.6267). The step amplitude evidence (step 141) and the epoch evidence (this step) are registered separately; kernel segmentation remains the standing caveat.
[2026-09-21 15:18:56 UTC] [INFO    ] [STEP 148] Saving data: step_b112_pws_anchored_sclk.json
[2026-09-21 15:18:56 UTC] [DEBUG   ] [STEP 148]   Full path: /Users/matthewsmawfield/www/Temporal Equivalence Principle/TEP-9/results/step_b112_pws_anchored_sclk.json
[2026-09-21 15:18:56 UTC] [INFO    ] [STEP 148]   Output: step_b112_pws_anchored_sclk.json
[2026-09-21 15:18:56 UTC] [INFO    ] [STEP 148] Saving data: step_b112_pws_anchored_sclk.csv
[2026-09-21 15:18:56 UTC] [DEBUG   ] [STEP 148]   Full path: /Users/matthewsmawfield/www/Temporal Equivalence Principle/TEP-9/results/step_b112_pws_anchored_sclk.csv
[2026-09-21 15:18:56 UTC] [INFO    ] [STEP 148]   Output: step_b112_pws_anchored_sclk.csv
[2026-09-21 15:18:56 UTC] [INFO    ] [STEP 148] Saving data: step_b112_pws_anchored_sclk.png
[2026-09-21 15:18:56 UTC] [DEBUG   ] [STEP 148]   Full path: /Users/matthewsmawfield/www/Temporal Equivalence Principle/TEP-9/results/figures/supplementary/step_b112_pws_anchored_sclk.png
[2026-09-21 15:18:56 UTC] [INFO    ] [STEP 148]   Output: step_b112_pws_anchored_sclk.png
[2026-09-21 15:18:56 UTC] [INFO    ] [STEP 148] TEST SUMMARY:
[2026-09-21 15:18:56 UTC] [INFO    ] [STEP 148] {
[2026-09-21 15:18:56 UTC] [INFO    ] [STEP 148]  "joint_epoch_lock_fisher_p": 0.10841517606528857,
[2026-09-21 15:18:56 UTC] [INFO    ] [STEP 148]  "per_crossing_offsets_yr": {
[2026-09-21 15:18:56 UTC] [INFO    ] [STEP 148]   "VG1_TS": 1.2999999999969987,
[2026-09-21 15:18:56 UTC] [INFO    ] [STEP 148]   "VG1_HP": 0.1999999999979991,
[2026-09-21 15:18:56 UTC] [INFO    ] [STEP 148]   "VG2_TS": 0.8000000000010914,
[2026-09-21 15:18:56 UTC] [INFO    ] [STEP 148]   "VG2_HP": 0.3999999999978172
[2026-09-21 15:18:56 UTC] [INFO    ] [STEP 148]  },
[2026-09-21 15:18:56 UTC] [INFO    ] [STEP 148]  "per_crossing_tails": {
[2026-09-21 15:18:56 UTC] [INFO    ] [STEP 148]   "VG1_TS": 0.47726136931534235,
[2026-09-21 15:18:56 UTC] [INFO    ] [STEP 148]   "VG1_HP": 0.06996501749125437,
[2026-09-21 15:18:56 UTC] [INFO    ] [STEP 148]   "VG2_TS": 0.2893553223388306,
[2026-09-21 15:18:56 UTC] [INFO    ] [STEP 148]   "VG2_HP": 0.14792603698150925
[2026-09-21 15:18:56 UTC] [INFO    ] [STEP 148]  },
[2026-09-21 15:18:56 UTC] [INFO    ] [STEP 148]  "pws_coincidence_p": 0.6266866566716641
[2026-09-21 15:18:56 UTC] [INFO    ] [STEP 148] }
[2026-09-21 15:18:56 UTC] [INFO    ] [STEP 148] VERDICT: EPOCH-LOCK NOT ESTABLISHED: strongest negative steps near the four crossings land at offsets [1.2999999999969987, 0.1999999999979991, 0.8000000000010914, 0.3999999999978172] yr from the canonical epochs (joint Fisher p=0.1084); V1 PWS plasma steps sit 9.95 yr from the nearest strong negative SCLK changepoints (p=0.6267). The step amplitude evidence (step 141) and the epoch evidence (this step) are registered separately; kernel segmentation remains the standing caveat.
[2026-09-21 15:18:56 UTC] [INFO    ] [STEP 148] 
[2026-09-21 15:18:56 UTC] [INFO    ] [STEP 148] ================================================================================
[2026-09-21 15:18:56 UTC] [INFO    ] [STEP 148] STEP SUMMARY: step_148_pws_anchored_sclk
[2026-09-21 15:18:56 UTC] [INFO    ] [STEP 148] ================================================================================
[2026-09-21 15:18:56 UTC] [INFO    ] [STEP 148] Step Number: 148
[2026-09-21 15:18:56 UTC] [INFO    ] [STEP 148] Status: SUCCESS
[2026-09-21 15:18:56 UTC] [INFO    ] [STEP 148] Duration: 3.91s
[2026-09-21 15:18:56 UTC] [INFO    ] [STEP 148] Log Records Emitted: 84
[2026-09-21 15:18:56 UTC] [INFO    ] [STEP 148] Output Files: 3
[2026-09-21 15:18:56 UTC] [INFO    ] [STEP 148] Log file: /Users/matthewsmawfield/www/Temporal Equivalence Principle/TEP-9/logs/step_148_pws_anchored_sclk.log
[2026-09-21 15:18:56 UTC] [INFO    ] [STEP 148] 
[2026-09-21 15:18:56 UTC] [INFO    ] [STEP 148] Generated 3 output file(s):
[2026-09-21 15:18:56 UTC] [INFO    ] [STEP 148]   • step_b112_pws_anchored_sclk.json: 2.69 KB [sha256 4d7ba81b1acc7ffa]
[2026-09-21 15:18:56 UTC] [INFO    ] [STEP 148]   • step_b112_pws_anchored_sclk.csv: 0.34 KB [sha256 2b071ef5884ed516]
[2026-09-21 15:18:56 UTC] [INFO    ] [STEP 148]   • step_b112_pws_anchored_sclk.png: 157.50 KB [sha256 7fcee727383fcfb5]
[2026-09-21 15:18:56 UTC] [INFO    ] [STEP 148] 
[2026-09-21 15:18:56 UTC] [INFO    ] [STEP 148]   RESULT SNAPSHOT [step_b112_pws_anchored_sclk.json]:
[2026-09-21 15:18:56 UTC] [INFO    ] [STEP 148]     test_summary:
[2026-09-21 15:18:56 UTC] [INFO    ] [STEP 148]       joint_epoch_lock_fisher_p = 0.10841518
[2026-09-21 15:18:56 UTC] [INFO    ] [STEP 148]       pws_coincidence_p = 0.62668666
[2026-09-21 15:18:56 UTC] [INFO    ] [STEP 148]     test_summary.per_crossing_offsets_yr:
[2026-09-21 15:18:56 UTC] [INFO    ] [STEP 148]       VG1_TS = 1.3
[2026-09-21 15:18:56 UTC] [INFO    ] [STEP 148]       VG1_HP = 0.2
[2026-09-21 15:18:56 UTC] [INFO    ] [STEP 148]       VG2_TS = 0.8
[2026-09-21 15:18:56 UTC] [INFO    ] [STEP 148]       VG2_HP = 0.4
[2026-09-21 15:18:56 UTC] [INFO    ] [STEP 148]     test_summary.per_crossing_tails:
[2026-09-21 15:18:56 UTC] [INFO    ] [STEP 148]       VG1_TS = 0.47726137
[2026-09-21 15:18:56 UTC] [INFO    ] [STEP 148]       VG1_HP = 0.069965017
[2026-09-21 15:18:56 UTC] [INFO    ] [STEP 148]       VG2_TS = 0.28935532
[2026-09-21 15:18:56 UTC] [INFO    ] [STEP 148]       VG2_HP = 0.14792604
[2026-09-21 15:18:56 UTC] [INFO    ] [STEP 148]     T1_epoch_lock.VG1_TS:
[2026-09-21 15:18:56 UTC] [INFO    ] [STEP 148]       crossing_epoch = 2004.96
[2026-09-21 15:18:56 UTC] [INFO    ] [STEP 148]       radius_au = 94
[2026-09-21 15:18:56 UTC] [INFO    ] [STEP 148]       best_neg_step_ppm = -3.1491471
[2026-09-21 15:18:56 UTC] [INFO    ] [STEP 148]       offset_from_crossing_yr = 1.3
[2026-09-21 15:18:56 UTC] [INFO    ] [STEP 148]       offset_tail_frac = 0.47726137
[2026-09-21 15:18:56 UTC] [INFO    ] [STEP 148]     T1_epoch_lock.VG1_HP:
[2026-09-21 15:18:56 UTC] [INFO    ] [STEP 148]       crossing_epoch = 2012.65
[2026-09-21 15:18:56 UTC] [INFO    ] [STEP 148]       radius_au = 121.6
[2026-09-21 15:18:56 UTC] [INFO    ] [STEP 148]       best_neg_step_ppm = -1.5662111
[2026-09-21 15:18:56 UTC] [INFO    ] [STEP 148]       offset_from_crossing_yr = 0.2
[2026-09-21 15:18:56 UTC] [INFO    ] [STEP 148]       offset_tail_frac = 0.069965017
[2026-09-21 15:18:56 UTC] [INFO    ] [STEP 148]     T1_epoch_lock.VG2_TS:
[2026-09-21 15:18:56 UTC] [INFO    ] [STEP 148]       crossing_epoch = 2007.66
[2026-09-21 15:18:56 UTC] [INFO    ] [STEP 148]       radius_au = 84
[2026-09-21 15:18:56 UTC] [INFO    ] [STEP 148]       best_neg_step_ppm = -4.4197126
[2026-09-21 15:18:56 UTC] [INFO    ] [STEP 148]       offset_from_crossing_yr = 0.8
[2026-09-21 15:18:56 UTC] [INFO    ] [STEP 148]       offset_tail_frac = 0.28935532
[2026-09-21 15:18:56 UTC] [INFO    ] [STEP 148]     T1_epoch_lock.VG2_HP:
[2026-09-21 15:18:56 UTC] [INFO    ] [STEP 148]       crossing_epoch = 2018.9
[2026-09-21 15:18:56 UTC] [INFO    ] [STEP 148]       radius_au = 119
[2026-09-21 15:18:56 UTC] [INFO    ] [STEP 148]       best_neg_step_ppm = -3.4224449
[2026-09-21 15:18:56 UTC] [INFO    ] [STEP 148]       offset_from_crossing_yr = 0.4
[2026-09-21 15:18:56 UTC] [INFO    ] [STEP 148]       offset_tail_frac = 0.14792604
[2026-09-21 15:18:56 UTC] [INFO    ] [STEP 148]     T2_joint:
[2026-09-21 15:18:56 UTC] [INFO    ] [STEP 148]       fisher_p = 0.10841518
[2026-09-21 15:18:56 UTC] [INFO    ] [STEP 148]     T2_joint.tail_fracs [n=4]: median=0.21864068 min=0.069965017 max=0.47726137
[2026-09-21 15:18:56 UTC] [INFO    ] [STEP 148]     T3_pws_coincidence:
[2026-09-21 15:18:56 UTC] [INFO    ] [STEP 148]       n_top_steps_raw = 8
[2026-09-21 15:18:56 UTC] [INFO    ] [STEP 148]       n_strong_neg_changepoints = 2
[2026-09-21 15:18:56 UTC] [INFO    ] [STEP 148]       mean_dist_yr = 9.9464499
[2026-09-21 15:18:56 UTC] [INFO    ] [STEP 148]       null_mean_dist_yr = 9.565898
[2026-09-21 15:18:56 UTC] [INFO    ] [STEP 148]       p_closer_than_random = 0.62668666
[2026-09-21 15:18:56 UTC] [INFO    ] [STEP 148]       direction = anticoincident
[2026-09-21 15:18:56 UTC] [INFO    ] [STEP 148]       note = p is the fraction of random-changepoint null draws at least as close as observed; p~0 m...
[2026-09-21 15:18:56 UTC] [INFO    ] [STEP 148]     T3_pws_coincidence.pws_step_epochs [n=4]: median=2016.125 min=2012.875 max=2020.375
[2026-09-21 15:18:56 UTC] [INFO    ] [STEP 148]     T3_pws_coincidence.per_step_dist_yr [n=4]: median=9.6964499 min=6.4464499 max=13.94645
[2026-09-21 15:18:56 UTC] [INFO    ] [STEP 148] ================================================================================
[2026-09-21 15:18:56 UTC] [INFO    ] [STEP 148] STEP 148 COMPLETE: SUCCESS
[2026-09-21 15:18:56 UTC] [INFO    ] [STEP 148] Provenance data saved to /Users/matthewsmawfield/www/Temporal Equivalence Principle/TEP-9/results/provenance/step_148_pws_anchored_sclk_provenance.json
[2026-09-21 15:18:56 UTC] [INFO    ] [STEP 148] 
[2026-09-21 15:18:56 UTC] [INFO    ] [STEP 148] ================================================================================
[2026-09-21 15:18:56 UTC] [INFO    ] [STEP 148] EXECUTIVE SUMMARY
[2026-09-21 15:18:56 UTC] [INFO    ] [STEP 148] ================================================================================
[2026-09-21 15:18:56 UTC] [INFO    ] [STEP 148] Step: step_148_pws_anchored_sclk (Step 148)
[2026-09-21 15:18:56 UTC] [INFO    ] [STEP 148] Status: SUCCESS
[2026-09-21 15:18:56 UTC] [INFO    ] [STEP 148] Duration: 3.91s
[2026-09-21 15:18:56 UTC] [INFO    ] [STEP 148] Log Records: 147
[2026-09-21 15:18:56 UTC] [INFO    ] [STEP 148] Output Files: 3
[2026-09-21 15:18:56 UTC] [INFO    ] [STEP 148] Key Outputs:
[2026-09-21 15:18:56 UTC] [INFO    ] [STEP 148]   - step_b112_pws_anchored_sclk.json (2.69 KB)
[2026-09-21 15:18:56 UTC] [INFO    ] [STEP 148]   - step_b112_pws_anchored_sclk.csv (0.34 KB)
[2026-09-21 15:18:56 UTC] [INFO    ] [STEP 148]   - step_b112_pws_anchored_sclk.png (157.50 KB)
[2026-09-21 15:18:56 UTC] [INFO    ] [STEP 148] ================================================================================
