[2026-09-19 19:40:46 UTC] [INFO    ] [STEP 074] LOGGER INITIALIZED: step_074_loco_joint (Step 074)
[2026-09-19 19:40:46 UTC] [DEBUG   ] [STEP 074] Log file: /Users/matthewsmawfield/www/Temporal Equivalence Principle/TEP-9/logs/step_074_loco_joint.log
[2026-09-19 19:40:46 UTC] [DEBUG   ] [STEP 074] Project root: /Users/matthewsmawfield/www/Temporal Equivalence Principle/TEP-9
[2026-09-19 19:40:46 UTC] [INFO    ] [STEP 074] ================================================================================
[2026-09-19 19:40:46 UTC] [INFO    ] [STEP 074] Leave-one-channel-out joint axis test
[2026-09-19 19:40:46 UTC] [INFO    ] [STEP 074] ================================================================================
[2026-09-19 19:40:47 UTC] [INFO    ] [STEP 074] comets 229, TNOs 44
[2026-09-19 19:40:48 UTC] [INFO    ] [STEP 074]   5000/20000 axes
[2026-09-19 19:40:48 UTC] [INFO    ] [STEP 074]   10000/20000 axes
[2026-09-19 19:40:48 UTC] [INFO    ] [STEP 074]   15000/20000 axes
[2026-09-19 19:40:49 UTC] [INFO    ] [STEP 074]   20000/20000 axes
[2026-09-19 19:40:49 UTC] [INFO    ] [STEP 074] tno_axis_49m17 drop rotation_slip    S=  97.69 p=0.00250 (S drop +9.48)
[2026-09-19 19:40:49 UTC] [INFO    ] [STEP 074] tno_axis_49m17 drop aphelion_dipole  S=  77.42 p=0.00200 (S drop +29.75)
[2026-09-19 19:40:49 UTC] [INFO    ] [STEP 074] tno_axis_49m17 drop warsaw_inbound   S=  96.70 p=0.00240 (S drop +10.47)
[2026-09-19 19:40:49 UTC] [INFO    ] [STEP 074] tno_axis_49m17 drop tno_aphelion     S=  87.66 p=0.00260 (S drop +19.51)
[2026-09-19 19:40:49 UTC] [INFO    ] [STEP 074] tno_axis_49m17 drop tno_varpi        S=  69.20 p=0.00220 (S drop +37.97)
[2026-09-19 19:40:49 UTC] [INFO    ] [STEP 074] comet_axis_34m13 drop rotation_slip    S=  94.35 p=0.01440 (S drop +10.52)
[2026-09-19 19:40:49 UTC] [INFO    ] [STEP 074] comet_axis_34m13 drop aphelion_dipole  S=  75.96 p=0.00550 (S drop +28.91)
[2026-09-19 19:40:49 UTC] [INFO    ] [STEP 074] comet_axis_34m13 drop warsaw_inbound   S=  95.17 p=0.00600 (S drop +9.70)
[2026-09-19 19:40:49 UTC] [INFO    ] [STEP 074] comet_axis_34m13 drop tno_aphelion     S=  86.53 p=0.00780 (S drop +18.34)
[2026-09-19 19:40:49 UTC] [INFO    ] [STEP 074] comet_axis_34m13 drop tno_varpi        S=  67.47 p=0.00715 (S drop +37.40)
wrote /Users/matthewsmawfield/www/Temporal Equivalence Principle/TEP-9/results/step_b39_loco_joint.json
wrote /Users/matthewsmawfield/www/Temporal Equivalence Principle/TEP-9/results/figures/step_b39_loco_joint.png
