[2026-09-19 21:26:57 UTC] [INFO    ] [STEP 040] LOGGER INITIALIZED: step_040_planetary_baseline (Step 040)
[2026-09-19 21:26:57 UTC] [DEBUG   ] [STEP 040] Log file: /Users/matthewsmawfield/www/Temporal Equivalence Principle/TEP-9/logs/step_040_planetary_baseline.log
[2026-09-19 21:26:57 UTC] [DEBUG   ] [STEP 040] Project root: /Users/matthewsmawfield/www/Temporal Equivalence Principle/TEP-9
[2026-09-19 21:26:57 UTC] [INFO    ] [STEP 040] ================================================================================
[2026-09-19 21:26:57 UTC] [INFO    ] [STEP 040] Planetary baseline residual
[2026-09-19 21:26:57 UTC] [INFO    ] [STEP 040] ================================================================================
{
 "n_all_c1": 131,
 "matched": {
  "n": 54,
  "n_in": 19,
  "jproxy_p_2s": 0.5993838607503066,
  "q_p_2s": 0.6120331415229909,
  "i_p_2s": 0.7171527174670546,
  "spearman_dof_jproxy": {
   "rho": -0.46796264532113585,
   "p": 0.00035941416184120966
  },
  "residual_cap": {
   "med_in": 0.4628196835225298,
   "med_out": -0.005367781942145822,
   "p": 0.0017713485609765034
  },
  "residual_continuous": {
   "rho": -0.38852677720602247,
   "p_2sided": 0.0036928063380426367
  }
 },
 "all_c1": {
  "n": 131,
  "n_in": 43,
  "jproxy_p_2s": 0.6085070733676994,
  "q_p_2s": 0.8695737761661341,
  "i_p_2s": 0.0686215392059113,
  "spearman_dof_jproxy": {
   "rho": -0.4244701863022474,
   "p": 4.3551245372592795e-07
  },
  "residual_cap": {
   "med_in": 0.3105235550126364,
   "med_out": 0.011942002398417584,
   "p": 0.003589045485510702
  },
  "residual_continuous": {
   "rho": -0.2801153045427855,
   "p_2sided": 0.0011933478053119753
  }
 }
}
wrote /Users/matthewsmawfield/www/Temporal Equivalence Principle/TEP-9/results/step_17_planetary_baseline.json
