[2026-09-19 21:37:46 UTC] [INFO    ] [STEP 122] LOGGER INITIALIZED: step_122_pre2018_localization (Step 122)
[2026-09-19 21:37:46 UTC] [DEBUG   ] [STEP 122] Log file: /Users/matthewsmawfield/www/Temporal Equivalence Principle/TEP-9/logs/step_122_pre2018_localization.log
[2026-09-19 21:37:46 UTC] [DEBUG   ] [STEP 122] Project root: /Users/matthewsmawfield/www/Temporal Equivalence Principle/TEP-9
[2026-09-19 21:37:47 UTC] [INFO    ] [STEP 122] ================================================================================
[2026-09-19 21:37:47 UTC] [INFO    ] [STEP 122] Anomaly localization: pre-2018 declared-axis term
[2026-09-19 21:37:47 UTC] [INFO    ] [STEP 122] ================================================================================
[2026-09-19 21:37:47 UTC] [INFO    ] [STEP 122] pre-2018 cohort: 738 comets with boundary legs
[2026-09-19 21:37:47 UTC] [INFO    ] [STEP 122] CODE-overlap n=288, non-overlap n=450
[2026-09-19 21:37:47 UTC] [INFO    ] [STEP 122] T1 overlap: med +0.008 (MWU p=0.2479); non-overlap: med -0.013 (MWU p=0.5743)
[2026-09-19 21:37:47 UTC] [INFO    ] [STEP 122] T1 membership x cap interaction k=+0.024 p=0.6577
[2026-09-19 21:37:47 UTC] [INFO    ] [STEP 122] T2 overlap cap<45: med +0.011 (MWU p=0.2671)
[2026-09-19 21:37:47 UTC] [INFO    ] [STEP 122] T2 overlap cap<60: med +0.008 (MWU p=0.2479)
[2026-09-19 21:37:47 UTC] [INFO    ] [STEP 122] T2 overlap cap<75: med +0.008 (MWU p=0.3062)
[2026-09-19 21:37:47 UTC] [INFO    ] [STEP 122] T2 overlap at anti_axis: med -0.067 (MWU p=0.7582)
[2026-09-19 21:37:47 UTC] [INFO    ] [STEP 122] T2 overlap at post2017_displaced: med +0.014 (MWU p=0.7926)
[2026-09-19 21:37:47 UTC] [INFO    ] [STEP 122] T3 pre_1990 overlap (n=70): med +0.089 (MWU p=0.3726)
[2026-09-19 21:37:47 UTC] [INFO    ] [STEP 122] T3 pre_1990 non_overlap (n=185): med -0.027 (MWU p=0.5049)
[2026-09-19 21:37:47 UTC] [INFO    ] [STEP 122] T3 y1990_2009 overlap (n=114): med -0.082 (MWU p=0.5224)
[2026-09-19 21:37:47 UTC] [INFO    ] [STEP 122] T3 y1990_2009 non_overlap (n=156): med -0.011 (MWU p=0.4876)
[2026-09-19 21:37:47 UTC] [INFO    ] [STEP 122] T3 y2010_2017 overlap (n=104): med +0.050 (MWU p=0.1149)
[2026-09-19 21:37:47 UTC] [INFO    ] [STEP 122] T3 y2010_2017 non_overlap (n=109): med -0.044 (MWU p=0.6753)
[2026-09-19 21:37:47 UTC] [INFO    ] [STEP 122] T4 non-overlap pre-1990: med -0.027, mean +0.019, trim10 +0.005, winsor95 +0.020, top-5 share 0.29
[2026-09-19 21:37:47 UTC] [INFO    ] [STEP 122] T5 non-overlap q_lt_3p1 (n=350): med -0.029 (MWU p=0.7935)
[2026-09-19 21:37:47 UTC] [INFO    ] [STEP 122] T5 non-overlap q_lt_3p1_bound (n=237): med -0.034 (MWU p=0.7450)
[2026-09-19 21:37:47 UTC] [INFO    ] [STEP 122] T5 non-overlap q_lt_3p1_span_arc (n=254): med -0.031 (MWU p=0.8470)
[2026-09-19 21:37:47 UTC] [INFO    ] [STEP 122] T5 non-overlap arc_gt_365_nobs_gt_300 (n=89): med +0.046 (MWU p=0.1819)
[2026-09-19 21:37:47 UTC] [INFO    ] [STEP 122] T5 non-overlap post_1990_only (n=265): med -0.023 (MWU p=0.6186)
[2026-09-19 21:37:47 UTC] [INFO    ] [STEP 122] T5 non-overlap q_lt_3p1_post_1990 (n=172): med -0.080 (MWU p=0.8947)
