[2026-09-19 21:29:47 UTC] [INFO    ] [STEP 059] LOGGER INITIALIZED: step_059_axis_consistency (Step 059)
[2026-09-19 21:29:47 UTC] [DEBUG   ] [STEP 059] Log file: /Users/matthewsmawfield/www/Temporal Equivalence Principle/TEP-9/logs/step_059_axis_consistency.log
[2026-09-19 21:29:47 UTC] [DEBUG   ] [STEP 059] Project root: /Users/matthewsmawfield/www/Temporal Equivalence Principle/TEP-9
[2026-09-19 21:29:47 UTC] [INFO    ] [STEP 059] ================================================================================
[2026-09-19 21:29:47 UTC] [INFO    ] [STEP 059] Axis-consistency test
[2026-09-19 21:29:47 UTC] [INFO    ] [STEP 059] ================================================================================
CODE-only matched: 54
  tno_detached_50_-17        cap p=0.0304 rho=-0.310 p=0.0225
  tno_extreme_34_-13         cap p=0.0030 rho=-0.314 p=0.0206
  code_recovered_10_-20      cap p=0.0025 rho=-0.293 p=0.0318
  anti_detached              cap p=0.9686 rho=+0.310 p=0.0225
  anti_extreme               cap p=0.9156 rho=+0.314 p=0.0206
  ism_inflow                 cap p=0.9487 rho=+0.191 p=0.1655
  gal_pole                   cap p=0.5267 rho=+0.208 p=0.1314
  ecl_pole                   cap p=0.2810 rho=-0.038 p=0.7858
  W tno_detached_50_-17        cap p=0.5148 rho=+0.016
  W tno_extreme_34_-13         cap p=0.5309 rho=+0.033
  W anti_extreme               cap p=0.5711 rho=-0.033
  W gal_pole                   cap p=0.8885 rho=+0.061
wrote results/step_b24_axis_consistency.json, figures/step_b24_axis_consistency.png
