[2026-09-19 21:36:15 UTC] [INFO    ] [STEP 115] LOGGER INITIALIZED: step_115_mixture_posterior (Step 115)
[2026-09-19 21:36:15 UTC] [DEBUG   ] [STEP 115] Log file: /Users/matthewsmawfield/www/Temporal Equivalence Principle/TEP-9/logs/step_115_mixture_posterior.log
[2026-09-19 21:36:15 UTC] [DEBUG   ] [STEP 115] Project root: /Users/matthewsmawfield/www/Temporal Equivalence Principle/TEP-9
[2026-09-19 21:36:15 UTC] [INFO    ] [STEP 115] ================================================================================
[2026-09-19 21:36:15 UTC] [INFO    ] [STEP 115] Mixture posterior-predictive audit
[2026-09-19 21:36:15 UTC] [INFO    ] [STEP 115] ================================================================================
[2026-09-19 21:36:16 UTC] [INFO    ] [STEP 115] mixture parameters: f=0.431, sigma_int=34.4 deg, coupling sigma_c=50.0 deg, axis=49.0 deg, cap=60.0 deg
[2026-09-19 21:36:16 UTC] [INFO    ] [STEP 115] --------------------------------------------------------------------------------
[2026-09-19 21:36:16 UTC] [INFO    ] [STEP 115] Per-cohort scoring
[2026-09-19 21:36:16 UTC] [INFO    ] [STEP 115] --------------------------------------------------------------------------------
[2026-09-19 21:36:16 UTC] [INFO    ] [STEP 115] SBDB   n= 44 k=26 (0.591) | E[H0]=18.4 E[H1]=25.5 | P(k|H0)=0.00332 P(k|H1)=0.148 BF=44.6
[2026-09-19 21:36:16 UTC] [INFO    ] [STEP 115] SBDB-prv n= 46 k= 7 (0.152) | E[H0]=8.3 E[H1]=13.5 | P(k|H0)=0.161 P(k|H1)=0.00449 BF=0.028
[2026-09-19 21:36:16 UTC] [INFO    ] [STEP 115] 2025+  n= 21 k= 2 (0.095) | E[H0]=2.4 E[H1]=4.5 | P(k|H0)=0.313 P(k|H1)=0.0871 BF=0.278
[2026-09-19 21:36:16 UTC] [INFO    ] [STEP 115] DES    n= 16 k=13 (0.812) | E[H0]=8.8 E[H1]=12.1 | P(k|H0)=0.02 P(k|H1)=0.214 BF=10.7
[2026-09-19 21:36:16 UTC] [INFO    ] [STEP 115] OSSOS  n= 31 k=13 (0.419) | E[H0]=12.4 E[H1]=15.5 | P(k|H0)=0.203 P(k|H1)=0.0751 BF=0.37
[2026-09-19 21:36:16 UTC] [INFO    ] [STEP 115] era 2000-05 n=  8 k= 4 (0.500) | E[H0]=3.0 E[H1]=4.1 | P(k|H0)=0.24 P(k|H1)=0.377 BF=1.57
[2026-09-19 21:36:16 UTC] [INFO    ] [STEP 115] era 2000-05 [sec] n=  8 k= 4 (0.500) | E[H0]=3.0 E[H1]=4.1 | P(k|H0)=0.24 P(k|H1)=0.377 BF=1.57
[2026-09-19 21:36:16 UTC] [INFO    ] [STEP 115] era 2006-10 n=  4 k= 3 (0.750) | E[H0]=2.2 E[H1]=2.7 | P(k|H0)=0.394 P(k|H1)=0.635 BF=1.61
[2026-09-19 21:36:16 UTC] [INFO    ] [STEP 115] era 2006-10 [sec] n=  3 k= 3 (1.000) | E[H0]=2.2 E[H1]=2.6 | P(k|H0)=0.392 P(k|H1)=0.669 BF=1.71
[2026-09-19 21:36:16 UTC] [INFO    ] [STEP 115] era 2006-10 [prv] n=  1 k= 0 (0.000) | E[H0]=0.0 E[H1]=0.1 | P(k|H0)=0.962 P(k|H1)=0.909 BF=0.945
[2026-09-19 21:36:16 UTC] [INFO    ] [STEP 115] era 2011-15 n= 35 k=18 (0.514) | E[H0]=12.8 E[H1]=18.2 | P(k|H0)=0.0163 P(k|H1)=0.169 BF=10.4
[2026-09-19 21:36:16 UTC] [INFO    ] [STEP 115] era 2011-15 [sec] n= 22 k=14 (0.636) | E[H0]=9.7 E[H1]=13.4 | P(k|H0)=0.0197 P(k|H1)=0.202 BF=10.2
[2026-09-19 21:36:16 UTC] [INFO    ] [STEP 115] era 2011-15 [prv] n= 13 k= 4 (0.308) | E[H0]=3.2 E[H1]=4.8 | P(k|H0)=0.245 P(k|H1)=0.248 BF=1.01
[2026-09-19 21:36:16 UTC] [INFO    ] [STEP 115] era 2016-19 n= 15 k= 6 (0.400) | E[H0]=5.4 E[H1]=8.0 | P(k|H0)=0.222 P(k|H1)=0.114 BF=0.515
[2026-09-19 21:36:16 UTC] [INFO    ] [STEP 115] era 2016-19 [sec] n=  8 k= 5 (0.625) | E[H0]=3.0 E[H1]=4.6 | P(k|H0)=0.091 P(k|H1)=0.292 BF=3.21
[2026-09-19 21:36:16 UTC] [INFO    ] [STEP 115] era 2016-19 [prv] n=  7 k= 1 (0.143) | E[H0]=2.4 E[H1]=3.4 | P(k|H0)=0.158 P(k|H1)=0.0256 BF=0.162
[2026-09-19 21:36:16 UTC] [INFO    ] [STEP 115] era 2020-22 n=  5 k= 0 (0.000) | E[H0]=0.8 E[H1]=1.3 | P(k|H0)=0.389 P(k|H1)=0.145 BF=0.373
[2026-09-19 21:36:16 UTC] [INFO    ] [STEP 115] era 2020-22 [sec] n=  1 k= 0 (0.000) | E[H0]=0.5 E[H1]=0.7 | P(k|H0)=0.536 P(k|H1)=0.307 BF=0.573
[2026-09-19 21:36:16 UTC] [INFO    ] [STEP 115] era 2020-22 [prv] n=  4 k= 0 (0.000) | E[H0]=0.3 E[H1]=0.6 | P(k|H0)=0.726 P(k|H1)=0.473 BF=0.652
[2026-09-19 21:36:16 UTC] [INFO    ] [STEP 115] era 2023-24 n=  2 k= 0 (0.000) | E[H0]=0.1 E[H1]=0.2 | P(k|H0)=0.915 P(k|H1)=0.8 BF=0.875
[2026-09-19 21:36:16 UTC] [INFO    ] [STEP 115] era 2023-24 [sec] n=  2 k= 0 (0.000) | E[H0]=0.1 E[H1]=0.2 | P(k|H0)=0.915 P(k|H1)=0.8 BF=0.875
[2026-09-19 21:36:16 UTC] [INFO    ] [STEP 115] era 2025+ n= 21 k= 2 (0.095) | E[H0]=2.4 E[H1]=4.5 | P(k|H0)=0.313 P(k|H1)=0.0871 BF=0.278
[2026-09-19 21:36:16 UTC] [INFO    ] [STEP 115] era 2025+ [prv] n= 21 k= 2 (0.095) | E[H0]=2.4 E[H1]=4.5 | P(k|H0)=0.313 P(k|H1)=0.0871 BF=0.278
[2026-09-19 21:36:16 UTC] [INFO    ] [STEP 115] noise-convolved SBDB-prv: k=7 E[H0n]=8.94 E[H1n]=14.56 BF=0.0194
[2026-09-19 21:36:16 UTC] [INFO    ] [STEP 115] noise-convolved 2025+: k=2 E[H0n]=2.82 E[H1n]=5.23 BF=0.181
[2026-09-19 21:36:16 UTC] [INFO    ] [STEP 115] noise-convolved era 2006-10 [prv]: k=0 E[H0n]=0.06 E[H1n]=0.13 BF=0.918
[2026-09-19 21:36:16 UTC] [INFO    ] [STEP 115] noise-convolved era 2011-15 [prv]: k=4 E[H0n]=3.27 E[H1n]=4.98 BF=0.906
[2026-09-19 21:36:16 UTC] [INFO    ] [STEP 115] noise-convolved era 2016-19 [prv]: k=1 E[H0n]=2.41 E[H1n]=3.43 BF=0.213
[2026-09-19 21:36:16 UTC] [INFO    ] [STEP 115] noise-convolved era 2020-22 [prv]: k=0 E[H0n]=0.38 E[H1n]=0.78 BF=0.6
[2026-09-19 21:36:16 UTC] [INFO    ] [STEP 115] noise-convolved era 2025+ [prv]: k=2 E[H0n]=2.82 E[H1n]=5.23 BF=0.181
[2026-09-19 21:36:16 UTC] [INFO    ] [STEP 115] provisional residual width sigma_eff=56.2 deg -> extra varpi scatter sigma_e=25.6 deg
[2026-09-19 21:36:16 UTC] [INFO    ] [STEP 115] union(sec) n= 76 k=39 | E[H0]=31.3 E[H1]=41.7 | BF=9.72
[2026-09-19 21:36:16 UTC] [INFO    ] [STEP 115] union(all) n= 97 k=41 | E[H0]=33.7 E[H1]=46.2 | BF=2.63
[2026-09-19 21:36:19 UTC] [INFO    ] [STEP 115] sensitivity SBDB: BF range [1.532, 58.659], fraction favouring mixture 1.0
[2026-09-19 21:36:19 UTC] [INFO    ] [STEP 115] sensitivity SBDB-prv: BF range [0.0, 0.532], fraction favouring mixture 0.0
[2026-09-19 21:36:19 UTC] [INFO    ] [STEP 115] sensitivity 2025+: BF range [0.0, 0.969], fraction favouring mixture 0.0
[2026-09-19 21:36:19 UTC] [INFO    ] [STEP 115] sensitivity DES: BF range [3.891, 28.064], fraction favouring mixture 1.0
[2026-09-19 21:36:19 UTC] [INFO    ] [STEP 115] sensitivity OSSOS: BF range [0.005, 1.226], fraction favouring mixture 0.028
[2026-09-19 21:36:19 UTC] [INFO    ] [STEP 115] sensitivity era 2000-05: BF range [0.649, 1.639], fraction favouring mixture 0.944
[2026-09-19 21:36:19 UTC] [INFO    ] [STEP 115] sensitivity era 2000-05 [sec]: BF range [0.649, 1.639], fraction favouring mixture 0.944
[2026-09-19 21:36:19 UTC] [INFO    ] [STEP 115] sensitivity era 2006-10: BF range [1.211, 2.184], fraction favouring mixture 1.0
[2026-09-19 21:36:19 UTC] [INFO    ] [STEP 115] sensitivity era 2006-10 [sec]: BF range [1.222, 3.217], fraction favouring mixture 1.0
[2026-09-19 21:36:19 UTC] [INFO    ] [STEP 115] sensitivity era 2006-10 [prv]: BF range [0.659, 0.991], fraction favouring mixture 0.0
[2026-09-19 21:36:19 UTC] [INFO    ] [STEP 115] sensitivity era 2011-15: BF range [0.154, 14.185], fraction favouring mixture 0.944
[2026-09-19 21:36:19 UTC] [INFO    ] [STEP 115] sensitivity era 2011-15 [sec]: BF range [3.524, 13.585], fraction favouring mixture 1.0
[2026-09-19 21:36:19 UTC] [INFO    ] [STEP 115] sensitivity era 2011-15 [prv]: BF range [0.043, 1.485], fraction favouring mixture 0.417
[2026-09-19 21:36:19 UTC] [INFO    ] [STEP 115] sensitivity era 2016-19: BF range [0.01, 1.074], fraction favouring mixture 0.028
[2026-09-19 21:36:19 UTC] [INFO    ] [STEP 115] sensitivity era 2016-19 [sec]: BF range [1.721, 4.432], fraction favouring mixture 1.0
[2026-09-19 21:36:19 UTC] [INFO    ] [STEP 115] sensitivity era 2016-19 [prv]: BF range [0.006, 0.472], fraction favouring mixture 0.0
[2026-09-19 21:36:19 UTC] [INFO    ] [STEP 115] sensitivity era 2020-22: BF range [0.033, 0.696], fraction favouring mixture 0.0
[2026-09-19 21:36:19 UTC] [INFO    ] [STEP 115] sensitivity era 2020-22 [sec]: BF range [0.275, 0.783], fraction favouring mixture 0.0
[2026-09-19 21:36:19 UTC] [INFO    ] [STEP 115] sensitivity era 2020-22 [prv]: BF range [0.121, 0.889], fraction favouring mixture 0.0
[2026-09-19 21:36:19 UTC] [INFO    ] [STEP 115] sensitivity era 2023-24: BF range [0.418, 0.974], fraction favouring mixture 0.0
[2026-09-19 21:36:19 UTC] [INFO    ] [STEP 115] sensitivity era 2023-24 [sec]: BF range [0.418, 0.974], fraction favouring mixture 0.0
[2026-09-19 21:36:19 UTC] [INFO    ] [STEP 115] sensitivity era 2025+: BF range [0.0, 0.969], fraction favouring mixture 0.0
[2026-09-19 21:36:19 UTC] [INFO    ] [STEP 115] sensitivity era 2025+ [prv]: BF range [0.0, 0.969], fraction favouring mixture 0.0
wrote /Users/matthewsmawfield/www/Temporal Equivalence Principle/TEP-9/results/step_b79_mixture_posterior.json
wrote /Users/matthewsmawfield/www/Temporal Equivalence Principle/TEP-9/results/step_b79_mixture_posterior.csv
wrote /Users/matthewsmawfield/www/Temporal Equivalence Principle/TEP-9/results/figures/step_b79_mixture_posterior.png
