[2026-09-19 21:37:51 UTC] [INFO    ] [STEP 124] LOGGER INITIALIZED: step_124_lineage_aphelion (Step 124)
[2026-09-19 21:37:51 UTC] [DEBUG   ] [STEP 124] Log file: /Users/matthewsmawfield/www/Temporal Equivalence Principle/TEP-9/logs/step_124_lineage_aphelion.log
[2026-09-19 21:37:51 UTC] [DEBUG   ] [STEP 124] Project root: /Users/matthewsmawfield/www/Temporal Equivalence Principle/TEP-9
[2026-09-19 21:37:51 UTC] [INFO    ] [STEP 124] ================================================================================
[2026-09-19 21:37:51 UTC] [INFO    ] [STEP 124] Lineage-independent aphelion dipole (SBDB eras)
[2026-09-19 21:37:51 UTC] [INFO    ] [STEP 124] ================================================================================
[2026-09-19 21:37:52 UTC] [INFO    ] [STEP 124] SBDB comet table: 4077 rows
[2026-09-19 21:37:52 UTC] [INFO    ] [STEP 124] parsed 3138 C/ comets with finite elements
[2026-09-19 21:37:52 UTC] [INFO    ] [STEP 124] near-parabolic cohorts: post-2017 n=287, pre-2018 n=880
[2026-09-19 21:37:59 UTC] [INFO    ] [STEP 124] METRIC: dipole[SBDB post-2017] = n=287 d(cap34)=+0.0949 p=0.00215 d(det50)=+0.0904 d(displ)=+0.0373
[2026-09-19 21:38:14 UTC] [INFO    ] [STEP 124] METRIC: dipole[SBDB pre-2018] = n=880 d(cap34)=+0.1101 p=5e-05 d(det50)=+0.1242 d(displ)=+0.1098
[2026-09-19 21:38:21 UTC] [INFO    ] [STEP 124] METRIC: dipole[post2017 q<3.1] = n=148 d(cap34)=+0.0637 p=0.0838 d(det50)=+0.0638 d(displ)=+0.0534
[2026-09-19 21:38:37 UTC] [INFO    ] [STEP 124] METRIC: dipole[pre2018 q<3.1] = n=627 d(cap34)=+0.1127 p=5e-05 d(det50)=+0.1243 d(displ)=+0.1028
[2026-09-19 21:38:44 UTC] [INFO    ] [STEP 124] METRIC: stratum[post2017:bound_e_lt_1] = n=172 d_par=+0.1028 p=0.0075
[2026-09-19 21:38:44 UTC] [INFO    ] [STEP 124] METRIC: stratum[post2017:hyperbolic_e_ge_1] = n=115 d_par=+0.0830 p=0.0521
[2026-09-19 21:38:44 UTC] [INFO    ] [STEP 124] METRIC: stratum[post2017:arc_lt_365d] = n=119 d_par=+0.0907 p=0.036
[2026-09-19 21:38:44 UTC] [INFO    ] [STEP 124] METRIC: stratum[post2017:arc_ge_365d] = n=168 d_par=+0.0979 p=0.0114
[2026-09-19 21:38:44 UTC] [INFO    ] [STEP 124] METRIC: stratum[post2017:nobs_lt_300] = n=128 d_par=+0.0974 p=0.0213
[2026-09-19 21:38:44 UTC] [INFO    ] [STEP 124] METRIC: stratum[post2017:nobs_ge_300] = n=159 d_par=+0.0929 p=0.0174
[2026-09-19 21:38:44 UTC] [INFO    ] [STEP 124] METRIC: stratum[post2017:in_training] = n=30 d_par=+0.1997 p=0.0231
[2026-09-19 21:38:44 UTC] [INFO    ] [STEP 124] METRIC: stratum[post2017:not_in_training] = n=257 d_par=+0.0827 p=0.00845
[2026-09-19 21:38:58 UTC] [INFO    ] [STEP 124] METRIC: stratum[pre2018:bound_e_lt_1] = n=466 d_par=+0.1089 p=5e-05
[2026-09-19 21:38:58 UTC] [INFO    ] [STEP 124] METRIC: stratum[pre2018:hyperbolic_e_ge_1] = n=414 d_par=+0.1115 p=5e-05
[2026-09-19 21:38:58 UTC] [INFO    ] [STEP 124] METRIC: stratum[pre2018:arc_lt_365d] = n=514 d_par=+0.1112 p=5e-05
[2026-09-19 21:38:58 UTC] [INFO    ] [STEP 124] METRIC: stratum[pre2018:arc_ge_365d] = n=366 d_par=+0.1087 p=0.0002
[2026-09-19 21:38:58 UTC] [INFO    ] [STEP 124] METRIC: stratum[pre2018:nobs_lt_300] = n=588 d_par=+0.1005 p=0.0001
[2026-09-19 21:38:58 UTC] [INFO    ] [STEP 124] METRIC: stratum[pre2018:nobs_ge_300] = n=292 d_par=+0.1295 p=5e-05
[2026-09-19 21:38:58 UTC] [INFO    ] [STEP 124] METRIC: stratum[pre2018:span_arc] = n=300 d_par=+0.1030 p=0.00075
[2026-09-19 21:38:58 UTC] [INFO    ] [STEP 124] METRIC: stratum[pre2018:one_sided_arc] = n=185 d_par=+0.1286 p=0.00065
[2026-09-19 21:38:58 UTC] [INFO    ] [STEP 124] METRIC: stratum[pre2018:in_training] = n=187 d_par=+0.1647 p=5e-05
[2026-09-19 21:38:58 UTC] [INFO    ] [STEP 124] METRIC: stratum[pre2018:not_in_training] = n=693 d_par=+0.0954 p=5e-05
[2026-09-19 21:39:06 UTC] [INFO    ] [STEP 124] METRIC: free_dipole[post2017] = (20.2,-42.2) R=0.111 sep_cap=32 sep_displ=70
[2026-09-19 21:39:06 UTC] [INFO    ] [STEP 124] METRIC: free_dipole[pre2018] = (60.3,-49.2) R=0.149 sep_cap=42 sep_displ=42
[2026-09-19 21:39:06 UTC] [INFO    ] [STEP 124] METRIC: era_fisher = X2=32.09 p=1.83e-06
[2026-09-19 21:39:07 UTC] [INFO    ] [STEP 124] Saving data: step_b88_lineage_aphelion.png
[2026-09-19 21:39:07 UTC] [DEBUG   ] [STEP 124]   Full path: /Users/matthewsmawfield/www/Temporal Equivalence Principle/TEP-9/results/figures/step_b88_lineage_aphelion.png
[2026-09-19 21:39:07 UTC] [INFO    ] [STEP 124] Saving data: step_b88_lineage_aphelion.json
[2026-09-19 21:39:07 UTC] [DEBUG   ] [STEP 124]   Full path: /Users/matthewsmawfield/www/Temporal Equivalence Principle/TEP-9/results/step_b88_lineage_aphelion.json
[2026-09-19 21:39:07 UTC] [INFO    ] [STEP 124] Saving data: step_b88_lineage_aphelion.csv
[2026-09-19 21:39:07 UTC] [DEBUG   ] [STEP 124]   Full path: /Users/matthewsmawfield/www/Temporal Equivalence Principle/TEP-9/results/step_b88_lineage_aphelion.csv
[2026-09-19 21:39:07 UTC] [INFO    ] [STEP 124] verdict: On the reconstruction-free aphelion channel, the post-2017 SBDB holdout cohort (n=287) leans toward the cap axis at d_par=+0.095 (tide-aware p=0.00215) and toward the detached-TNO axis at +0.090 (p=0.00295); the pre-2018 cohort (n=880) leans at +0.110 (p=5e-05) / +0.124 (p=5e-05).  Combined era Fisher p=1.83e-06.  This channel uses published osculating elements only -- no three-leg reconstruction -- so it adjudicates whether the spatial anomaly lives in the discovered population or only in the Poznan-lineage fit record.
[2026-09-19 21:39:07 UTC] [INFO    ] [STEP 124] lineage aphelion dipole complete
