[2026-09-19 21:36:11 UTC] [INFO    ] [STEP 112] LOGGER INITIALIZED: step_112_ossos_ensemble (Step 112)
[2026-09-19 21:36:11 UTC] [DEBUG   ] [STEP 112] Log file: /Users/matthewsmawfield/www/Temporal Equivalence Principle/TEP-9/logs/step_112_ossos_ensemble.log
[2026-09-19 21:36:11 UTC] [DEBUG   ] [STEP 112] Project root: /Users/matthewsmawfield/www/Temporal Equivalence Principle/TEP-9
[2026-09-19 21:36:11 UTC] [INFO    ] [STEP 112] ================================================================================
[2026-09-19 21:36:11 UTC] [INFO    ] [STEP 112] OSSOS characterized-ensemble audit
[2026-09-19 21:36:11 UTC] [INFO    ] [STEP 112] ================================================================================
[2026-09-19 21:36:13 UTC] [INFO    ] [STEP 112] --------------------------------------------------------------------------------
[2026-09-19 21:36:13 UTC] [INFO    ] [STEP 112] Loading OSSOS t3char ensemble
[2026-09-19 21:36:13 UTC] [INFO    ] [STEP 112] --------------------------------------------------------------------------------
[2026-09-19 21:36:13 UTC] [INFO    ] [STEP 112] OSSOS characterized objects: 840
[2026-09-19 21:36:13 UTC] [INFO    ] [STEP 112] uncertainty rows parsed from t3char.dat: 840
[2026-09-19 21:36:14 UTC] [INFO    ] [STEP 112] parsed: 840
[2026-09-19 21:36:14 UTC] [INFO    ] [STEP 112] --------------------------------------------------------------------------------
[2026-09-19 21:36:14 UTC] [INFO    ] [STEP 112] Per-class coupling diagnostic and selectivity profile
[2026-09-19 21:36:14 UTC] [INFO    ] [STEP 112] --------------------------------------------------------------------------------
[2026-09-19 21:36:14 UTC] [INFO    ] [STEP 112] det: n=31 in-cap=13 (0.419) baseline[perihelion-coupled]=0.401 p=0.856 coupling R_d=0.513
[2026-09-19 21:36:14 UTC] [INFO    ] [STEP 112] sca: n=38 in-cap=17 (0.447) baseline[perihelion-coupled]=0.410 p=0.626 coupling R_d=0.541
[2026-09-19 21:36:14 UTC] [INFO    ] [STEP 112] res: n=313 in-cap=125 (0.399) baseline[perihelion-coupled]=0.444 p=0.112 coupling R_d=0.442
[2026-09-19 21:36:14 UTC] [INFO    ] [STEP 112] cla: n=436 in-cap=134 (0.307) baseline[any-phase (uniform)]=0.333 p=0.264 coupling R_d=0.124
[2026-09-19 21:36:14 UTC] [INFO    ] [STEP 112] cen: n=16 in-cap=9 (0.562) baseline[perihelion-coupled]=0.476 p=0.619 coupling R_d=0.540
[2026-09-19 21:36:14 UTC] [INFO    ] [STEP 112] jco: n=5 in-cap=2 (0.400) baseline[perihelion-coupled]=0.386 p=1.000 coupling R_d=0.407
[2026-09-19 21:36:14 UTC] [INFO    ] [STEP 112] --------------------------------------------------------------------------------
[2026-09-19 21:36:14 UTC] [INFO    ] [STEP 112] Detached-cohort audit
[2026-09-19 21:36:14 UTC] [INFO    ] [STEP 112] --------------------------------------------------------------------------------
[2026-09-19 21:36:14 UTC] [INFO    ] [STEP 112] det n=31 in-cap=13 (0.419) vs coupled 0.401 (p=0.856), vs uniform (p=0.342), vs P1 0.59 (p=0.0669)
[2026-09-19 21:36:14 UTC] [INFO    ] [STEP 112] --------------------------------------------------------------------------------
[2026-09-19 21:36:14 UTC] [INFO    ] [STEP 112] Resonant positive control (plutino libration)
[2026-09-19 21:36:14 UTC] [INFO    ] [STEP 112] --------------------------------------------------------------------------------
[2026-09-19 21:36:14 UTC] [INFO    ] [STEP 112] Neptune varpi: mean 44.97 deg (J2000); osculating 64.35 deg (DE440s, 2015; wanders at e~0.01), a=29.98 AU
[2026-09-19 21:36:14 UTC] [INFO    ] [STEP 112] plutinos n=132: median |varpi-varpi_N|=97.7 deg, in TEP cap 49/132 (0.371)
wrote /Users/matthewsmawfield/www/Temporal Equivalence Principle/TEP-9/results/step_b76_ossos_ensemble.json
wrote /Users/matthewsmawfield/www/Temporal Equivalence Principle/TEP-9/results/step_b76_ossos_ensemble.csv
wrote /Users/matthewsmawfield/www/Temporal Equivalence Principle/TEP-9/results/figures/step_b76_ossos_ensemble.png
