[2026-09-21 15:11:34 UTC] [INFO    ] [STEP 103] LOGGER INITIALIZED: step_103_rtg_midlife_control (Step 103)
[2026-09-21 15:11:34 UTC] [DEBUG   ] [STEP 103] Log file: /Users/matthewsmawfield/www/Temporal Equivalence Principle/TEP-9/logs/step_103_rtg_midlife_control.log
[2026-09-21 15:11:34 UTC] [DEBUG   ] [STEP 103] Project root: /Users/matthewsmawfield/www/Temporal Equivalence Principle/TEP-9
[2026-09-21 15:11:34 UTC] [DEBUG   ] [STEP 103] Start time (UTC): 2026-09-21T15:11:34.315558+00:00
[2026-09-21 15:11:34 UTC] [INFO    ] [STEP 103] 
[2026-09-21 15:11:34 UTC] [INFO    ] [STEP 103] STEP PURPOSE
[2026-09-21 15:11:34 UTC] [INFO    ] [STEP 103] --------------------------------------------------------------------------------
[2026-09-21 15:11:34 UTC] [INFO    ] [STEP 103]   Step 103 -- RTG mid-life degradation control.
[2026-09-21 15:11:34 UTC] [INFO    ] [STEP 103]   Step 098 found that Voyager 1's three independent MHW-RTG units
[2026-09-21 15:11:34 UTC] [INFO    ] [STEP 103]   decline coherently across the heliopause window (--0.4 per cent
[2026-09-21 15:11:34 UTC] [INFO    ] [STEP 103]   excess vs the 13-26 yr interior baseline), while Voyager 2's two
[2026-09-21 15:11:34 UTC] [INFO    ] [STEP 103]   surviving units diverge -- and noted the remaining loophole
[2026-09-21 15:11:34 UTC] [INFO    ] [STEP 103]   explicitly: the excursion could be undocumented mid-life MHW
[2026-09-21 15:11:34 UTC] [INFO    ] [STEP 103]   aging, not a field-linked transition.  Three of the five units
[2026-09-21 15:11:34 UTC] [INFO    ] [STEP 103]   share one craft, so unit coherence alone cannot separate a
[2026-09-21 15:11:34 UTC] [INFO    ] [STEP 103]   common-mode aging process from a common-mode field coupling.
[2026-09-21 15:11:34 UTC] [INFO    ] [STEP 103]   This step supplies the missing control without new assumptions:
[2026-09-21 15:11:34 UTC] [INFO    ] [STEP 103]   the telemetry record's own wander defines what undocumented aging
[2026-09-21 15:11:34 UTC] [INFO    ] [STEP 103]   can produce.
[2026-09-21 15:11:34 UTC] [INFO    ] [STEP 103]   T1  Ramp-placebo scan.  The saturating-ramp statistic of step
[2026-09-21 15:11:34 UTC] [INFO    ] [STEP 103]   098 (c0 + A*clip((t-t0)/w, 0, 1) fitted to the mean-unit
[2026-09-21 15:11:34 UTC] [INFO    ] [STEP 103]   excess curve) is evaluated for EVERY onset t0 in 14-40 yr
[2026-09-21 15:11:34 UTC] [INFO    ] [STEP 103]   and width w in {3,5,7,9} yr, not only in the boundary
[2026-09-21 15:11:34 UTC] [INFO    ] [STEP 103]   region.  The crossing-aligned ramp is compared against the
[2026-09-21 15:11:34 UTC] [INFO    ] [STEP 103]   full-record amplitude distribution: if equally deep coherent
[2026-09-21 15:11:34 UTC] [INFO    ] [STEP 103]   ramps occur at placebo epochs, ordinary aging explains the
[2026-09-21 15:11:34 UTC] [INFO    ] [STEP 103]   excursion and the result stays a bound; if the
[2026-09-21 15:11:34 UTC] [INFO    ] [STEP 103]   crossing-window ramp is extreme, the candidate tightens.
[2026-09-21 15:11:34 UTC] [INFO    ] [STEP 103]   T2  All-negative coherence window.  The fraction of grid epochs
[2026-09-21 15:11:34 UTC] [INFO    ] [STEP 103]   on which all three V1 units sit below baseline is computed
[2026-09-21 15:11:34 UTC] [INFO    ] [STEP 103]   on a +-3 yr window centred at the heliopause and on every
[2026-09-21 15:11:34 UTC] [INFO    ] [STEP 103]   equal-length sliding window of the record -- the empirical
[2026-09-21 15:11:34 UTC] [INFO    ] [STEP 103]   null for three-unit sign coherence.
[2026-09-21 15:11:34 UTC] [INFO    ] [STEP 103]   T3  Vintage-matched control.  Voyager 2's two functioning units
[2026-09-21 15:11:34 UTC] [INFO    ] [STEP 103]   are the same MHW design with the same 1977 beginning-of-
[2026-09-21 15:11:34 UTC] [INFO    ] [STEP 103]   mission epoch: any generic mid-life aging acting on V1's
[2026-09-21 15:11:34 UTC] [INFO    ] [STEP 103]   units at mission-year 29-37 must act identically on V2's at
[2026-09-21 15:11:34 UTC] [INFO    ] [STEP 103]   the SAME mission years (V2 was still inside the heliosphere and
[2026-09-21 15:11:34 UTC] [INFO    ] [STEP 103]   outside both field lobes then).  The identical (t0, w) ramp
[2026-09-21 15:11:34 UTC] [INFO    ] [STEP 103]   is fitted to the V2 mean-unit excess over the identical
[2026-09-21 15:11:34 UTC] [INFO    ] [STEP 103]   window; a V2 ramp of equal amplitude would convict common-
[2026-09-21 15:11:34 UTC] [INFO    ] [STEP 103]   mode aging, while a flat or incoherent V2 record makes the
[2026-09-21 15:11:34 UTC] [INFO    ] [STEP 103]   V1 excursion location-specific.
[2026-09-21 15:11:34 UTC] [INFO    ] [STEP 103]   T4  Leave-one-unit-out.  The crossing-window ramp amplitude is
[2026-09-21 15:11:34 UTC] [INFO    ] [STEP 103]   recomputed for each two-unit subset of V1, testing whether
[2026-09-21 15:11:34 UTC] [INFO    ] [STEP 103]   the coherence survives dropping any single unit.
[2026-09-21 15:11:34 UTC] [INFO    ] [STEP 103]   T5  Unit-spread audit.  The cross-unit dispersion sigma(t) of
[2026-09-21 15:11:34 UTC] [INFO    ] [STEP 103]   the three V1 excess curves during the excursion is compared
[2026-09-21 15:11:34 UTC] [INFO    ] [STEP 103]   with its full-record distribution: a genuine common-mode
[2026-09-21 15:11:34 UTC] [INFO    ] [STEP 103]   excursion keeps the spread at its usual level rather than
[2026-09-21 15:11:34 UTC] [INFO    ] [STEP 103]   inflating it.
[2026-09-21 15:11:34 UTC] [INFO    ] [STEP 103]   Inputs
[2026-09-21 15:11:34 UTC] [INFO    ] [STEP 103]   results/step_b62_rtg_nuclear.csv    (per-unit p_norm series)
[2026-09-21 15:11:34 UTC] [INFO    ] [STEP 103]   results/step_b62_rtg_nuclear.json   (crossing anchors, model fits)
[2026-09-21 15:11:34 UTC] [INFO    ] [STEP 103]   Outputs
[2026-09-21 15:11:34 UTC] [INFO    ] [STEP 103]   results/step_b67_rtg_midlife_control.json
[2026-09-21 15:11:34 UTC] [INFO    ] [STEP 103]   results/step_b67_rtg_midlife_control.csv
[2026-09-21 15:11:34 UTC] [INFO    ] [STEP 103]   results/figures/supplementary/step_b67_rtg_midlife_control.png
[2026-09-21 15:11:34 UTC] [INFO    ] [STEP 103] --------------------------------------------------------------------------------
[2026-09-21 15:11:34 UTC] [INFO    ] [STEP 103] EXECUTION ENVIRONMENT: python 3.13.5 | macOS-26.5.1 | numpy 2.1.3 | scipy 1.14.1 | pandas 2.2.3 | astropy 7.1.1 | rebound 5.1.1 | matplotlib 3.9.2 | cpus 15
[2026-09-21 15:11:34 UTC] [INFO    ] [STEP 103] SCRIPT: scripts/steps/step_103_rtg_midlife_control.py
[2026-09-21 15:11:34 UTC] [INFO    ] [STEP 103] SCRIPT SHA256: be12d7daa466297e872474d0d9df620d99e43e45d4629dacdfa1b012ed7af5f3
[2026-09-21 15:11:34 UTC] [INFO    ] [STEP 103] SCRIPT SIZE: 20048 bytes
[2026-09-21 15:11:34 UTC] [INFO    ] [STEP 103] ================================================================================
[2026-09-21 15:11:34 UTC] [INFO    ] [STEP 103] RTG mid-life degradation control
[2026-09-21 15:11:34 UTC] [INFO    ] [STEP 103] ================================================================================
[2026-09-21 15:11:34 UTC] [INFO    ] [STEP 103] METRIC: V1_boundary_ramp = onset 38.00 yr, width 9.0 yr, A = -0.770% (HP at 34.97; ramp centre 42.5 yr is post-crossing)
[2026-09-21 15:11:34 UTC] [INFO    ] [STEP 103] METRIC: V1_ramp_placebo_p = 0.056768558951965066 fraction of post-baseline (t0,w) ramps this deep
[2026-09-21 15:11:34 UTC] [INFO    ] [STEP 103] METRIC: V1_crossing_aligned_ramp = onset 34.75 yr, width 9.0 yr, A = -0.527% (window contains HP at 34.97); post-baseline placebo frac 0.170
[2026-09-21 15:11:34 UTC] [INFO    ] [STEP 103] METRIC: VG1_rtg1_ramp = boundary-best -0.620% (post-baseline placebo frac 0.057, record min -0.938%)
[2026-09-21 15:11:34 UTC] [INFO    ] [STEP 103] METRIC: VG1_rtg2_ramp = boundary-best -0.907% (post-baseline placebo frac 0.053, record min -1.352%)
[2026-09-21 15:11:34 UTC] [INFO    ] [STEP 103] METRIC: VG1_rtg3_ramp = boundary-best -0.784% (post-baseline placebo frac 0.053, record min -1.182%)
[2026-09-21 15:11:34 UTC] [INFO    ] [STEP 103] METRIC: VG2_rtg1_ramp = boundary-best +0.343% (post-baseline placebo frac 0.004, record min +0.343%)
[2026-09-21 15:11:34 UTC] [INFO    ] [STEP 103] METRIC: VG2_rtg2_ramp = boundary-best -1.497% (post-baseline placebo frac 0.044, record min -1.929%)
[2026-09-21 15:11:34 UTC] [INFO    ] [STEP 103] METRIC: V1_allneg_hp_window = 1.00 of epochs all-negative within +-3 yr of HP (placebo frac 0.469)
[2026-09-21 15:11:34 UTC] [INFO    ] [STEP 103] METRIC: V2_same_window_ramp = A = -0.309% at V1's (t0=38.00, w=9.0)
[2026-09-21 15:11:34 UTC] [INFO    ] [STEP 103] METRIC: V2_own_boundary_ramp = onset 38.00 yr, w 9.0, A = -0.309% (V2 HP at 41.22)
[2026-09-21 15:11:34 UTC] [INFO    ] [STEP 103] METRIC: loo_VG1_rtg1 = ramp -0.846% (onset 38.0)
[2026-09-21 15:11:34 UTC] [INFO    ] [STEP 103] METRIC: loo_VG1_rtg2 = ramp -0.702% (onset 38.0)
[2026-09-21 15:11:34 UTC] [INFO    ] [STEP 103] METRIC: loo_VG1_rtg3 = ramp -0.763% (onset 38.0)
[2026-09-21 15:11:34 UTC] [INFO    ] [STEP 103] METRIC: V1_spread_during_excursion = median 0.058% (fraction of record tighter: 0.869)
[2026-09-21 15:11:34 UTC] [INFO    ] [STEP 103] Saving data: step_b67_rtg_midlife_control.json
[2026-09-21 15:11:34 UTC] [DEBUG   ] [STEP 103]   Full path: /Users/matthewsmawfield/www/Temporal Equivalence Principle/TEP-9/results/step_b67_rtg_midlife_control.json
[2026-09-21 15:11:34 UTC] [INFO    ] [STEP 103]   Output: step_b67_rtg_midlife_control.json
[2026-09-21 15:11:34 UTC] [INFO    ] [STEP 103] Saving data: step_b67_rtg_midlife_control.csv
[2026-09-21 15:11:34 UTC] [DEBUG   ] [STEP 103]   Full path: /Users/matthewsmawfield/www/Temporal Equivalence Principle/TEP-9/results/step_b67_rtg_midlife_control.csv
[2026-09-21 15:11:34 UTC] [INFO    ] [STEP 103]   Output: step_b67_rtg_midlife_control.csv
[2026-09-21 15:11:34 UTC] [INFO    ] [STEP 103] Saving data: step_b67_rtg_midlife_control.png
[2026-09-21 15:11:34 UTC] [DEBUG   ] [STEP 103]   Full path: /Users/matthewsmawfield/www/Temporal Equivalence Principle/TEP-9/results/figures/supplementary/step_b67_rtg_midlife_control.png
[2026-09-21 15:11:34 UTC] [INFO    ] [STEP 103]   Output: step_b67_rtg_midlife_control.png
[2026-09-21 15:11:34 UTC] [INFO    ] [STEP 103] ✓ RTG mid-life degradation control complete
[2026-09-21 15:11:34 UTC] [INFO    ] [STEP 103] 
[2026-09-21 15:11:34 UTC] [INFO    ] [STEP 103] ================================================================================
[2026-09-21 15:11:34 UTC] [INFO    ] [STEP 103] STEP SUMMARY: step_103_rtg_midlife_control
[2026-09-21 15:11:34 UTC] [INFO    ] [STEP 103] ================================================================================
[2026-09-21 15:11:34 UTC] [INFO    ] [STEP 103] Step Number: 103
[2026-09-21 15:11:34 UTC] [INFO    ] [STEP 103] Status: SUCCESS
[2026-09-21 15:11:34 UTC] [INFO    ] [STEP 103] Duration: 0.39s
[2026-09-21 15:11:34 UTC] [INFO    ] [STEP 103] Log Records Emitted: 98
[2026-09-21 15:11:34 UTC] [INFO    ] [STEP 103] Output Files: 3
[2026-09-21 15:11:34 UTC] [INFO    ] [STEP 103] Log file: /Users/matthewsmawfield/www/Temporal Equivalence Principle/TEP-9/logs/step_103_rtg_midlife_control.log
[2026-09-21 15:11:34 UTC] [INFO    ] [STEP 103] 
[2026-09-21 15:11:34 UTC] [INFO    ] [STEP 103] Generated 3 output file(s):
[2026-09-21 15:11:34 UTC] [INFO    ] [STEP 103]   • step_b67_rtg_midlife_control.json: 6.22 KB [sha256 5f0276f7a9f34d22]
[2026-09-21 15:11:34 UTC] [INFO    ] [STEP 103]   • step_b67_rtg_midlife_control.csv: 37.00 KB [sha256 7abbdb7ed1deca24]
[2026-09-21 15:11:34 UTC] [INFO    ] [STEP 103]   • step_b67_rtg_midlife_control.png: 462.09 KB [sha256 5b3fcf80affe08fa]
[2026-09-21 15:11:34 UTC] [INFO    ] [STEP 103] 
[2026-09-21 15:11:34 UTC] [INFO    ] [STEP 103]   RESULT SNAPSHOT [step_b67_rtg_midlife_control.json]:
[2026-09-21 15:11:34 UTC] [INFO    ] [STEP 103]     inputs [n=2]
[2026-09-21 15:11:34 UTC] [INFO    ] [STEP 103]     crossings_yr:
[2026-09-21 15:11:34 UTC] [INFO    ] [STEP 103]       v1_ts = 27.28
[2026-09-21 15:11:34 UTC] [INFO    ] [STEP 103]       v1_hp = 34.97
[2026-09-21 15:11:34 UTC] [INFO    ] [STEP 103]       v2_ts = 30.03
[2026-09-21 15:11:34 UTC] [INFO    ] [STEP 103]       v2_hp = 41.22
[2026-09-21 15:11:34 UTC] [INFO    ] [STEP 103]     baseline_window_yr [n=2]: median=19.5 min=13 max=26
[2026-09-21 15:11:34 UTC] [INFO    ] [STEP 103]     T1_ramp_placebo:
[2026-09-21 15:11:34 UTC] [INFO    ] [STEP 103]       placebo_frac_deeper = 0.056768559
[2026-09-21 15:11:34 UTC] [INFO    ] [STEP 103]       placebo_pool = onsets >= 26 yr (post-baseline only)
[2026-09-21 15:11:34 UTC] [INFO    ] [STEP 103]       n_onset_width_grid = 420
[2026-09-21 15:11:34 UTC] [INFO    ] [STEP 103]     T1_ramp_placebo.v1_boundary_best:
[2026-09-21 15:11:34 UTC] [INFO    ] [STEP 103]       onset = 38
[2026-09-21 15:11:34 UTC] [INFO    ] [STEP 103]       width = 9
[2026-09-21 15:11:34 UTC] [INFO    ] [STEP 103]       amp_pct = -0.77042511
[2026-09-21 15:11:34 UTC] [INFO    ] [STEP 103]     T1_ramp_placebo.v1_crossing_aligned:
[2026-09-21 15:11:34 UTC] [INFO    ] [STEP 103]       onset = 34.75
[2026-09-21 15:11:34 UTC] [INFO    ] [STEP 103]       width = 9
[2026-09-21 15:11:34 UTC] [INFO    ] [STEP 103]       amp_pct = -0.52659032
[2026-09-21 15:11:34 UTC] [INFO    ] [STEP 103]       placebo_frac = 0.17030568
[2026-09-21 15:11:34 UTC] [INFO    ] [STEP 103]     T1_ramp_placebo.per_unit.VG1_rtg1:
[2026-09-21 15:11:34 UTC] [INFO    ] [STEP 103]       placebo_frac_deeper = 0.061135371
[2026-09-21 15:11:34 UTC] [INFO    ] [STEP 103]       min_anywhere = -0.93846026
[2026-09-21 15:11:34 UTC] [INFO    ] [STEP 103]     T1_ramp_placebo.per_unit.VG1_rtg1.boundary_best:
[2026-09-21 15:11:34 UTC] [INFO    ] [STEP 103]       onset = 38
[2026-09-21 15:11:34 UTC] [INFO    ] [STEP 103]       width = 9
[2026-09-21 15:11:34 UTC] [INFO    ] [STEP 103]       amp_pct = -0.61969236
[2026-09-21 15:11:34 UTC] [INFO    ] [STEP 103]     T1_ramp_placebo.per_unit.VG1_rtg2:
[2026-09-21 15:11:34 UTC] [INFO    ] [STEP 103]       placebo_frac_deeper = 0.056768559
[2026-09-21 15:11:34 UTC] [INFO    ] [STEP 103]       min_anywhere = -1.3519381
[2026-09-21 15:11:34 UTC] [INFO    ] [STEP 103]     T1_ramp_placebo.per_unit.VG1_rtg2.boundary_best:
[2026-09-21 15:11:34 UTC] [INFO    ] [STEP 103]       onset = 38
[2026-09-21 15:11:34 UTC] [INFO    ] [STEP 103]       width = 9
[2026-09-21 15:11:34 UTC] [INFO    ] [STEP 103]       amp_pct = -0.90717717
[2026-09-21 15:11:34 UTC] [INFO    ] [STEP 103]     T1_ramp_placebo.per_unit.VG1_rtg3:
[2026-09-21 15:11:34 UTC] [INFO    ] [STEP 103]       placebo_frac_deeper = 0.056768559
[2026-09-21 15:11:34 UTC] [INFO    ] [STEP 103]       min_anywhere = -1.1816604
[2026-09-21 15:11:34 UTC] [INFO    ] [STEP 103]     T1_ramp_placebo.per_unit.VG1_rtg3.boundary_best:
[2026-09-21 15:11:34 UTC] [INFO    ] [STEP 103]       onset = 38
[2026-09-21 15:11:34 UTC] [INFO    ] [STEP 103]       width = 9
[2026-09-21 15:11:34 UTC] [INFO    ] [STEP 103]       amp_pct = -0.7844058
[2026-09-21 15:11:34 UTC] [INFO    ] [STEP 103]     T1_ramp_placebo.per_unit.VG2_rtg1:
[2026-09-21 15:11:34 UTC] [INFO    ] [STEP 103]       placebo_frac_deeper = 0.0087336245
[2026-09-21 15:11:34 UTC] [INFO    ] [STEP 103]       min_anywhere = 0.34299477
[2026-09-21 15:11:34 UTC] [INFO    ] [STEP 103]     T1_ramp_placebo.per_unit.VG2_rtg1.boundary_best:
[2026-09-21 15:11:34 UTC] [INFO    ] [STEP 103]       onset = 28
[2026-09-21 15:11:34 UTC] [INFO    ] [STEP 103]       width = 3
[2026-09-21 15:11:34 UTC] [INFO    ] [STEP 103]       amp_pct = 0.34299477
[2026-09-21 15:11:34 UTC] [INFO    ] [STEP 103]     T1_ramp_placebo.per_unit.VG2_rtg2:
[2026-09-21 15:11:34 UTC] [INFO    ] [STEP 103]       placebo_frac_deeper = 0.048034934
[2026-09-21 15:11:34 UTC] [INFO    ] [STEP 103]       min_anywhere = -1.9285172
[2026-09-21 15:11:34 UTC] [INFO    ] [STEP 103]     T1_ramp_placebo.per_unit.VG2_rtg2.boundary_best:
[2026-09-21 15:11:34 UTC] [INFO    ] [STEP 103]       onset = 38
[2026-09-21 15:11:34 UTC] [INFO    ] [STEP 103]       width = 9
[2026-09-21 15:11:34 UTC] [INFO    ] [STEP 103]       amp_pct = -1.4973793
[2026-09-21 15:11:34 UTC] [INFO    ] [STEP 103]     T2_coherence:
[2026-09-21 15:11:34 UTC] [INFO    ] [STEP 103]       v1_allneg_hp_window_frac = 1
[2026-09-21 15:11:34 UTC] [INFO    ] [STEP 103]       v1_allneg_placebo_p = 0.46938776
[2026-09-21 15:11:34 UTC] [INFO    ] [STEP 103]       v2_allneg_hp_window_frac = 0
[2026-09-21 15:11:34 UTC] [INFO    ] [STEP 103]       v2_allneg_placebo_p = 1
[2026-09-21 15:11:34 UTC] [INFO    ] [STEP 103]     T3_vintage_matched.same_window:
[2026-09-21 15:11:34 UTC] [INFO    ] [STEP 103]       t0 = 38
[2026-09-21 15:11:34 UTC] [INFO    ] [STEP 103]       w = 9
[2026-09-21 15:11:34 UTC] [INFO    ] [STEP 103]       v2_amp_pct = -0.30859265
[2026-09-21 15:11:34 UTC] [INFO    ] [STEP 103]       ... (snapshot truncated; full values in JSON)
[2026-09-21 15:11:34 UTC] [INFO    ] [STEP 103] ================================================================================
[2026-09-21 15:11:34 UTC] [INFO    ] [STEP 103] STEP 103 COMPLETE: SUCCESS
[2026-09-21 15:11:34 UTC] [INFO    ] [STEP 103] Provenance data saved to /Users/matthewsmawfield/www/Temporal Equivalence Principle/TEP-9/results/provenance/step_103_rtg_midlife_control_provenance.json
[2026-09-21 15:11:34 UTC] [INFO    ] [STEP 103] 
[2026-09-21 15:11:34 UTC] [INFO    ] [STEP 103] ================================================================================
[2026-09-21 15:11:34 UTC] [INFO    ] [STEP 103] EXECUTIVE SUMMARY
[2026-09-21 15:11:34 UTC] [INFO    ] [STEP 103] ================================================================================
[2026-09-21 15:11:34 UTC] [INFO    ] [STEP 103] Step: step_103_rtg_midlife_control (Step 103)
[2026-09-21 15:11:34 UTC] [INFO    ] [STEP 103] Status: SUCCESS
[2026-09-21 15:11:34 UTC] [INFO    ] [STEP 103] Duration: 0.39s
[2026-09-21 15:11:34 UTC] [INFO    ] [STEP 103] Log Records: 176
[2026-09-21 15:11:34 UTC] [INFO    ] [STEP 103] Output Files: 3
[2026-09-21 15:11:34 UTC] [INFO    ] [STEP 103] Key Outputs:
[2026-09-21 15:11:34 UTC] [INFO    ] [STEP 103]   - step_b67_rtg_midlife_control.json (6.22 KB)
[2026-09-21 15:11:34 UTC] [INFO    ] [STEP 103]   - step_b67_rtg_midlife_control.csv (37.00 KB)
[2026-09-21 15:11:34 UTC] [INFO    ] [STEP 103]   - step_b67_rtg_midlife_control.png (462.09 KB)
[2026-09-21 15:11:34 UTC] [INFO    ] [STEP 103] ================================================================================
