[2026-09-19 21:43:03 UTC] [INFO    ] [STEP 133] LOGGER INITIALIZED: step_133_harmonic_bipolar (Step 133)
[2026-09-19 21:43:03 UTC] [DEBUG   ] [STEP 133] Log file: /Users/matthewsmawfield/www/Temporal Equivalence Principle/TEP-9/logs/step_133_harmonic_bipolar.log
[2026-09-19 21:43:03 UTC] [DEBUG   ] [STEP 133] Project root: /Users/matthewsmawfield/www/Temporal Equivalence Principle/TEP-9
[2026-09-19 21:43:03 UTC] [INFO    ] [STEP 133] ================================================================================
[2026-09-19 21:43:03 UTC] [INFO    ] [STEP 133] Bipolar harmonic decomposition and cross-population geometry
[2026-09-19 21:43:03 UTC] [INFO    ] [STEP 133] ================================================================================
[2026-09-19 21:43:04 UTC] [INFO    ] [STEP 133]   pre2018: n=586
[2026-09-19 21:43:04 UTC] [INFO    ] [STEP 133]   post2017: n=248
[2026-09-19 21:43:04 UTC] [INFO    ] [STEP 133] T1  axisymmetric harmonic power per era
[2026-09-19 21:43:04 UTC] [INFO    ] [STEP 133]   pre2018: l1 amp=-0.058 p=0.0228  l2 amp=+0.044 p=0.138  l3 amp=+0.030 p=0.428
[2026-09-19 21:43:04 UTC] [INFO    ] [STEP 133]   post2017: l1 amp=+0.169 p=5e-05  l2 amp=-0.106 p=0.0364  l3 amp=-0.080 p=0.198
[2026-09-19 21:43:04 UTC] [INFO    ] [STEP 133] T2  free-dipole mirror pair
[2026-09-19 21:43:05 UTC] [INFO    ] [STEP 133]   pre dipole (th=131.6, ph=286.5); post (th=22.3, ph=288.7); joint=28.3 p=0.03145
[2026-09-19 21:43:05 UTC] [INFO    ] [STEP 133] T3  ISO meridian ledger
[2026-09-19 21:43:05 UTC] [INFO    ] [STEP 133]   1I arrival: th=111.8 ph=57.2 d_plane=26.2 ON
[2026-09-19 21:43:05 UTC] [INFO    ] [STEP 133]   1I periapsis: th=38.1 ph=256.6 d_plane=27.2 ON
[2026-09-19 21:43:05 UTC] [INFO    ] [STEP 133]   1I departure: th=159.9 ph=140.3 d_plane=18.7 ON
[2026-09-19 21:43:05 UTC] [INFO    ] [STEP 133]   2I arrival: th=117.5 ph=137.2 d_plane=57.3 
[2026-09-19 21:43:05 UTC] [INFO    ] [STEP 133]   2I periapsis: th=22.6 ph=205.1 d_plane=1.4 ON
[2026-09-19 21:43:05 UTC] [INFO    ] [STEP 133]   2I departure: th=95.1 ph=329.5 d_plane=58.9 
[2026-09-19 21:43:05 UTC] [INFO    ] [STEP 133]   3I arrival: th=121.8 ph=355.8 d_plane=27.5 ON
[2026-09-19 21:43:05 UTC] [INFO    ] [STEP 133]   3I periapsis: th=26.9 ph=32.7 d_plane=1.8 ON
[2026-09-19 21:43:05 UTC] [INFO    ] [STEP 133]   3I departure: th=76.4 ph=181.0 d_plane=26.9 ON
[2026-09-19 21:43:05 UTC] [INFO    ] [STEP 133]   periapsides on meridian: 3/3 (binomial p=0.125)
[2026-09-19 21:43:05 UTC] [INFO    ] [STEP 133] T4  resident radial-gradient control
[2026-09-19 21:43:05 UTC] [INFO    ] [STEP 133]   per-object cone vs q: rho=+0.074 p=0.486 (n=91) -- flat
[2026-09-19 21:43:05 UTC] [INFO    ] [STEP 133] verdict: HARMONIC-BIPOLAR CONSISTENT: l=1 leads the residual spectrum in both eras at opposite sign, the free dipoles form a mirror pair, and the resident gradient control is flat
[2026-09-19 21:43:05 UTC] [INFO    ] [STEP 133] wrote results/step_b97_harmonic_bipolar.json
[2026-09-19 21:43:05 UTC] [INFO    ] [STEP 133] wrote results/figures/step_b97_harmonic_bipolar.png
