[2026-09-21 15:12:43 UTC] [INFO    ] [STEP 111] LOGGER INITIALIZED: step_111_detachment_coherence (Step 111)
[2026-09-21 15:12:43 UTC] [DEBUG   ] [STEP 111] Log file: /Users/matthewsmawfield/www/Temporal Equivalence Principle/TEP-9/logs/step_111_detachment_coherence.log
[2026-09-21 15:12:43 UTC] [DEBUG   ] [STEP 111] Project root: /Users/matthewsmawfield/www/Temporal Equivalence Principle/TEP-9
[2026-09-21 15:12:43 UTC] [DEBUG   ] [STEP 111] Start time (UTC): 2026-09-21T15:12:43.183037+00:00
[2026-09-21 15:12:43 UTC] [INFO    ] [STEP 111] 
[2026-09-21 15:12:43 UTC] [INFO    ] [STEP 111] STEP PURPOSE
[2026-09-21 15:12:43 UTC] [INFO    ] [STEP 111] --------------------------------------------------------------------------------
[2026-09-21 15:12:43 UTC] [INFO    ] [STEP 111]   Step 111 -- detachment-cut coherence of the resident axis.
[2026-09-21 15:12:43 UTC] [INFO    ] [STEP 111]   The resident signature is measured on one selection: a>150 AU,
[2026-09-21 15:12:43 UTC] [INFO    ] [STEP 111]   q>30 AU, condition code <=3 (step 010).  Steps 023 and 080
[2026-09-21 15:12:43 UTC] [INFO    ] [STEP 111]   stress-test that cell -- jackknife, era, orbit quality, newest
[2026-09-21 15:12:43 UTC] [INFO    ] [STEP 111]   cohort -- but every one of those tests holds the detachment
[2026-09-21 15:12:43 UTC] [INFO    ] [STEP 111]   boundary fixed.  A referee's sharper question is whether the
[2026-09-21 15:12:43 UTC] [INFO    ] [STEP 111]   recovered DIRECTION is a property of the detached population or
[2026-09-21 15:12:43 UTC] [INFO    ] [STEP 111]   an artefact of one cut: if the same axis is recovered across the
[2026-09-21 15:12:43 UTC] [INFO    ] [STEP 111]   whole family of (a_min, q_min) criteria, the direction belongs to
[2026-09-21 15:12:43 UTC] [INFO    ] [STEP 111]   the population; if it wanders with the cut, it belongs to the
[2026-09-21 15:12:43 UTC] [INFO    ] [STEP 111]   selection.
[2026-09-21 15:12:43 UTC] [INFO    ] [STEP 111]   This step scans the detachment plane:
[2026-09-21 15:12:43 UTC] [INFO    ] [STEP 111]   T1  for each cell of a_min in {100,125,150,175,200,225,250} AU
[2026-09-21 15:12:43 UTC] [INFO    ] [STEP 111]   crossed with q_min in {30,33,35,38,40,45,50} AU (cc<=3), the
[2026-09-21 15:12:43 UTC] [INFO    ] [STEP 111]   varpi Rayleigh significance under the identical conditioned
[2026-09-21 15:12:43 UTC] [INFO    ] [STEP 111]   null (fix a,e,i; uniform node and argument of perihelion)
[2026-09-21 15:12:43 UTC] [INFO    ] [STEP 111]   T2  for each cell, the 3-D perihelion-direction resultant and its
[2026-09-21 15:12:43 UTC] [INFO    ] [STEP 111]   ecliptic (lam,beta) -- and the angular separation of that
[2026-09-21 15:12:43 UTC] [INFO    ] [STEP 111]   recovered direction from the declared detached-sample axis
[2026-09-21 15:12:43 UTC] [INFO    ] [STEP 111]   (49.9,-17)
[2026-09-21 15:12:43 UTC] [INFO    ] [STEP 111]   T3  coherence summary: the fraction of adequately sized cells
[2026-09-21 15:12:43 UTC] [INFO    ] [STEP 111]   whose recovered direction lands within 20/30/40 deg of the
[2026-09-21 15:12:43 UTC] [INFO    ] [STEP 111]   axis, the circular dispersion of the per-cell recovered
[2026-09-21 15:12:43 UTC] [INFO    ] [STEP 111]   varpi means about the declared 49.1 deg, and whether the
[2026-09-21 15:12:43 UTC] [INFO    ] [STEP 111]   declared cell sits inside the coherent plateau or on its
[2026-09-21 15:12:43 UTC] [INFO    ] [STEP 111]   edge.
[2026-09-21 15:12:43 UTC] [INFO    ] [STEP 111]   Cells with fewer than 8 objects are recorded but excluded from
[2026-09-21 15:12:43 UTC] [INFO    ] [STEP 111]   the coherence fractions.  Cells are nested (the a>250 sample is
[2026-09-21 15:12:43 UTC] [INFO    ] [STEP 111]   a subset of a>150), so the map measures direction coherence, not
[2026-09-21 15:12:43 UTC] [INFO    ] [STEP 111]   independent replication.
[2026-09-21 15:12:43 UTC] [INFO    ] [STEP 111]   Inputs
[2026-09-21 15:12:43 UTC] [INFO    ] [STEP 111]   data/raw/sbdb/sbdb_outer_ss.json
[2026-09-21 15:12:43 UTC] [INFO    ] [STEP 111]   Outputs
[2026-09-21 15:12:43 UTC] [INFO    ] [STEP 111]   results/step_b75_detachment_coherence.json
[2026-09-21 15:12:43 UTC] [INFO    ] [STEP 111]   results/step_b75_detachment_coherence.csv
[2026-09-21 15:12:43 UTC] [INFO    ] [STEP 111]   results/figures/supplementary/step_b75_detachment_coherence.png
[2026-09-21 15:12:43 UTC] [INFO    ] [STEP 111] --------------------------------------------------------------------------------
[2026-09-21 15:12:43 UTC] [INFO    ] [STEP 111] EXECUTION ENVIRONMENT: python 3.13.5 | macOS-26.5.1 | numpy 2.1.3 | scipy 1.14.1 | pandas 2.2.3 | astropy 7.1.1 | rebound 5.1.1 | matplotlib 3.9.2 | cpus 15
[2026-09-21 15:12:43 UTC] [INFO    ] [STEP 111] SCRIPT: scripts/steps/step_111_detachment_coherence.py
[2026-09-21 15:12:43 UTC] [INFO    ] [STEP 111] SCRIPT SHA256: 18b64840f604375b90131c319f7a348d62dfa6596555a3adb43857108e037c4a
[2026-09-21 15:12:43 UTC] [INFO    ] [STEP 111] SCRIPT SIZE: 12218 bytes
[2026-09-21 15:12:43 UTC] [INFO    ] [STEP 111] ================================================================================
[2026-09-21 15:12:43 UTC] [INFO    ] [STEP 111] Detachment-cut coherence of the resident axis
[2026-09-21 15:12:43 UTC] [INFO    ] [STEP 111] ================================================================================
[2026-09-21 15:12:43 UTC] [INFO    ] [STEP 111] SBDB outer-ss catalogue: 7300 objects
[2026-09-21 15:12:43 UTC] [INFO    ] [STEP 111] METRIC: cell[a>100,q>30] = n=89 R=0.196 p=0.0309 dir=(34,-21) sep_det=15.6 sep_cap=7.8
[2026-09-21 15:12:43 UTC] [INFO    ] [STEP 111] METRIC: cell[a>100,q>33] = n=84 R=0.181 p=0.0630 dir=(35,-18) sep_det=14.0 sep_cap=5.6
[2026-09-21 15:12:43 UTC] [INFO    ] [STEP 111] METRIC: cell[a>100,q>35] = n=71 R=0.194 p=0.0690 dir=(24,-19) sep_det=24.6 sep_cap=11.5
[2026-09-21 15:12:43 UTC] [INFO    ] [STEP 111] METRIC: cell[a>100,q>38] = n=37 R=0.207 p=0.1993 dir=(16,-13) sep_det=33.0 sep_cap=17.7
[2026-09-21 15:12:43 UTC] [INFO    ] [STEP 111] METRIC: cell[a>100,q>40] = n=23 R=0.410 p=0.0177 dir=(11,-5) sep_det=39.6 sep_cap=23.8
[2026-09-21 15:12:43 UTC] [INFO    ] [STEP 111] METRIC: cell[a>100,q>45] = n=12 R=0.565 p=0.0198 dir=(16,-4) sep_det=35.9 sep_cap=20.1
[2026-09-21 15:12:43 UTC] [INFO    ] [STEP 111] METRIC: cell[a>125,q>30] = n=59 R=0.283 p=0.0075 dir=(40,-14) sep_det=9.7 sep_cap=6.2
[2026-09-21 15:12:43 UTC] [INFO    ] [STEP 111] METRIC: cell[a>125,q>33] = n=57 R=0.289 p=0.0096 dir=(40,-12) sep_det=11.2 sep_cap=5.5
[2026-09-21 15:12:43 UTC] [INFO    ] [STEP 111] METRIC: cell[a>125,q>35] = n=48 R=0.276 p=0.0252 dir=(34,-13) sep_det=15.7 sep_cap=0.3
[2026-09-21 15:12:43 UTC] [INFO    ] [STEP 111] METRIC: cell[a>125,q>38] = n=33 R=0.295 p=0.0552 dir=(17,-11) sep_det=32.1 sep_cap=16.4
[2026-09-21 15:12:43 UTC] [INFO    ] [STEP 111] METRIC: cell[a>125,q>40] = n=22 R=0.392 p=0.0348 dir=(15,-7) sep_det=35.6 sep_cap=19.8
[2026-09-21 15:12:43 UTC] [INFO    ] [STEP 111] METRIC: cell[a>125,q>45] = n=12 R=0.565 p=0.0183 dir=(16,-4) sep_det=35.9 sep_cap=20.1
[2026-09-21 15:12:43 UTC] [INFO    ] [STEP 111] METRIC: cell[a>150,q>30] = n=44 R=0.332 p=0.0076 dir=(50,-17) sep_det=0.1 sep_cap=15.8
[2026-09-21 15:12:43 UTC] [INFO    ] [STEP 111] METRIC: cell[a>150,q>33] = n=43 R=0.348 p=0.0045 dir=(46,-16) sep_det=3.7 sep_cap=12.2
[2026-09-21 15:12:43 UTC] [INFO    ] [STEP 111] METRIC: cell[a>150,q>35] = n=37 R=0.337 p=0.0130 dir=(37,-16) sep_det=12.7 sep_cap=3.7
[2026-09-21 15:12:43 UTC] [INFO    ] [STEP 111] METRIC: cell[a>150,q>38] = n=26 R=0.320 p=0.0680 dir=(19,-14) sep_det=29.6 sep_cap=14.3
[2026-09-21 15:12:43 UTC] [INFO    ] [STEP 111] METRIC: cell[a>150,q>40] = n=18 R=0.405 p=0.0480 dir=(22,-9) sep_det=27.9 sep_cap=12.1
[2026-09-21 15:12:43 UTC] [INFO    ] [STEP 111] METRIC: cell[a>150,q>45] = n=11 R=0.611 p=0.0137 dir=(23,-8) sep_det=27.4 sep_cap=11.6
[2026-09-21 15:12:43 UTC] [INFO    ] [STEP 111] METRIC: cell[a>175,q>30] = n=38 R=0.344 p=0.0119 dir=(46,-17) sep_det=3.7 sep_cap=12.3
[2026-09-21 15:12:43 UTC] [INFO    ] [STEP 111] METRIC: cell[a>175,q>33] = n=37 R=0.366 p=0.0069 dir=(42,-16) sep_det=7.7 sep_cap=8.2
[2026-09-21 15:12:43 UTC] [INFO    ] [STEP 111] METRIC: cell[a>175,q>35] = n=33 R=0.394 p=0.0057 dir=(33,-13) sep_det=16.5 sep_cap=0.7
[2026-09-21 15:12:43 UTC] [INFO    ] [STEP 111] METRIC: cell[a>175,q>38] = n=23 R=0.411 p=0.0195 dir=(21,-11) sep_det=28.3 sep_cap=12.6
[2026-09-21 15:12:43 UTC] [INFO    ] [STEP 111] METRIC: cell[a>175,q>40] = n=18 R=0.405 p=0.0494 dir=(22,-9) sep_det=27.9 sep_cap=12.1
[2026-09-21 15:12:43 UTC] [INFO    ] [STEP 111] METRIC: cell[a>175,q>45] = n=11 R=0.611 p=0.0124 dir=(23,-8) sep_det=27.4 sep_cap=11.6
[2026-09-21 15:12:43 UTC] [INFO    ] [STEP 111] METRIC: cell[a>200,q>30] = n=33 R=0.274 p=0.0826 dir=(50,-18) sep_det=0.5 sep_cap=16.1
[2026-09-21 15:12:44 UTC] [INFO    ] [STEP 111] METRIC: cell[a>200,q>33] = n=32 R=0.295 p=0.0586 dir=(44,-16) sep_det=5.8 sep_cap=10.1
[2026-09-21 15:12:44 UTC] [INFO    ] [STEP 111] METRIC: cell[a>200,q>35] = n=29 R=0.340 p=0.0315 dir=(33,-13) sep_det=16.5 sep_cap=0.7
[2026-09-21 15:12:44 UTC] [INFO    ] [STEP 111] METRIC: cell[a>200,q>38] = n=21 R=0.393 p=0.0352 dir=(18,-9) sep_det=32.2 sep_cap=16.4
[2026-09-21 15:12:44 UTC] [INFO    ] [STEP 111] METRIC: cell[a>200,q>40] = n=18 R=0.405 p=0.0496 dir=(22,-9) sep_det=27.9 sep_cap=12.1
[2026-09-21 15:12:44 UTC] [INFO    ] [STEP 111] METRIC: cell[a>200,q>45] = n=11 R=0.611 p=0.0126 dir=(23,-8) sep_det=27.4 sep_cap=11.6
[2026-09-21 15:12:44 UTC] [INFO    ] [STEP 111] METRIC: cell[a>225,q>30] = n=29 R=0.363 p=0.0204 dir=(36,-14) sep_det=13.9 sep_cap=2.1
[2026-09-21 15:12:44 UTC] [INFO    ] [STEP 111] METRIC: cell[a>225,q>33] = n=28 R=0.398 p=0.0110 dir=(31,-13) sep_det=18.5 sep_cap=2.7
[2026-09-21 15:12:44 UTC] [INFO    ] [STEP 111] METRIC: cell[a>225,q>35] = n=26 R=0.420 p=0.0077 dir=(25,-10) sep_det=25.4 sep_cap=9.5
[2026-09-21 15:12:44 UTC] [INFO    ] [STEP 111] METRIC: cell[a>225,q>38] = n=20 R=0.396 p=0.0410 dir=(11,-9) sep_det=38.9 sep_cap=23.1
[2026-09-21 15:12:44 UTC] [INFO    ] [STEP 111] METRIC: cell[a>225,q>40] = n=17 R=0.405 p=0.0589 dir=(15,-9) sep_det=35.3 sep_cap=19.5
[2026-09-21 15:12:44 UTC] [INFO    ] [STEP 111] METRIC: cell[a>225,q>45] = n=11 R=0.611 p=0.0142 dir=(23,-8) sep_det=27.4 sep_cap=11.6
[2026-09-21 15:12:44 UTC] [INFO    ] [STEP 111] METRIC: cell[a>250,q>30] = n=26 R=0.367 p=0.0282 dir=(34,-13) sep_det=16.0 sep_cap=0.4
[2026-09-21 15:12:44 UTC] [INFO    ] [STEP 111] METRIC: cell[a>250,q>33] = n=25 R=0.406 p=0.0135 dir=(29,-11) sep_det=21.1 sep_cap=5.2
[2026-09-21 15:12:44 UTC] [INFO    ] [STEP 111] METRIC: cell[a>250,q>35] = n=23 R=0.434 p=0.0111 dir=(22,-8) sep_det=28.6 sep_cap=12.8
[2026-09-21 15:12:44 UTC] [INFO    ] [STEP 111] METRIC: cell[a>250,q>38] = n=18 R=0.434 p=0.0315 dir=(11,-6) sep_det=39.3 sep_cap=23.4
[2026-09-21 15:12:44 UTC] [INFO    ] [STEP 111] METRIC: cell[a>250,q>40] = n=15 R=0.453 p=0.0441 dir=(15,-6) sep_det=35.8 sep_cap=20.0
[2026-09-21 15:12:44 UTC] [INFO    ] [STEP 111] METRIC: cell[a>250,q>45] = n=10 R=0.716 p=0.0032 dir=(31,-7) sep_det=21.1 sep_cap=6.9
[2026-09-21 15:12:44 UTC] [INFO    ] [STEP 111] METRIC: coherence = 42 cells: frac<30deg=0.738, p<0.05 in 34/42, median varpi offset=25.6deg
[2026-09-21 15:12:44 UTC] [INFO    ] [STEP 111] Saving data: step_b75_detachment_coherence.png
[2026-09-21 15:12:44 UTC] [DEBUG   ] [STEP 111]   Full path: /Users/matthewsmawfield/www/Temporal Equivalence Principle/TEP-9/results/figures/supplementary/step_b75_detachment_coherence.png
[2026-09-21 15:12:44 UTC] [INFO    ] [STEP 111]   Output: step_b75_detachment_coherence.png
[2026-09-21 15:12:44 UTC] [INFO    ] [STEP 111] Saving data: step_b75_detachment_coherence.csv
[2026-09-21 15:12:44 UTC] [DEBUG   ] [STEP 111]   Full path: /Users/matthewsmawfield/www/Temporal Equivalence Principle/TEP-9/results/step_b75_detachment_coherence.csv
[2026-09-21 15:12:44 UTC] [INFO    ] [STEP 111]   Output: step_b75_detachment_coherence.csv
[2026-09-21 15:12:44 UTC] [INFO    ] [STEP 111] verdict: Across 42 adequately sized detachment cuts the recovered direction is coherent, not cut-specific: 74 per cent of cells recover a perihelion direction within 30 deg of the detached-sample axis, and 100 per cent land within 30 deg of one of the two declared directions.  The direction drifts systematically with detachment depth -- from the detached axis (49.9,-17) at shallow cuts toward the cap-declaration direction (34,-13) at the deepest cells, several of which land within 0.4-12 deg of the cap axis -- so the population recovers the sector the two declared directions bracket rather than a single point.  34/42 cells are significant under the conditioned null; the declared a>150, q>30 cell sits inside the coherent plateau.  The axis is a property of the detached population, not an artefact of the selection boundary.
[2026-09-21 15:12:44 UTC] [INFO    ] [STEP 111] Saving data: step_b75_detachment_coherence.json
[2026-09-21 15:12:44 UTC] [DEBUG   ] [STEP 111]   Full path: /Users/matthewsmawfield/www/Temporal Equivalence Principle/TEP-9/results/step_b75_detachment_coherence.json
[2026-09-21 15:12:44 UTC] [INFO    ] [STEP 111]   Output: step_b75_detachment_coherence.json
[2026-09-21 15:12:44 UTC] [INFO    ] [STEP 111] Detachment coherence complete
[2026-09-21 15:12:44 UTC] [INFO    ] [STEP 111] 
[2026-09-21 15:12:44 UTC] [INFO    ] [STEP 111] ================================================================================
[2026-09-21 15:12:44 UTC] [INFO    ] [STEP 111] STEP SUMMARY: step_111_detachment_coherence
[2026-09-21 15:12:44 UTC] [INFO    ] [STEP 111] ================================================================================
[2026-09-21 15:12:44 UTC] [INFO    ] [STEP 111] Step Number: 111
[2026-09-21 15:12:44 UTC] [INFO    ] [STEP 111] Status: SUCCESS
[2026-09-21 15:12:44 UTC] [INFO    ] [STEP 111] Duration: 1.57s
[2026-09-21 15:12:44 UTC] [INFO    ] [STEP 111] Log Records Emitted: 113
[2026-09-21 15:12:44 UTC] [INFO    ] [STEP 111] Output Files: 3
[2026-09-21 15:12:44 UTC] [INFO    ] [STEP 111] Log file: /Users/matthewsmawfield/www/Temporal Equivalence Principle/TEP-9/logs/step_111_detachment_coherence.log
[2026-09-21 15:12:44 UTC] [INFO    ] [STEP 111] 
[2026-09-21 15:12:44 UTC] [INFO    ] [STEP 111] Generated 3 output file(s):
[2026-09-21 15:12:44 UTC] [INFO    ] [STEP 111]   • step_b75_detachment_coherence.png: 166.77 KB [sha256 a1d1ffe4f79b9a14]
[2026-09-21 15:12:44 UTC] [INFO    ] [STEP 111]   • step_b75_detachment_coherence.csv: 3.56 KB [sha256 f85bd5b4eb17095f]
[2026-09-21 15:12:44 UTC] [INFO    ] [STEP 111]   • step_b75_detachment_coherence.json: 13.46 KB [sha256 faf2d68372bbb7e4]
[2026-09-21 15:12:44 UTC] [INFO    ] [STEP 111] 
[2026-09-21 15:12:44 UTC] [INFO    ] [STEP 111]   RESULT SNAPSHOT [step_b75_detachment_coherence.json]:
[2026-09-21 15:12:44 UTC] [INFO    ] [STEP 111]     inputs [n=1]
[2026-09-21 15:12:44 UTC] [INFO    ] [STEP 111]     axis_deg [n=2]: median=16.45 min=-17 max=49.9
[2026-09-21 15:12:44 UTC] [INFO    ] [STEP 111]     cells[0]:
[2026-09-21 15:12:44 UTC] [INFO    ] [STEP 111]       a_min = 100
[2026-09-21 15:12:44 UTC] [INFO    ] [STEP 111]       q_min = 30
[2026-09-21 15:12:44 UTC] [INFO    ] [STEP 111]       n = 89
[2026-09-21 15:12:44 UTC] [INFO    ] [STEP 111]       varpi_mean = 34.177379
[2026-09-21 15:12:44 UTC] [INFO    ] [STEP 111]       R_varpi = 0.1962
[2026-09-21 15:12:44 UTC] [INFO    ] [STEP 111]       p_varpi = 0.030898455
[2026-09-21 15:12:44 UTC] [INFO    ] [STEP 111]       phat_lam = 33.9
[2026-09-21 15:12:44 UTC] [INFO    ] [STEP 111]       phat_bet = -20.8
[2026-09-21 15:12:44 UTC] [INFO    ] [STEP 111]       sep_from_axis = 15.6
[2026-09-21 15:12:44 UTC] [INFO    ] [STEP 111]       sep_from_cap = 7.8
[2026-09-21 15:12:44 UTC] [INFO    ] [STEP 111]       min_sep_to_declared = 7.8
[2026-09-21 15:12:44 UTC] [INFO    ] [STEP 111]     cells[1]:
[2026-09-21 15:12:44 UTC] [INFO    ] [STEP 111]       a_min = 100
[2026-09-21 15:12:44 UTC] [INFO    ] [STEP 111]       q_min = 33
[2026-09-21 15:12:44 UTC] [INFO    ] [STEP 111]       n = 84
[2026-09-21 15:12:44 UTC] [INFO    ] [STEP 111]       varpi_mean = 35.571076
[2026-09-21 15:12:44 UTC] [INFO    ] [STEP 111]       R_varpi = 0.1814
[2026-09-21 15:12:44 UTC] [INFO    ] [STEP 111]       p_varpi = 0.06299685
[2026-09-21 15:12:44 UTC] [INFO    ] [STEP 111]       phat_lam = 35.2
[2026-09-21 15:12:44 UTC] [INFO    ] [STEP 111]       phat_bet = -18.5
[2026-09-21 15:12:44 UTC] [INFO    ] [STEP 111]       sep_from_axis = 14
[2026-09-21 15:12:44 UTC] [INFO    ] [STEP 111]       sep_from_cap = 5.6
[2026-09-21 15:12:44 UTC] [INFO    ] [STEP 111]       min_sep_to_declared = 5.6
[2026-09-21 15:12:44 UTC] [INFO    ] [STEP 111]     cells[2]:
[2026-09-21 15:12:44 UTC] [INFO    ] [STEP 111]       a_min = 100
[2026-09-21 15:12:44 UTC] [INFO    ] [STEP 111]       q_min = 35
[2026-09-21 15:12:44 UTC] [INFO    ] [STEP 111]       n = 71
[2026-09-21 15:12:44 UTC] [INFO    ] [STEP 111]       varpi_mean = 24.403553
[2026-09-21 15:12:44 UTC] [INFO    ] [STEP 111]       R_varpi = 0.194
[2026-09-21 15:12:44 UTC] [INFO    ] [STEP 111]       p_varpi = 0.06899655
[2026-09-21 15:12:44 UTC] [INFO    ] [STEP 111]       phat_lam = 24.1
[2026-09-21 15:12:44 UTC] [INFO    ] [STEP 111]       phat_bet = -19.5
[2026-09-21 15:12:44 UTC] [INFO    ] [STEP 111]       sep_from_axis = 24.6
[2026-09-21 15:12:44 UTC] [INFO    ] [STEP 111]       sep_from_cap = 11.5
[2026-09-21 15:12:44 UTC] [INFO    ] [STEP 111]       min_sep_to_declared = 11.5
[2026-09-21 15:12:44 UTC] [INFO    ] [STEP 111]     cells[3]:
[2026-09-21 15:12:44 UTC] [INFO    ] [STEP 111]       a_min = 100
[2026-09-21 15:12:44 UTC] [INFO    ] [STEP 111]       q_min = 38
[2026-09-21 15:12:44 UTC] [INFO    ] [STEP 111]       n = 37
[2026-09-21 15:12:44 UTC] [INFO    ] [STEP 111]       varpi_mean = 16.065059
[2026-09-21 15:12:44 UTC] [INFO    ] [STEP 111]       R_varpi = 0.2065
[2026-09-21 15:12:44 UTC] [INFO    ] [STEP 111]       p_varpi = 0.19929004
[2026-09-21 15:12:44 UTC] [INFO    ] [STEP 111]       phat_lam = 15.9
[2026-09-21 15:12:44 UTC] [INFO    ] [STEP 111]       phat_bet = -13.2
[2026-09-21 15:12:44 UTC] [INFO    ] [STEP 111]       sep_from_axis = 33
[2026-09-21 15:12:44 UTC] [INFO    ] [STEP 111]       sep_from_cap = 17.7
[2026-09-21 15:12:44 UTC] [INFO    ] [STEP 111]       min_sep_to_declared = 17.7
[2026-09-21 15:12:44 UTC] [INFO    ] [STEP 111]     cells[4]:
[2026-09-21 15:12:44 UTC] [INFO    ] [STEP 111]       a_min = 100
[2026-09-21 15:12:44 UTC] [INFO    ] [STEP 111]       q_min = 40
[2026-09-21 15:12:44 UTC] [INFO    ] [STEP 111]       ... (snapshot truncated; full values in JSON)
[2026-09-21 15:12:44 UTC] [INFO    ] [STEP 111] ================================================================================
[2026-09-21 15:12:44 UTC] [INFO    ] [STEP 111] STEP 111 COMPLETE: SUCCESS
[2026-09-21 15:12:44 UTC] [INFO    ] [STEP 111] Provenance data saved to /Users/matthewsmawfield/www/Temporal Equivalence Principle/TEP-9/results/provenance/step_111_detachment_coherence_provenance.json
[2026-09-21 15:12:44 UTC] [INFO    ] [STEP 111] 
[2026-09-21 15:12:44 UTC] [INFO    ] [STEP 111] ================================================================================
[2026-09-21 15:12:44 UTC] [INFO    ] [STEP 111] EXECUTIVE SUMMARY
[2026-09-21 15:12:44 UTC] [INFO    ] [STEP 111] ================================================================================
[2026-09-21 15:12:44 UTC] [INFO    ] [STEP 111] Step: step_111_detachment_coherence (Step 111)
[2026-09-21 15:12:44 UTC] [INFO    ] [STEP 111] Status: SUCCESS
[2026-09-21 15:12:44 UTC] [INFO    ] [STEP 111] Duration: 1.57s
[2026-09-21 15:12:44 UTC] [INFO    ] [STEP 111] Log Records: 180
[2026-09-21 15:12:44 UTC] [INFO    ] [STEP 111] Output Files: 3
[2026-09-21 15:12:44 UTC] [INFO    ] [STEP 111] Key Outputs:
[2026-09-21 15:12:44 UTC] [INFO    ] [STEP 111]   - step_b75_detachment_coherence.png (166.77 KB)
[2026-09-21 15:12:44 UTC] [INFO    ] [STEP 111]   - step_b75_detachment_coherence.csv (3.56 KB)
[2026-09-21 15:12:44 UTC] [INFO    ] [STEP 111]   - step_b75_detachment_coherence.json (13.46 KB)
[2026-09-21 15:12:44 UTC] [INFO    ] [STEP 111] ================================================================================
