[2026-09-19 20:45:19 UTC] [INFO    ] [STEP 092] LOGGER INITIALIZED: step_092_mpcorb_clustering (Step 092)
[2026-09-19 20:45:19 UTC] [DEBUG   ] [STEP 092] Log file: /Users/matthewsmawfield/www/Temporal Equivalence Principle/TEP-9/logs/step_092_mpcorb_clustering.log
[2026-09-19 20:45:19 UTC] [DEBUG   ] [STEP 092] Project root: /Users/matthewsmawfield/www/Temporal Equivalence Principle/TEP-9
[2026-09-19 20:45:19 UTC] [INFO    ] [STEP 092] ================================================================================
[2026-09-19 20:45:19 UTC] [INFO    ] [STEP 092] MPCORB-lineage replication of detached-TNO clustering
[2026-09-19 20:45:19 UTC] [INFO    ] [STEP 092] ================================================================================
[2026-09-19 20:45:19 UTC] [INFO    ] [STEP 092] loading MPCORB ...
[2026-09-19 20:45:22 UTC] [INFO    ] [STEP 092]   1565548 orbits
[2026-09-19 20:45:23 UTC] [INFO    ] [STEP 092] detached_a150_q30: N=63  R_varpi=0.243 (null 0.112) p=2.43e-02  phat->(45,-21)
[2026-09-19 20:45:23 UTC] [INFO    ] [STEP 092] extreme_a250_q30: N=33  R_varpi=0.205 (null 0.155) p=2.51e-01  phat->(56,-19)
[2026-09-19 20:45:23 UTC] [INFO    ] [STEP 092] sednoid_a150_q50: N=5  R_varpi=0.430 (null 0.403) p=4.22e-01  phat->(16,-13)
[2026-09-19 20:45:24 UTC] [INFO    ] [STEP 092] detached_a150_q40: N=26  R_varpi=0.220 (null 0.174) p=2.82e-01  phat->(43,-21)
[2026-09-19 20:45:24 UTC] [INFO    ] [STEP 092] detached_a150_q30_numbered: N=18  R_varpi=0.592 (null 0.209) p=1.15e-03  phat->(71,-14)
[2026-09-19 20:45:24 UTC] [INFO    ] [STEP 092] detached_a150_q30_allq: N=91  R_varpi=0.085 (null 0.093) p=5.19e-01  phat->(26,-43)
[2026-09-19 20:45:24 UTC] [INFO    ] [STEP 092] --------------------------------------------------------------------------------
[2026-09-19 20:45:24 UTC] [INFO    ] [STEP 092] SBDB cross-match
[2026-09-19 20:45:24 UTC] [INFO    ] [STEP 092] --------------------------------------------------------------------------------
[2026-09-19 20:45:26 UTC] [INFO    ] [STEP 092] SBDB detached N=44; matched in MPCORB 44; median |dvarpi| 0.0 deg; MPCORB-only members 19: ['2010 GB174', '2013 FS28', '2013 RC156', '2013 UH15', '2015 DR370', '2015 GT50', '2015 KH163', '2015 OC193', '2015 OB203', '2015 RY245', '2015 UN105', '2016 GA277', '2016 TP120', '2018 AD39', '2018 VM35', '2019 EU5', '2021 DK18', '2021 LP43', '2025 LS2']
[2026-09-19 20:45:26 UTC] [INFO    ] [STEP 092] SBDB-matched subset (MPCORB elements): N=44  R_varpi=0.332 (null 0.134) p=7.35e-03  phat->(50,-17)
wrote /Users/matthewsmawfield/www/Temporal Equivalence Principle/TEP-9/results/step_b57_mpcorb_clustering.json
wrote /Users/matthewsmawfield/www/Temporal Equivalence Principle/TEP-9/results/figures/step_b57_mpcorb_clustering.png
