[2026-09-20 12:57:08 UTC] [INFO    ] [STEP 114] LOGGER INITIALIZED: step_114_claims_trace (Step 114)
[2026-09-20 12:57:08 UTC] [DEBUG   ] [STEP 114] Log file: /Users/matthewsmawfield/www/Temporal Equivalence Principle/TEP-9/logs/step_114_claims_trace.log
[2026-09-20 12:57:08 UTC] [DEBUG   ] [STEP 114] Project root: /Users/matthewsmawfield/www/Temporal Equivalence Principle/TEP-9
[2026-09-20 12:57:08 UTC] [DEBUG   ] [STEP 114] Start time (UTC): 2026-09-20T12:57:08.065120+00:00
[2026-09-20 12:57:08 UTC] [INFO    ] [STEP 114] 
[2026-09-20 12:57:08 UTC] [INFO    ] [STEP 114] STEP PURPOSE
[2026-09-20 12:57:08 UTC] [INFO    ] [STEP 114] --------------------------------------------------------------------------------
[2026-09-20 12:57:08 UTC] [INFO    ] [STEP 114]   Exact result-leaf publication audit, run after the analysis steps.
[2026-09-20 12:57:08 UTC] [INFO    ] [STEP 114]   Matching any nearby numeric value in a cited file is not provenance. The
[2026-09-20 12:57:08 UTC] [INFO    ] [STEP 114]   replacement names each headline source leaf and exercises the real renderer.
[2026-09-20 12:57:08 UTC] [INFO    ] [STEP 114] --------------------------------------------------------------------------------
[2026-09-20 12:57:08 UTC] [INFO    ] [STEP 114] EXECUTION ENVIRONMENT: python 3.13.5 | macOS-26.5.1 | numpy 2.1.3 | scipy 1.14.1 | pandas 2.2.3 | astropy 7.1.1 | rebound 5.1.1 | matplotlib 3.9.2 | cpus 15
[2026-09-20 12:57:08 UTC] [INFO    ] [STEP 114] SCRIPT: scripts/steps/step_114_claims_trace.py
[2026-09-20 12:57:08 UTC] [INFO    ] [STEP 114] SCRIPT SHA256: e648de40fc643421699d49f19426e2cf7d1cbef553b3370bbe55699eed38552f
[2026-09-20 12:57:08 UTC] [INFO    ] [STEP 114] SCRIPT SIZE: 930 bytes
[2026-09-20 12:57:08 UTC] [INFO    ] [STEP 114] ================================================================================
[2026-09-20 12:57:08 UTC] [INFO    ] [STEP 114] Manuscript claims-trace audit
[2026-09-20 12:57:08 UTC] [INFO    ] [STEP 114] ================================================================================
[2026-09-20 12:57:08 UTC] [INFO    ] [STEP 114] {
[2026-09-20 12:57:08 UTC] [INFO    ] [STEP 114]   "registered_steps": 141,
[2026-09-20 12:57:08 UTC] [INFO    ] [STEP 114]   "python_sources": 167,
[2026-09-20 12:57:08 UTC] [INFO    ] [STEP 114]   "bound_claim_occurrences": 249,
[2026-09-20 12:57:08 UTC] [INFO    ] [STEP 114]   "unique_bound_claims": 154,
[2026-09-20 12:57:08 UTC] [INFO    ] [STEP 114]   "result_files": 135,
[2026-09-20 12:57:08 UTC] [INFO    ] [STEP 114]   "hard_errors": 0,
[2026-09-20 12:57:08 UTC] [INFO    ] [STEP 114]   "legacy_files_with_nonfinite_values": 0,
[2026-09-20 12:57:08 UTC] [INFO    ] [STEP 114]   "results_with_newer_inputs": 3,
[2026-09-20 12:57:08 UTC] [INFO    ] [STEP 114]   "provenance_hash_mismatches": 0
[2026-09-20 12:57:08 UTC] [INFO    ] [STEP 114] }
[2026-09-20 12:57:08 UTC] [INFO    ] [STEP 114] STALE-INPUT WARNING: step_b77_resident_ledger.json <- data/raw/des/y6_des_tnos_color.fits
[2026-09-20 12:57:08 UTC] [INFO    ] [STEP 114] STALE-INPUT WARNING: step_b79_mixture_posterior.json <- data/raw/des/y6_des_tnos_color.fits
[2026-09-20 12:57:08 UTC] [INFO    ] [STEP 114] STALE-INPUT WARNING: step_b80_discovery_coupling.json <- data/raw/des/y6_des_tnos_color.fits
[2026-09-20 12:57:08 UTC] [INFO    ] [STEP 114] Saving data: step_b78_claims_trace.json
[2026-09-20 12:57:08 UTC] [DEBUG   ] [STEP 114]   Full path: /Users/matthewsmawfield/www/Temporal Equivalence Principle/TEP-9/results/step_b78_claims_trace.json
[2026-09-20 12:57:08 UTC] [DEBUG   ] [STEP 114]   Description: claims-trace audit report
[2026-09-20 12:57:08 UTC] [INFO    ] [STEP 114]   Output: step_b78_claims_trace.json (claims-trace audit report)
[2026-09-20 12:57:08 UTC] [INFO    ] [STEP 114] Saving data: step_b78_claims_trace.csv
[2026-09-20 12:57:08 UTC] [DEBUG   ] [STEP 114]   Full path: /Users/matthewsmawfield/www/Temporal Equivalence Principle/TEP-9/results/step_b78_claims_trace.csv
[2026-09-20 12:57:08 UTC] [DEBUG   ] [STEP 114]   Description: claims-trace audit report
[2026-09-20 12:57:08 UTC] [INFO    ] [STEP 114]   Output: step_b78_claims_trace.csv (claims-trace audit report)
[2026-09-20 12:57:08 UTC] [INFO    ] [STEP 114] 
[2026-09-20 12:57:08 UTC] [INFO    ] [STEP 114] ================================================================================
[2026-09-20 12:57:08 UTC] [INFO    ] [STEP 114] STEP SUMMARY: step_114_claims_trace
[2026-09-20 12:57:08 UTC] [INFO    ] [STEP 114] ================================================================================
[2026-09-20 12:57:08 UTC] [INFO    ] [STEP 114] Step Number: 114
[2026-09-20 12:57:08 UTC] [INFO    ] [STEP 114] Status: SUCCESS
[2026-09-20 12:57:08 UTC] [INFO    ] [STEP 114] Duration: 0.64s
[2026-09-20 12:57:08 UTC] [INFO    ] [STEP 114] Log Records Emitted: 47
[2026-09-20 12:57:08 UTC] [INFO    ] [STEP 114] Output Files: 2
[2026-09-20 12:57:08 UTC] [INFO    ] [STEP 114] Log file: /Users/matthewsmawfield/www/Temporal Equivalence Principle/TEP-9/logs/step_114_claims_trace.log
[2026-09-20 12:57:08 UTC] [INFO    ] [STEP 114] 
[2026-09-20 12:57:08 UTC] [INFO    ] [STEP 114] Generated 2 output file(s):
[2026-09-20 12:57:08 UTC] [INFO    ] [STEP 114]   • step_b78_claims_trace.json: 188.41 KB [sha256 fdc855d244583ea3] - claims-trace audit report
[2026-09-20 12:57:08 UTC] [INFO    ] [STEP 114]   • step_b78_claims_trace.csv: 45.10 KB [sha256 15893448fd495730] - claims-trace audit report
[2026-09-20 12:57:08 UTC] [INFO    ] [STEP 114] ================================================================================
[2026-09-20 12:57:08 UTC] [INFO    ] [STEP 114] STEP 114 COMPLETE: SUCCESS
[2026-09-20 12:57:08 UTC] [INFO    ] [STEP 114] Provenance data saved to /Users/matthewsmawfield/www/Temporal Equivalence Principle/TEP-9/results/provenance/step_114_claims_trace_provenance.json
[2026-09-20 12:57:08 UTC] [INFO    ] [STEP 114] 
[2026-09-20 12:57:08 UTC] [INFO    ] [STEP 114] ================================================================================
[2026-09-20 12:57:08 UTC] [INFO    ] [STEP 114] EXECUTIVE SUMMARY
[2026-09-20 12:57:08 UTC] [INFO    ] [STEP 114] ================================================================================
[2026-09-20 12:57:08 UTC] [INFO    ] [STEP 114] Step: step_114_claims_trace (Step 114)
[2026-09-20 12:57:08 UTC] [INFO    ] [STEP 114] Status: SUCCESS
[2026-09-20 12:57:08 UTC] [INFO    ] [STEP 114] Duration: 0.64s
[2026-09-20 12:57:08 UTC] [INFO    ] [STEP 114] Log Records: 57
[2026-09-20 12:57:08 UTC] [INFO    ] [STEP 114] Output Files: 2
[2026-09-20 12:57:08 UTC] [INFO    ] [STEP 114] Key Outputs:
[2026-09-20 12:57:08 UTC] [INFO    ] [STEP 114]   - step_b78_claims_trace.json (188.41 KB)
[2026-09-20 12:57:08 UTC] [INFO    ] [STEP 114]   - step_b78_claims_trace.csv (45.10 KB)
[2026-09-20 12:57:08 UTC] [INFO    ] [STEP 114] ================================================================================
