[2026-09-21 14:50:40 UTC] [INFO    ] [STEP 076] LOGGER INITIALIZED: step_076_inner_slip_profile (Step 076)
[2026-09-21 14:50:40 UTC] [DEBUG   ] [STEP 076] Log file: /Users/matthewsmawfield/www/Temporal Equivalence Principle/TEP-9/logs/step_076_inner_slip_profile.log
[2026-09-21 14:50:40 UTC] [DEBUG   ] [STEP 076] Project root: /Users/matthewsmawfield/www/Temporal Equivalence Principle/TEP-9
[2026-09-21 14:50:40 UTC] [DEBUG   ] [STEP 076] Start time (UTC): 2026-09-21T14:50:40.560156+00:00
[2026-09-21 14:50:40 UTC] [INFO    ] [STEP 076] 
[2026-09-21 14:50:40 UTC] [INFO    ] [STEP 076] STEP PURPOSE
[2026-09-21 14:50:40 UTC] [INFO    ] [STEP 076] --------------------------------------------------------------------------------
[2026-09-21 14:50:40 UTC] [INFO    ] [STEP 076]   Step 076 -- inner-region slip profile: where inside 60 AU does the
[2026-09-21 14:50:40 UTC] [INFO    ] [STEP 076]   excess rotation develop?
[2026-09-21 14:50:40 UTC] [INFO    ] [STEP 076]   Step 071 showed the in-cap rotation excess is already fully formed at
[2026-09-21 14:50:40 UTC] [INFO    ] [STEP 076]   60 AU and flat outward to 400 AU.  This step resolves the inner
[2026-09-21 14:50:40 UTC] [INFO    ] [STEP 076]   profile: the same bidirectional legs record the osculating barycentric
[2026-09-21 14:50:40 UTC] [INFO    ] [STEP 076]   periapsis direction at shells 8-100 AU.  The ordinary orig/fut
[2026-09-21 14:50:40 UTC] [INFO    ] [STEP 076]   discrepancy is generated by planetary encounters in the giant-planet
[2026-09-21 14:50:40 UTC] [INFO    ] [STEP 076]   zone (~5-30 AU); if the in-cap excess develops on the same radial
[2026-09-21 14:50:40 UTC] [INFO    ] [STEP 076]   profile it rides the encounter channel, while an excess already
[2026-09-21 14:50:40 UTC] [INFO    ] [STEP 076]   present at 8-15 AU -- interior to the giant-planet lever arm -- points
[2026-09-21 14:50:40 UTC] [INFO    ] [STEP 076]   to a pre-encounter (inbound-passage or observed-arc) origin.
[2026-09-21 14:50:40 UTC] [INFO    ] [STEP 076]   Outputs:
[2026-09-21 14:50:40 UTC] [INFO    ] [STEP 076]   results/step_b41_inner_slip.json
[2026-09-21 14:50:40 UTC] [INFO    ] [STEP 076]   results/step_b41_inner_slip.csv      (per comet per shell)
[2026-09-21 14:50:40 UTC] [INFO    ] [STEP 076]   results/figures/supplementary/step_b41_inner_slip.png
[2026-09-21 14:50:40 UTC] [INFO    ] [STEP 076] --------------------------------------------------------------------------------
[2026-09-21 14:50:40 UTC] [INFO    ] [STEP 076] EXECUTION ENVIRONMENT: python 3.13.5 | macOS-26.5.1 | numpy 2.1.3 | scipy 1.14.1 | pandas 2.2.3 | astropy 7.1.1 | rebound 5.1.1 | matplotlib 3.9.2 | cpus 15
[2026-09-21 14:50:40 UTC] [INFO    ] [STEP 076] SCRIPT: scripts/steps/step_076_inner_slip_profile.py
[2026-09-21 14:50:40 UTC] [INFO    ] [STEP 076] SCRIPT SHA256: cf62db7b405ed74a459486f82593bcb9d08a316b977ac1f6a9ea3e7b2be65170
[2026-09-21 14:50:40 UTC] [INFO    ] [STEP 076] SCRIPT SIZE: 13906 bytes
[2026-09-21 14:50:40 UTC] [INFO    ] [STEP 076] ================================================================================
[2026-09-21 14:50:40 UTC] [INFO    ] [STEP 076] Inner-region slip profile: multi-shell legs 8-100 AU (REBOUND/DE440s)
[2026-09-21 14:50:40 UTC] [INFO    ] [STEP 076] ================================================================================
[2026-09-21 14:50:41 UTC] [INFO    ] [STEP 076] sample: 131 class-1 CODE comets; inner shells 8-100 AU
[2026-09-21 14:50:47 UTC] [INFO    ] [STEP 076]   20/131
[2026-09-21 14:50:54 UTC] [INFO    ] [STEP 076]   40/131
[2026-09-21 14:51:01 UTC] [INFO    ] [STEP 076]   60/131
[2026-09-21 14:51:08 UTC] [INFO    ] [STEP 076]   80/131
[2026-09-21 14:51:14 UTC] [INFO    ] [STEP 076]   100/131
[2026-09-21 14:51:21 UTC] [INFO    ] [STEP 076]   120/131
[2026-09-21 14:51:24 UTC] [INFO    ] [STEP 076] integrated 131 comets x 12 shells, 0 failures
[2026-09-21 14:51:25 UTC] [INFO    ] [STEP 076] Saving data: step_b41_inner_slip.json
[2026-09-21 14:51:25 UTC] [DEBUG   ] [STEP 076]   Full path: /Users/matthewsmawfield/www/Temporal Equivalence Principle/TEP-9/results/step_b41_inner_slip.json
[2026-09-21 14:51:25 UTC] [INFO    ] [STEP 076]   Output: step_b41_inner_slip.json
[2026-09-21 14:51:25 UTC] [INFO    ] [STEP 076] Saving data: step_b41_inner_slip.csv
[2026-09-21 14:51:25 UTC] [DEBUG   ] [STEP 076]   Full path: /Users/matthewsmawfield/www/Temporal Equivalence Principle/TEP-9/results/step_b41_inner_slip.csv
[2026-09-21 14:51:25 UTC] [INFO    ] [STEP 076]   Output: step_b41_inner_slip.csv
[2026-09-21 14:51:25 UTC] [INFO    ] [STEP 076] Saving data: step_b41_inner_slip.png
[2026-09-21 14:51:25 UTC] [DEBUG   ] [STEP 076]   Full path: /Users/matthewsmawfield/www/Temporal Equivalence Principle/TEP-9/results/figures/supplementary/step_b41_inner_slip.png
[2026-09-21 14:51:25 UTC] [INFO    ] [STEP 076]   Output: step_b41_inner_slip.png
[2026-09-21 14:51:25 UTC] [INFO    ] [STEP 076] s=   8.0 AU  drot in/out = 0.1411/0.0728 deg  excess = +0.0683 deg
[2026-09-21 14:51:25 UTC] [INFO    ] [STEP 076] s=  12.0 AU  drot in/out = 0.1431/0.0898 deg  excess = +0.0533 deg
[2026-09-21 14:51:25 UTC] [INFO    ] [STEP 076] s=  16.0 AU  drot in/out = 0.1483/0.0896 deg  excess = +0.0587 deg
[2026-09-21 14:51:25 UTC] [INFO    ] [STEP 076] s=  20.0 AU  drot in/out = 0.1474/0.0896 deg  excess = +0.0578 deg
[2026-09-21 14:51:25 UTC] [INFO    ] [STEP 076] s=  25.0 AU  drot in/out = 0.1447/0.0907 deg  excess = +0.0540 deg
[2026-09-21 14:51:25 UTC] [INFO    ] [STEP 076] s=  30.0 AU  drot in/out = 0.1456/0.0918 deg  excess = +0.0538 deg
[2026-09-21 14:51:25 UTC] [INFO    ] [STEP 076] s=  35.0 AU  drot in/out = 0.1455/0.0926 deg  excess = +0.0529 deg
[2026-09-21 14:51:25 UTC] [INFO    ] [STEP 076] s=  40.0 AU  drot in/out = 0.1489/0.0927 deg  excess = +0.0562 deg
[2026-09-21 14:51:25 UTC] [INFO    ] [STEP 076] s=  50.0 AU  drot in/out = 0.1489/0.0933 deg  excess = +0.0556 deg
[2026-09-21 14:51:25 UTC] [INFO    ] [STEP 076] s=  60.0 AU  drot in/out = 0.1479/0.0936 deg  excess = +0.0543 deg
[2026-09-21 14:51:25 UTC] [INFO    ] [STEP 076] s=  80.0 AU  drot in/out = 0.1474/0.0941 deg  excess = +0.0533 deg
[2026-09-21 14:51:25 UTC] [INFO    ] [STEP 076] s= 100.0 AU  drot in/out = 0.1473/0.0942 deg  excess = +0.0530 deg
[2026-09-21 14:51:25 UTC] [INFO    ] [STEP 076] half-excess radius: 8.0 AU
[2026-09-21 14:51:25 UTC] [INFO    ] [STEP 076] 
[2026-09-21 14:51:25 UTC] [INFO    ] [STEP 076] ================================================================================
[2026-09-21 14:51:25 UTC] [INFO    ] [STEP 076] STEP SUMMARY: step_076_inner_slip_profile
[2026-09-21 14:51:25 UTC] [INFO    ] [STEP 076] ================================================================================
[2026-09-21 14:51:25 UTC] [INFO    ] [STEP 076] Step Number: 076
[2026-09-21 14:51:25 UTC] [INFO    ] [STEP 076] Status: SUCCESS
[2026-09-21 14:51:25 UTC] [INFO    ] [STEP 076] Duration: 44.90s
[2026-09-21 14:51:25 UTC] [INFO    ] [STEP 076] Log Records Emitted: 67
[2026-09-21 14:51:25 UTC] [INFO    ] [STEP 076] Output Files: 3
[2026-09-21 14:51:25 UTC] [INFO    ] [STEP 076] Log file: /Users/matthewsmawfield/www/Temporal Equivalence Principle/TEP-9/logs/step_076_inner_slip_profile.log
[2026-09-21 14:51:25 UTC] [INFO    ] [STEP 076] 
[2026-09-21 14:51:25 UTC] [INFO    ] [STEP 076] Generated 3 output file(s):
[2026-09-21 14:51:25 UTC] [INFO    ] [STEP 076]   • step_b41_inner_slip.json: 2.31 KB [sha256 c44ca7bcda9e34ab]
[2026-09-21 14:51:25 UTC] [INFO    ] [STEP 076]   • step_b41_inner_slip.csv: 67.26 KB [sha256 485155d463313f5a]
[2026-09-21 14:51:25 UTC] [INFO    ] [STEP 076]   • step_b41_inner_slip.png: 226.05 KB [sha256 a05d14f24dbc4086]
[2026-09-21 14:51:25 UTC] [INFO    ] [STEP 076] 
[2026-09-21 14:51:25 UTC] [INFO    ] [STEP 076]   RESULT SNAPSHOT [step_b41_inner_slip.json]:
[2026-09-21 14:51:25 UTC] [INFO    ] [STEP 076]     failed [n=0]
[2026-09-21 14:51:25 UTC] [INFO    ] [STEP 076]     profile:
[2026-09-21 14:51:25 UTC] [INFO    ] [STEP 076]       n_in = 43
[2026-09-21 14:51:25 UTC] [INFO    ] [STEP 076]       n_out = 88
[2026-09-21 14:51:25 UTC] [INFO    ] [STEP 076]       excess_half_radius_au = 8
[2026-09-21 14:51:25 UTC] [INFO    ] [STEP 076]     profile.shells [n=12]: median=32.5 min=8 max=100
[2026-09-21 14:51:25 UTC] [INFO    ] [STEP 076]     profile.median_drot_in [n=12]: median=0.14730924 min=0.14105457 max=0.14890699
[2026-09-21 14:51:25 UTC] [INFO    ] [STEP 076]     profile.median_drot_out [n=12]: median=0.092189457 min=0.072771535 max=0.094212014
[2026-09-21 14:51:25 UTC] [INFO    ] [STEP 076]     profile.excess_drot [n=12]: median=0.054129653 min=0.052880688 max=0.068283034
[2026-09-21 14:51:25 UTC] [INFO    ] [STEP 076]     profile.excess_ci [n=12]
[2026-09-21 14:51:25 UTC] [INFO    ] [STEP 076]     profile.excess_vs_shell:
[2026-09-21 14:51:25 UTC] [INFO    ] [STEP 076]       rho = -0.53146853
[2026-09-21 14:51:25 UTC] [INFO    ] [STEP 076]       p_2sided = 0.075362335
[2026-09-21 14:51:25 UTC] [INFO    ] [STEP 076] ================================================================================
[2026-09-21 14:51:25 UTC] [INFO    ] [STEP 076] STEP 076 COMPLETE: SUCCESS
[2026-09-21 14:51:25 UTC] [INFO    ] [STEP 076] Provenance data saved to /Users/matthewsmawfield/www/Temporal Equivalence Principle/TEP-9/results/provenance/step_076_inner_slip_profile_provenance.json
[2026-09-21 14:51:25 UTC] [INFO    ] [STEP 076] 
[2026-09-21 14:51:25 UTC] [INFO    ] [STEP 076] ================================================================================
[2026-09-21 14:51:25 UTC] [INFO    ] [STEP 076] EXECUTIVE SUMMARY
[2026-09-21 14:51:25 UTC] [INFO    ] [STEP 076] ================================================================================
[2026-09-21 14:51:25 UTC] [INFO    ] [STEP 076] Step: step_076_inner_slip_profile (Step 076)
[2026-09-21 14:51:25 UTC] [INFO    ] [STEP 076] Status: SUCCESS
[2026-09-21 14:51:25 UTC] [INFO    ] [STEP 076] Duration: 44.90s
[2026-09-21 14:51:25 UTC] [INFO    ] [STEP 076] Log Records: 93
[2026-09-21 14:51:25 UTC] [INFO    ] [STEP 076] Output Files: 3
[2026-09-21 14:51:25 UTC] [INFO    ] [STEP 076] Key Outputs:
[2026-09-21 14:51:25 UTC] [INFO    ] [STEP 076]   - step_b41_inner_slip.json (2.31 KB)
[2026-09-21 14:51:25 UTC] [INFO    ] [STEP 076]   - step_b41_inner_slip.csv (67.26 KB)
[2026-09-21 14:51:25 UTC] [INFO    ] [STEP 076]   - step_b41_inner_slip.png (226.05 KB)
[2026-09-21 14:51:25 UTC] [INFO    ] [STEP 076] ================================================================================
