[2026-09-20 12:23:44 UTC] [INFO    ] [STEP 127] LOGGER INITIALIZED: step_127_nonwarsaw_refit (Step 127)
[2026-09-20 12:23:44 UTC] [DEBUG   ] [STEP 127] Log file: /Users/matthewsmawfield/www/Temporal Equivalence Principle/TEP-9/logs/step_127_nonwarsaw_refit.log
[2026-09-20 12:23:44 UTC] [DEBUG   ] [STEP 127] Project root: /Users/matthewsmawfield/www/Temporal Equivalence Principle/TEP-9
[2026-09-20 12:23:44 UTC] [DEBUG   ] [STEP 127] Start time (UTC): 2026-09-20T12:23:44.586066+00:00
[2026-09-20 12:23:44 UTC] [INFO    ] [STEP 127] 
[2026-09-20 12:23:44 UTC] [INFO    ] [STEP 127] STEP PURPOSE
[2026-09-20 12:23:44 UTC] [INFO    ] [STEP 127] --------------------------------------------------------------------------------
[2026-09-20 12:23:44 UTC] [INFO    ] [STEP 127]   Step 127 -- Non-Warsaw two-leg refit: carrier-degeneracy close.
[2026-09-20 12:23:44 UTC] [INFO    ] [STEP 127]   The transit channel (steps 030-086) rests on the three-leg catalogue
[2026-09-20 12:23:44 UTC] [INFO    ] [STEP 127]   record: separate orbit solutions fitted to pre- and post-perihelion
[2026-09-20 12:23:44 UTC] [INFO    ] [STEP 127]   astrometry, all of Warsaw-school lineage (CODE / Warsaw / CometEls).
[2026-09-20 12:23:44 UTC] [INFO    ] [STEP 127]   The registered vulnerability (T9 audit, step_123) is that a shared
[2026-09-20 12:23:44 UTC] [INFO    ] [STEP 127]   fitting pipeline could manufacture the observable; step_124 showed
[2026-09-20 12:23:44 UTC] [INFO    ] [STEP 127]   the spatial aphelion channel survives on reconstruction-free SBDB
[2026-09-20 12:23:44 UTC] [INFO    ] [STEP 127]   elements, but the rotation/slip channel had never been replicated by
[2026-09-20 12:23:44 UTC] [INFO    ] [STEP 127]   an independent fitter.
[2026-09-20 12:23:44 UTC] [INFO    ] [STEP 127]   This step builds that independent fitter.  For every pre-2018 LPC
[2026-09-20 12:23:44 UTC] [INFO    ] [STEP 127]   cohort member (step_b84) in the MPC-astrometry era (perihelion year
[2026-09-20 12:23:44 UTC] [INFO    ] [STEP 127]   >= 1950) it
[2026-09-20 12:23:44 UTC] [INFO    ] [STEP 127]   1. pulls the raw MPC observation record for the comet
[2026-09-20 12:23:44 UTC] [INFO    ] [STEP 127]   (data.minorplanetcenter.net get-obs, ADES_DF), cached under
[2026-09-20 12:23:44 UTC] [INFO    ] [STEP 127]   data/raw/mpc/obs/;
[2026-09-20 12:23:44 UTC] [INFO    ] [STEP 127]   2. pulls the full-precision SBDB solution purely as an orbit seed
[2026-09-20 12:23:44 UTC] [INFO    ] [STEP 127]   (data/raw/mpc/sbdb_fp/), cached;
[2026-09-20 12:23:44 UTC] [INFO    ] [STEP 127]   3. splits the observations at perihelion and fits each leg
[2026-09-20 12:23:44 UTC] [INFO    ] [STEP 127]   independently by Levenberg-Marquardt differential correction on
[2026-09-20 12:23:44 UTC] [INFO    ] [STEP 127]   the Cartesian state at the leg mid-epoch (6 parameters,
[2026-09-20 12:23:44 UTC] [INFO    ] [STEP 127]   REBOUND/IAS15 + DE440s force model identical to the boundary
[2026-09-20 12:23:44 UTC] [INFO    ] [STEP 127]   integrator, one-way light-time correction, topocentric
[2026-09-20 12:23:44 UTC] [INFO    ] [STEP 127]   parallax from the MPC observatory table, MAD outlier clip);
[2026-09-20 12:23:44 UTC] [INFO    ] [STEP 127]   4. propagates each fitted leg to the +/-250 AU barycentric sphere
[2026-09-20 12:23:44 UTC] [INFO    ] [STEP 127]   with the same integrate_leg machinery the catalogue record
[2026-09-20 12:23:44 UTC] [INFO    ] [STEP 127]   uses, yielding a zero-Warsaw-lineage boundary record per comet:
[2026-09-20 12:23:44 UTC] [INFO    ] [STEP 127]   our drot (full-arc fit propagated both ways), our ddirf
[2026-09-20 12:23:44 UTC] [INFO    ] [STEP 127]   (independent-leg orig-vs-future analogue), our energy kick daa
[2026-09-20 12:23:44 UTC] [INFO    ] [STEP 127]   and encounter distance denc, our aphelion axis angle theta.
[2026-09-20 12:23:44 UTC] [INFO    ] [STEP 127]   Registered tests
[2026-09-20 12:23:44 UTC] [INFO    ] [STEP 127]   T1  fitter validity: per-comet Spearman concordance of our drot vs
[2026-09-20 12:23:44 UTC] [INFO    ] [STEP 127]   the catalogue drot on the shared cohort, plus element-level
[2026-09-20 12:23:44 UTC] [INFO    ] [STEP 127]   agreement of our full-arc fit against its SBDB seed.  If the
[2026-09-20 12:23:44 UTC] [INFO    ] [STEP 127]   instrument works, both must concord.
[2026-09-20 12:23:44 UTC] [INFO    ] [STEP 127]   T2  rotation-per-encounter-kick residual cap contrast on the
[2026-09-20 12:23:44 UTC] [INFO    ] [STEP 127]   independent record: log10(drot) regressed on
[2026-09-20 12:23:44 UTC] [INFO    ] [STEP 127]   log10(|daa|+1), log10(denc), q, i exactly as in steps
[2026-09-20 12:23:44 UTC] [INFO    ] [STEP 127]   117/120/123; Mann-Whitney in-cap vs out at 60 deg on OUR theta,
[2026-09-20 12:23:44 UTC] [INFO    ] [STEP 127]   with a label-shuffle permutation null, reported beside the
[2026-09-20 12:23:44 UTC] [INFO    ] [STEP 127]   catalogue-side contrast recomputed on the identical members.
[2026-09-20 12:23:44 UTC] [INFO    ] [STEP 127]   This symmetric channel is flat on BOTH records -- the catalogue
[2026-09-20 12:23:44 UTC] [INFO    ] [STEP 127]   itself registers no raw drot cap contrast on the fittable
[2026-09-20 12:23:44 UTC] [INFO    ] [STEP 127]   subset.
[2026-09-20 12:23:44 UTC] [INFO    ] [STEP 127]   T2b DECISIVE -- the registered carrier channel (step_123): the
[2026-09-20 12:23:44 UTC] [INFO    ] [STEP 127]   inbound-leg deviation d_in = sep(inbound boundary asymptote,
[2026-09-20 12:23:44 UTC] [INFO    ] [STEP 127]   osculating periapsis direction).  The step_123 audit localized
[2026-09-20 12:23:44 UTC] [INFO    ] [STEP 127]   the catalogue anomaly to this channel (in-cap excess p = 0.042
[2026-09-20 12:23:44 UTC] [INFO    ] [STEP 127]   with the outbound leg flat).  T2b tests whether the SAME in-cap
[2026-09-20 12:23:44 UTC] [INFO    ] [STEP 127]   excess survives on the zero-Warsaw-lineage fits, on identical
[2026-09-20 12:23:44 UTC] [INFO    ] [STEP 127]   members, against the catalogue-side contrast recomputed on the
[2026-09-20 12:23:44 UTC] [INFO    ] [STEP 127]   same set.  Replication here closes the lineage objection: the
[2026-09-20 12:23:44 UTC] [INFO    ] [STEP 127]   anomaly lives in the astrometry, not in the Warsaw pipeline.
[2026-09-20 12:23:44 UTC] [INFO    ] [STEP 127]   T3  independent-leg disagreement: cap contrast of our ddirf and
[2026-09-20 12:23:44 UTC] [INFO    ] [STEP 127]   its concordance with the catalogue rotation -- the
[2026-09-20 12:23:44 UTC] [INFO    ] [STEP 127]   orig-vs-future analogue built from fits that never shared an
[2026-09-20 12:23:44 UTC] [INFO    ] [STEP 127]   orbit solution.
[2026-09-20 12:23:44 UTC] [INFO    ] [STEP 127]   T4  cross-arc prediction: our inbound fit propagated FORWARD to
[2026-09-20 12:23:44 UTC] [INFO    ] [STEP 127]   the withheld outbound observations -- rms misfit, in-cap vs
[2026-09-20 12:23:44 UTC] [INFO    ] [STEP 127]   out.  A pure-gravity single-orbit world predicts equal
[2026-09-20 12:23:44 UTC] [INFO    ] [STEP 127]   extrapolation loss both ways; the NG-floor controls are the
[2026-09-20 12:23:44 UTC] [INFO    ] [STEP 127]   same for all comets so a cap-asymmetric extrapolation penalty
[2026-09-20 12:23:44 UTC] [INFO    ] [STEP 127]   is a candidate physical discriminator.
[2026-09-20 12:23:44 UTC] [INFO    ] [STEP 127]   T5  audit: fit quality (rms per leg), cohort yield, and the
[2026-09-20 12:23:44 UTC] [INFO    ] [STEP 127]   per-leg observation floor.
[2026-09-20 12:23:44 UTC] [INFO    ] [STEP 127]   Outputs
[2026-09-20 12:23:44 UTC] [INFO    ] [STEP 127]   results/step_b91_nonwarsaw_refit.json
[2026-09-20 12:23:44 UTC] [INFO    ] [STEP 127]   results/step_b91_nonwarsaw_refit.csv
[2026-09-20 12:23:44 UTC] [INFO    ] [STEP 127]   results/figures/supplementary/step_b91_nonwarsaw_refit.png
[2026-09-20 12:23:44 UTC] [INFO    ] [STEP 127]   results/step_b91_refit.jsonl            (per-comet checkpoint)
[2026-09-20 12:23:44 UTC] [INFO    ] [STEP 127]   data/raw/mpc/obs/<desig>.json           (MPC astrometry cache)
[2026-09-20 12:23:44 UTC] [INFO    ] [STEP 127]   data/raw/mpc/sbdb_fp/<desig>.json       (SBDB full-prec seeds)
[2026-09-20 12:23:44 UTC] [INFO    ] [STEP 127]   data/raw/mpc/obscodes.json              (observatory table)
[2026-09-20 12:23:44 UTC] [INFO    ] [STEP 127] --------------------------------------------------------------------------------
[2026-09-20 12:23:44 UTC] [INFO    ] [STEP 127] EXECUTION ENVIRONMENT: python 3.13.5 | macOS-26.5.1 | numpy 2.1.3 | scipy 1.14.1 | pandas 2.2.3 | astropy 7.1.1 | rebound 5.1.1 | matplotlib 3.9.2 | cpus 15
[2026-09-20 12:23:44 UTC] [INFO    ] [STEP 127] SCRIPT: scripts/steps/step_127_nonwarsaw_refit.py
[2026-09-20 12:23:44 UTC] [INFO    ] [STEP 127] SCRIPT SHA256: e1b0a01816d29d580f2297462abf4a77caea6c4a2ab686cb80d3ef33926d130d
[2026-09-20 12:23:44 UTC] [INFO    ] [STEP 127] SCRIPT SIZE: 29439 bytes
[2026-09-20 12:23:44 UTC] [INFO    ] [STEP 127] ================================================================================
[2026-09-20 12:23:44 UTC] [INFO    ] [STEP 127] Non-Warsaw two-leg refit on raw MPC astrometry
[2026-09-20 12:23:44 UTC] [INFO    ] [STEP 127] ================================================================================
[2026-09-20 12:23:44 UTC] [INFO    ] [STEP 127] refit cohort: 600 comets with perihelion >= 1950
[2026-09-20 12:23:44 UTC] [INFO    ] [STEP 127] 586 checkpointed, 14 failed, 0 to process
[2026-09-20 12:23:44 UTC] [INFO    ] [STEP 127] fitted cohort: 586 comets (14 failed/skipped)
[2026-09-20 12:23:44 UTC] [INFO    ] [STEP 127] RESULT PAYLOAD:
[2026-09-20 12:23:44 UTC] [INFO    ] [STEP 127] {
[2026-09-20 12:23:44 UTC] [INFO    ] [STEP 127]  "step": "step_127_nonwarsaw_refit",
[2026-09-20 12:23:44 UTC] [INFO    ] [STEP 127]  "description": "independent non-Warsaw two-leg LM refit on raw MPC astrometry; boundary propagation identical to the catalogue record",
[2026-09-20 12:23:44 UTC] [INFO    ] [STEP 127]  "min_year": 1950.0,
[2026-09-20 12:23:44 UTC] [INFO    ] [STEP 127]  "min_obs_per_leg": 12,
[2026-09-20 12:23:44 UTC] [INFO    ] [STEP 127]  "n_attempted": 600,
[2026-09-20 12:23:44 UTC] [INFO    ] [STEP 127]  "n_fitted": 586,
[2026-09-20 12:23:44 UTC] [INFO    ] [STEP 127]  "n_failed": 14,
[2026-09-20 12:23:44 UTC] [INFO    ] [STEP 127]  "n_full_arc": 586,
[2026-09-20 12:23:44 UTC] [INFO    ] [STEP 127]  "n_dual_leg": 373,
[2026-09-20 12:23:44 UTC] [INFO    ] [STEP 127]  "T1_validity": {
[2026-09-20 12:23:44 UTC] [INFO    ] [STEP 127]   "drot_concordance": {
[2026-09-20 12:23:44 UTC] [INFO    ] [STEP 127]    "n": 586,
[2026-09-20 12:23:44 UTC] [INFO    ] [STEP 127]    "rho": 0.9978499173108192,
[2026-09-20 12:23:44 UTC] [INFO    ] [STEP 127]    "p": 5e-324
[2026-09-20 12:23:44 UTC] [INFO    ] [STEP 127]   },
[2026-09-20 12:23:44 UTC] [INFO    ] [STEP 127]   "element_diffs_vs_sbdb": {
[2026-09-20 12:23:44 UTC] [INFO    ] [STEP 127]    "med_dq_au": 2.0607799888106015e-05,
[2026-09-20 12:23:44 UTC] [INFO    ] [STEP 127]    "med_di_deg": 3.441567118045441e-05,
[2026-09-20 12:23:44 UTC] [INFO    ] [STEP 127]    "med_pdir_deg": 0.003295825456023843,
[2026-09-20 12:23:44 UTC] [INFO    ] [STEP 127]    "p95_pdir_deg": 0.045756744702685
[2026-09-20 12:23:44 UTC] [INFO    ] [STEP 127]   }
[2026-09-20 12:23:44 UTC] [INFO    ] [STEP 127]  },
[2026-09-20 12:23:44 UTC] [INFO    ] [STEP 127]  "T2_replication": {
[2026-09-20 12:23:44 UTC] [INFO    ] [STEP 127]   "our_record": {
[2026-09-20 12:23:44 UTC] [INFO    ] [STEP 127]    "n_in": 162,
[2026-09-20 12:23:44 UTC] [INFO    ] [STEP 127]    "n_out": 424,
[2026-09-20 12:23:44 UTC] [INFO    ] [STEP 127]    "med_gap": 0.010447260166246197,
[2026-09-20 12:23:44 UTC] [INFO    ] [STEP 127]    "p_mwu": 0.18380247476879413,
[2026-09-20 12:23:44 UTC] [INFO    ] [STEP 127]    "obs_med_diff": 0.010447260166246197,
[2026-09-20 12:23:44 UTC] [INFO    ] [STEP 127]    "p_perm": 0.38552289542091583
[2026-09-20 12:23:44 UTC] [INFO    ] [STEP 127]   },
[2026-09-20 12:23:44 UTC] [INFO    ] [STEP 127]   "catalogue_same_members": {
[2026-09-20 12:23:44 UTC] [INFO    ] [STEP 127]    "n_in": 162,
[2026-09-20 12:23:44 UTC] [INFO    ] [STEP 127]    "n_out": 424,
[2026-09-20 12:23:44 UTC] [INFO    ] [STEP 127]    "med_gap": -0.016983273257364484,
[2026-09-20 12:23:44 UTC] [INFO    ] [STEP 127]    "p_mwu": 0.4150114364119598
[2026-09-20 12:23:44 UTC] [INFO    ] [STEP 127]   },
[2026-09-20 12:23:44 UTC] [INFO    ] [STEP 127]   "our_record_code_overlap": {
[2026-09-20 12:23:44 UTC] [INFO    ] [STEP 127]    "n_in": 77,
[2026-09-20 12:23:44 UTC] [INFO    ] [STEP 127]    "n_out": 175,
[2026-09-20 12:23:44 UTC] [INFO    ] [STEP 127]    "med_gap": 0.03949463533881925,
[2026-09-20 12:23:44 UTC] [INFO    ] [STEP 127]    "p_mwu": 0.11420129828728015
[2026-09-20 12:23:44 UTC] [INFO    ] [STEP 127]   },
[2026-09-20 12:23:44 UTC] [INFO    ] [STEP 127]   "d_in_carrier": {
[2026-09-20 12:23:44 UTC] [INFO    ] [STEP 127]    "full": {
[2026-09-20 12:23:44 UTC] [INFO    ] [STEP 127]     "our": {
[2026-09-20 12:23:44 UTC] [INFO    ] [STEP 127]      "n_in": 162,
[2026-09-20 12:23:44 UTC] [INFO    ] [STEP 127]      "med_in": 0.09805622752625004,
[2026-09-20 12:23:44 UTC] [INFO    ] [STEP 127]      "med_out": 0.0850718713174156,
[2026-09-20 12:23:44 UTC] [INFO    ] [STEP 127]      "p": 0.03407361372998079
[2026-09-20 12:23:44 UTC] [INFO    ] [STEP 127]     },
[2026-09-20 12:23:44 UTC] [INFO    ] [STEP 127]     "cat": {
[2026-09-20 12:23:44 UTC] [INFO    ] [STEP 127]      "n_in": 162,
[2026-09-20 12:23:44 UTC] [INFO    ] [STEP 127]      "med_in": 0.09539301937332184,
[2026-09-20 12:23:44 UTC] [INFO    ] [STEP 127]      "med_out": 0.0838157699776806,
[2026-09-20 12:23:44 UTC] [INFO    ] [STEP 127]      "p": 0.02650878273998777
[2026-09-20 12:23:44 UTC] [INFO    ] [STEP 127]     },
[2026-09-20 12:23:44 UTC] [INFO    ] [STEP 127]     "per_comet_rho": 0.9547549372365786,
[2026-09-20 12:23:44 UTC] [INFO    ] [STEP 127]     "per_comet_p": 9.21149121191557e-310
[2026-09-20 12:23:44 UTC] [INFO    ] [STEP 127]    },
[2026-09-20 12:23:44 UTC] [INFO    ] [STEP 127]    "code_overlap": {
[2026-09-20 12:23:44 UTC] [INFO    ] [STEP 127]     "our": {
[2026-09-20 12:23:44 UTC] [INFO    ] [STEP 127]      "n_in": 77,
[2026-09-20 12:23:44 UTC] [INFO    ] [STEP 127]      "med_in": 0.10119297805915865,
[2026-09-20 12:23:44 UTC] [INFO    ] [STEP 127]      "med_out": 0.0761226314877068,
[2026-09-20 12:23:44 UTC] [INFO    ] [STEP 127]      "p": 0.00695413813540966
[2026-09-20 12:23:44 UTC] [INFO    ] [STEP 127]     },
[2026-09-20 12:23:44 UTC] [INFO    ] [STEP 127]     "cat": {
[2026-09-20 12:23:44 UTC] [INFO    ] [STEP 127]      "n_in": 77,
[2026-09-20 12:23:44 UTC] [INFO    ] [STEP 127]      "med_in": 0.09402308165483048,
[2026-09-20 12:23:44 UTC] [INFO    ] [STEP 127]      "med_out": 0.07643680184744361,
[2026-09-20 12:23:44 UTC] [INFO    ] [STEP 127]      "p": 0.004971278539277095
[2026-09-20 12:23:44 UTC] [INFO    ] [STEP 127]     },
[2026-09-20 12:23:44 UTC] [INFO    ] [STEP 127]     "per_comet_rho": 0.9353138921820717,
[2026-09-20 12:23:44 UTC] [INFO    ] [STEP 127]     "per_comet_p": 8.44571463481608e-115
[2026-09-20 12:23:44 UTC] [INFO    ] [STEP 127]    }
[2026-09-20 12:23:44 UTC] [INFO    ] [STEP 127]   }
[2026-09-20 12:23:44 UTC] [INFO    ] [STEP 127]  },
[2026-09-20 12:23:44 UTC] [INFO    ] [STEP 127]  "T3_leg_disagreement": {
[2026-09-20 12:23:44 UTC] [INFO    ] [STEP 127]   "our_ddirf_cap": {
[2026-09-20 12:23:44 UTC] [INFO    ] [STEP 127]    "n": 373,
[2026-09-20 12:23:44 UTC] [INFO    ] [STEP 127]    "n_in": 99,
[2026-09-20 12:23:44 UTC] [INFO    ] [STEP 127]    "med_in": 0.14843100229007286,
[2026-09-20 12:23:44 UTC] [INFO    ] [STEP 127]    "med_out": 0.12269719452102743,
[2026-09-20 12:23:44 UTC] [INFO    ] [STEP 127]    "p": 0.09639338766847294
[2026-09-20 12:23:44 UTC] [INFO    ] [STEP 127]   },
[2026-09-20 12:23:44 UTC] [INFO    ] [STEP 127]   "ddirf_vs_cat_drot": {
[2026-09-20 12:23:44 UTC] [INFO    ] [STEP 127]    "rho": 0.9463786159153227,
[2026-09-20 12:23:44 UTC] [INFO    ] [STEP 127]    "p": 3.842654617500195e-184
[2026-09-20 12:23:44 UTC] [INFO    ] [STEP 127]   },
[2026-09-20 12:23:44 UTC] [INFO    ] [STEP 127]   "leg_vs_osc": {
[2026-09-20 12:23:44 UTC] [INFO    ] [STEP 127]    "all_inbound": {
[2026-09-20 12:23:44 UTC] [INFO    ] [STEP 127]     "n_in": 99,
[2026-09-20 12:23:44 UTC] [INFO    ] [STEP 127]     "med_in": 0.1080794548379425,
[2026-09-20 12:23:44 UTC] [INFO    ] [STEP 127]     "med_out": 0.08204166611113237,
[2026-09-20 12:23:44 UTC] [INFO    ] [STEP 127]     "p": 0.0022928480118939855
[2026-09-20 12:23:44 UTC] [INFO    ] [STEP 127]    },
[2026-09-20 12:23:44 UTC] [INFO    ] [STEP 127]    "all_outbound": {
[2026-09-20 12:23:44 UTC] [INFO    ] [STEP 127]     "n_in": 99,
[2026-09-20 12:23:44 UTC] [INFO    ] [STEP 127]     "med_in": 0.09641779240228103,
[2026-09-20 12:23:44 UTC] [INFO    ] [STEP 127]     "med_out": 0.09871198018113411,
[2026-09-20 12:23:44 UTC] [INFO    ] [STEP 127]     "p": 0.5680037553023184
[2026-09-20 12:23:44 UTC] [INFO    ] [STEP 127]    },
[2026-09-20 12:23:44 UTC] [INFO    ] [STEP 127]    "code_inbound": {
[2026-09-20 12:23:44 UTC] [INFO    ] [STEP 127]     "n_in": 48,
[2026-09-20 12:23:44 UTC] [INFO    ] [STEP 127]     "med_in": 0.11469993869230716,
[2026-09-20 12:23:44 UTC] [INFO    ] [STEP 127]     "med_out": 0.07269052254770768,
[2026-09-20 12:23:44 UTC] [INFO    ] [STEP 127]     "p": 1.119675640290468e-05
[2026-09-20 12:23:44 UTC] [INFO    ] [STEP 127]    },
[2026-09-20 12:23:44 UTC] [INFO    ] [STEP 127]    "code_outbound": {
[2026-09-20 12:23:44 UTC] [INFO    ] [STEP 127]     "n_in": 48,
[2026-09-20 12:23:44 UTC] [INFO    ] [STEP 127]     "med_in": 0.09590510310536365,
[2026-09-20 12:23:44 UTC] [INFO    ] [STEP 127]     "med_out": 0.08802361356400765,
[2026-09-20 12:23:44 UTC] [INFO    ] [STEP 127]     "p": 0.16934446689856242
[2026-09-20 12:23:44 UTC] [INFO    ] [STEP 127]    }
[2026-09-20 12:23:44 UTC] [INFO    ] [STEP 127]   }
[2026-09-20 12:23:44 UTC] [INFO    ] [STEP 127]  },
[2026-09-20 12:23:44 UTC] [INFO    ] [STEP 127]  "T4_cross_arc": {
[2026-09-20 12:23:44 UTC] [INFO    ] [STEP 127]   "xarc_rms": {
[2026-09-20 12:23:44 UTC] [INFO    ] [STEP 127]    "n": 373,
[2026-09-20 12:23:44 UTC] [INFO    ] [STEP 127]    "n_in": 99,
[2026-09-20 12:23:44 UTC] [INFO    ] [STEP 127]    "med_in_arcsec": 5.3835190236593355,
[2026-09-20 12:23:44 UTC] [INFO    ] [STEP 127]    "med_out_arcsec": 6.240546852523356,
[2026-09-20 12:23:44 UTC] [INFO    ] [STEP 127]    "p": 0.9226465352658968
[2026-09-20 12:23:44 UTC] [INFO    ] [STEP 127]   }
[2026-09-20 12:23:44 UTC] [INFO    ] [STEP 127]  },
[2026-09-20 12:23:44 UTC] [INFO    ] [STEP 127]  "T5_audit": {
[2026-09-20 12:23:44 UTC] [INFO    ] [STEP 127]   "rms_all_median": 0.761992926576097,
[2026-09-20 12:23:44 UTC] [INFO    ] [STEP 127]   "rms_all_p95": 2.1945647230596483,
[2026-09-20 12:23:44 UTC] [INFO    ] [STEP 127]   "n_failed_examples": [
[2026-09-20 12:23:44 UTC] [INFO    ] [STEP 127]    "C/1951 P1 (Wilson-Harrington)",
[2026-09-20 12:23:44 UTC] [INFO    ] [STEP 127]    "C/1956 E1 (Mrkos)",
[2026-09-20 12:23:44 UTC] [INFO    ] [STEP 127]    "C/1958 D1 (Burnham)",
[2026-09-20 12:23:44 UTC] [INFO    ] [STEP 127]    "C/1959 O1 (Bester-Hoffmeister)",
[2026-09-20 12:23:44 UTC] [INFO    ] [STEP 127]    "C/1959 Q1 (Alcock)",
[2026-09-20 12:23:44 UTC] [INFO    ] [STEP 127]    "C/1973 W1 (Gibson)",
[2026-09-20 12:23:44 UTC] [INFO    ] [STEP 127]    "C/1981 M1 (Gonzalez)",
[2026-09-20 12:23:44 UTC] [INFO    ] [STEP 127]    "C/1986 P1 (Wilson)",
[2026-09-20 12:23:44 UTC] [INFO    ] [STEP 127]    "C/1996 R1 (Hergenrother-Spahr)",
[2026-09-20 12:23:44 UTC] [INFO    ] [STEP 127]    "C/2010 E3 (WISE)"
[2026-09-20 12:23:44 UTC] [INFO    ] [STEP 127]   ]
[2026-09-20 12:23:44 UTC] [INFO    ] [STEP 127]  },
[2026-09-20 12:23:44 UTC] [INFO    ] [STEP 127]  "T6_ng_stratification": {
[2026-09-20 12:23:44 UTC] [INFO    ] [STEP 127]   "ng_clean_d_in": {
[2026-09-20 12:23:44 UTC] [INFO    ] [STEP 127]    "n_in": 85,
[2026-09-20 12:23:44 UTC] [INFO    ] [STEP 127]    "n_out": 245,
[2026-09-20 12:23:44 UTC] [INFO    ] [STEP 127]    "med_in": 0.10259098423134673,
[2026-09-20 12:23:44 UTC] [INFO    ] [STEP 127]    "med_out": 0.08220844243495723,
[2026-09-20 12:23:44 UTC] [INFO    ] [STEP 127]    "p": 0.005778727455498161
[2026-09-20 12:23:44 UTC] [INFO    ] [STEP 127]   },
[2026-09-20 12:23:44 UTC] [INFO    ] [STEP 127]   "q_strata_d_in": {
[2026-09-20 12:23:44 UTC] [INFO    ] [STEP 127]    "q>2.0": {
[2026-09-20 12:23:44 UTC] [INFO    ] [STEP 127]     "n_in": 66,
[2026-09-20 12:23:44 UTC] [INFO    ] [STEP 127]     "med_in": 0.10522372343009,
[2026-09-20 12:23:44 UTC] [INFO    ] [STEP 127]     "med_out": 0.07704533961010296,
[2026-09-20 12:23:44 UTC] [INFO    ] [STEP 127]     "p": 0.0037278567308288236
[2026-09-20 12:23:44 UTC] [INFO    ] [STEP 127]    },
[2026-09-20 12:23:44 UTC] [INFO    ] [STEP 127]    "q>2.5": {
[2026-09-20 12:23:44 UTC] [INFO    ] [STEP 127]     "n_in": 58,
[2026-09-20 12:23:44 UTC] [INFO    ] [STEP 127]     "med_in": 0.10522372343009,
[2026-09-20 12:23:44 UTC] [INFO    ] [STEP 127]     "med_out": 0.07232226814570672,
[2026-09-20 12:23:44 UTC] [INFO    ] [STEP 127]     "p": 0.0025980907702954294
[2026-09-20 12:23:44 UTC] [INFO    ] [STEP 127]    },
[2026-09-20 12:23:44 UTC] [INFO    ] [STEP 127]    "q>3.0": {
[2026-09-20 12:23:44 UTC] [INFO    ] [STEP 127]     "n_in": 47,
[2026-09-20 12:23:44 UTC] [INFO    ] [STEP 127]     "med_in": 0.1097374014189382,
[2026-09-20 12:23:44 UTC] [INFO    ] [STEP 127]     "med_out": 0.0662251737694658,
[2026-09-20 12:23:44 UTC] [INFO    ] [STEP 127]     "p": 9.257626843967807e-05
[2026-09-20 12:23:44 UTC] [INFO    ] [STEP 127]    }
[2026-09-20 12:23:44 UTC] [INFO    ] [STEP 127]   }
[2026-09-20 12:23:44 UTC] [INFO    ] [STEP 127]  },
[2026-09-20 12:23:44 UTC] [INFO    ] [STEP 127]  "test_summary": {
[2026-09-20 12:23:44 UTC] [INFO    ] [STEP 127]   "concordant": true,
[2026-09-20 12:23:44 UTC] [INFO    ] [STEP 127]   "inbound_contrast": true,
[2026-09-20 12:23:44 UTC] [INFO    ] [STEP 127]   "leg_inbound_contrast": true
[2026-09-20 12:23:44 UTC] [INFO    ] [STEP 127]  },
[2026-09-20 12:23:44 UTC] [INFO    ] [STEP 127]  "verdict": "INDEPENDENT-ASTROMETRY REPLICATION: the zero-Warsaw-lineage two-leg refit concords with the catalogue per-comet rotations (rho=0.998) and retains the registered inbound-leg in-cap carrier on identical members (refit p=0.0341 vs catalogue p=0.0265; CODE-overlap p=0.00695; leg-vs-osculating inbound p=0.00229 against outbound p=0.568).  The carrier is leg-specific on the independent fits, so the anomaly lives in the shared astrometric record rather than in the Warsaw fit products.  Shared astrometry, common dynamics, nuisance absorption and covariance bound interpretation; they do not produce the carrier.",
[2026-09-20 12:23:44 UTC] [INFO    ] [STEP 127]  "evidence_status": "independent-lineage replication",
[2026-09-20 12:23:44 UTC] [INFO    ] [STEP 127]  "inputs": [
[2026-09-20 12:23:44 UTC] [INFO    ] [STEP 127]   "results/step_b84_pre2018_sbdb.csv",
[2026-09-20 12:23:44 UTC] [INFO    ] [STEP 127]   "data/raw/mpc/CometEls.txt",
[2026-09-20 12:23:44 UTC] [INFO    ] [STEP 127]   "data/raw/mpc/obs/*.json (MPC get-obs ADES_DF, cached)",
[2026-09-20 12:23:44 UTC] [INFO    ] [STEP 127]   "data/raw/mpc/sbdb_fp/*.json (SBDB full-prec seeds, cached)",
[2026-09-20 12:23:44 UTC] [INFO    ] [STEP 127]   "data/raw/mpc/obscodes.json",
[2026-09-20 12:23:44 UTC] [INFO    ] [STEP 127]   "data/raw/spice/de440s.bsp",
[2026-09-20 12:23:44 UTC] [INFO    ] [STEP 127]   "data/raw/naif/naif0012.tls"
[2026-09-20 12:23:44 UTC] [INFO    ] [STEP 127]  ],
[2026-09-20 12:23:44 UTC] [INFO    ] [STEP 127]  "caveats": [
[2026-09-20 12:23:44 UTC] [INFO    ] [STEP 127]   "The refit is pure-gravity: cometary non-gravitational terms are absorbed into both leg solutions; the residual leg disagreement therefore carries the NG floor as well as any systematic. The registered tests are population contrasts (in-cap vs out-cap) on identical machinery, so a uniform NG floor cancels in the median gap but a cap-asymmetric term does not.",
[2026-09-20 12:23:44 UTC] [INFO    ] [STEP 127]   "Leg fits are unweighted (no astrometric uncertainties); MAD clipping substitutes for catalogue rejection flags.",
[2026-09-20 12:23:44 UTC] [INFO    ] [STEP 127]   "MPC coverage before ~1950 is sparse; the cohort floor is set by observability, not by the anomaly."
[2026-09-20 12:23:44 UTC] [INFO    ] [STEP 127]  ]
[2026-09-20 12:23:44 UTC] [INFO    ] [STEP 127] }
[2026-09-20 12:23:45 UTC] [INFO    ] [STEP 127] Saving data: step_b91_nonwarsaw_refit.json
[2026-09-20 12:23:45 UTC] [DEBUG   ] [STEP 127]   Full path: /Users/matthewsmawfield/www/Temporal Equivalence Principle/TEP-9/results/step_b91_nonwarsaw_refit.json
[2026-09-20 12:23:45 UTC] [INFO    ] [STEP 127]   Output: step_b91_nonwarsaw_refit.json
[2026-09-20 12:23:45 UTC] [INFO    ] [STEP 127] Saving data: step_b91_nonwarsaw_refit.csv
[2026-09-20 12:23:45 UTC] [DEBUG   ] [STEP 127]   Full path: /Users/matthewsmawfield/www/Temporal Equivalence Principle/TEP-9/results/step_b91_nonwarsaw_refit.csv
[2026-09-20 12:23:45 UTC] [INFO    ] [STEP 127]   Output: step_b91_nonwarsaw_refit.csv
[2026-09-20 12:23:45 UTC] [INFO    ] [STEP 127] Saving data: step_b91_nonwarsaw_refit.png
[2026-09-20 12:23:45 UTC] [DEBUG   ] [STEP 127]   Full path: /Users/matthewsmawfield/www/Temporal Equivalence Principle/TEP-9/results/figures/supplementary/step_b91_nonwarsaw_refit.png
[2026-09-20 12:23:45 UTC] [INFO    ] [STEP 127]   Output: step_b91_nonwarsaw_refit.png
[2026-09-20 12:23:45 UTC] [INFO    ] [STEP 127] 
[2026-09-20 12:23:45 UTC] [INFO    ] [STEP 127] ================================================================================
[2026-09-20 12:23:45 UTC] [INFO    ] [STEP 127] STEP SUMMARY: step_127_nonwarsaw_refit
[2026-09-20 12:23:45 UTC] [INFO    ] [STEP 127] ================================================================================
[2026-09-20 12:23:45 UTC] [INFO    ] [STEP 127] Step Number: 127
[2026-09-20 12:23:45 UTC] [INFO    ] [STEP 127] Status: SUCCESS
[2026-09-20 12:23:45 UTC] [INFO    ] [STEP 127] Duration: 0.72s
[2026-09-20 12:23:45 UTC] [INFO    ] [STEP 127] Log Records Emitted: 301
[2026-09-20 12:23:45 UTC] [INFO    ] [STEP 127] Output Files: 3
[2026-09-20 12:23:45 UTC] [INFO    ] [STEP 127] Log file: /Users/matthewsmawfield/www/Temporal Equivalence Principle/TEP-9/logs/step_127_nonwarsaw_refit.log
[2026-09-20 12:23:45 UTC] [INFO    ] [STEP 127] 
[2026-09-20 12:23:45 UTC] [INFO    ] [STEP 127] Generated 3 output file(s):
[2026-09-20 12:23:45 UTC] [INFO    ] [STEP 127]   • step_b91_nonwarsaw_refit.json: 5.53 KB [sha256 48657286fc96cf52]
[2026-09-20 12:23:45 UTC] [INFO    ] [STEP 127]   • step_b91_nonwarsaw_refit.csv: 359.97 KB [sha256 3ad099e1d3c69f20]
[2026-09-20 12:23:45 UTC] [INFO    ] [STEP 127]   • step_b91_nonwarsaw_refit.png: 554.88 KB [sha256 fdb56208523b0b9c]
[2026-09-20 12:23:45 UTC] [INFO    ] [STEP 127] ================================================================================
[2026-09-20 12:23:45 UTC] [INFO    ] [STEP 127] STEP 127 COMPLETE: SUCCESS
[2026-09-20 12:23:45 UTC] [INFO    ] [STEP 127] Provenance data saved to /Users/matthewsmawfield/www/Temporal Equivalence Principle/TEP-9/results/provenance/step_127_nonwarsaw_refit_provenance.json
[2026-09-20 12:23:45 UTC] [INFO    ] [STEP 127] 
[2026-09-20 12:23:45 UTC] [INFO    ] [STEP 127] ================================================================================
[2026-09-20 12:23:45 UTC] [INFO    ] [STEP 127] EXECUTIVE SUMMARY
[2026-09-20 12:23:45 UTC] [INFO    ] [STEP 127] ================================================================================
[2026-09-20 12:23:45 UTC] [INFO    ] [STEP 127] Step: step_127_nonwarsaw_refit (Step 127)
[2026-09-20 12:23:45 UTC] [INFO    ] [STEP 127] Status: SUCCESS
[2026-09-20 12:23:45 UTC] [INFO    ] [STEP 127] Duration: 0.72s
[2026-09-20 12:23:45 UTC] [INFO    ] [STEP 127] Log Records: 312
[2026-09-20 12:23:45 UTC] [INFO    ] [STEP 127] Output Files: 3
[2026-09-20 12:23:45 UTC] [INFO    ] [STEP 127] Key Outputs:
[2026-09-20 12:23:45 UTC] [INFO    ] [STEP 127]   - step_b91_nonwarsaw_refit.json (5.53 KB)
[2026-09-20 12:23:45 UTC] [INFO    ] [STEP 127]   - step_b91_nonwarsaw_refit.csv (359.97 KB)
[2026-09-20 12:23:45 UTC] [INFO    ] [STEP 127]   - step_b91_nonwarsaw_refit.png (554.88 KB)
[2026-09-20 12:23:45 UTC] [INFO    ] [STEP 127] ================================================================================
