[2026-09-19 20:49:51 UTC] [INFO    ] [STEP 095] LOGGER INITIALIZED: step_095_download_spacecraft (Step 095)
[2026-09-19 20:49:51 UTC] [DEBUG   ] [STEP 095] Log file: /Users/matthewsmawfield/www/Temporal Equivalence Principle/TEP-9/logs/step_095_download_spacecraft.log
[2026-09-19 20:49:51 UTC] [DEBUG   ] [STEP 095] Project root: /Users/matthewsmawfield/www/Temporal Equivalence Principle/TEP-9
[2026-09-19 20:49:51 UTC] [INFO    ] [STEP 095] ================================================================================
[2026-09-19 20:49:51 UTC] [INFO    ] [STEP 095] Step 095: spacecraft clock / plasma / power acquisition
[2026-09-19 20:49:51 UTC] [INFO    ] [STEP 095] ================================================================================
[2026-09-19 20:49:51 UTC] [DEBUG   ] [STEP 095] 
[2026-09-19 20:49:51 UTC] [DEBUG   ] [STEP 095] --- Voyager 1 SCLK kernel v00051 (clock-correlation reconstruction) ---
[2026-09-19 20:49:51 UTC] [INFO    ] [STEP 095]   → GET https://naif.jpl.nasa.gov/pub/naif/VOYAGER/kernels/sclk/vg100051.tsc
[2026-09-19 20:49:52 UTC] [INFO    ] [STEP 095] METRIC: bytes = 90650 vg100051.tsc
[2026-09-19 20:49:52 UTC] [INFO    ] [STEP 095] Saving data: vg100051.tsc
[2026-09-19 20:49:52 UTC] [DEBUG   ] [STEP 095]   Full path: /Users/matthewsmawfield/www/Temporal Equivalence Principle/TEP-9/data/raw/naif/vg100051.tsc
[2026-09-19 20:49:53 UTC] [DEBUG   ] [STEP 095] 
[2026-09-19 20:49:53 UTC] [DEBUG   ] [STEP 095] --- Voyager 2 SCLK kernel v00051 (clock-correlation reconstruction) ---
[2026-09-19 20:49:53 UTC] [INFO    ] [STEP 095]   → GET https://naif.jpl.nasa.gov/pub/naif/VOYAGER/kernels/sclk/vg200051.tsc
[2026-09-19 20:49:54 UTC] [INFO    ] [STEP 095] METRIC: bytes = 108191 vg200051.tsc
[2026-09-19 20:49:54 UTC] [INFO    ] [STEP 095] Saving data: vg200051.tsc
[2026-09-19 20:49:54 UTC] [DEBUG   ] [STEP 095]   Full path: /Users/matthewsmawfield/www/Temporal Equivalence Principle/TEP-9/data/raw/naif/vg200051.tsc
[2026-09-19 20:49:54 UTC] [DEBUG   ] [STEP 095] 
[2026-09-19 20:49:54 UTC] [DEBUG   ] [STEP 095] --- Voyager 1 merged mission SPK ephemeris ---
[2026-09-19 20:49:54 UTC] [INFO    ] [STEP 095]   → GET https://naif.jpl.nasa.gov/pub/naif/VOYAGER/kernels/spk/Voyager_1.a54206u_V0.2_merged.bsp
[2026-09-19 20:50:01 UTC] [INFO    ] [STEP 095] METRIC: bytes = 6374400 Voyager_1.a54206u_V0.2_merged.bsp
[2026-09-19 20:50:01 UTC] [INFO    ] [STEP 095] Saving data: Voyager_1.a54206u_V0.2_merged.bsp
[2026-09-19 20:50:01 UTC] [DEBUG   ] [STEP 095]   Full path: /Users/matthewsmawfield/www/Temporal Equivalence Principle/TEP-9/data/raw/naif/Voyager_1.a54206u_V0.2_merged.bsp
[2026-09-19 20:50:02 UTC] [DEBUG   ] [STEP 095] 
[2026-09-19 20:50:02 UTC] [DEBUG   ] [STEP 095] --- Voyager 2 merged mission SPK ephemeris ---
[2026-09-19 20:50:02 UTC] [INFO    ] [STEP 095]   → GET https://naif.jpl.nasa.gov/pub/naif/VOYAGER/kernels/spk/Voyager_2.m05016u.merged.bsp
[2026-09-19 20:50:08 UTC] [INFO    ] [STEP 095] METRIC: bytes = 6447104 Voyager_2.m05016u.merged.bsp
[2026-09-19 20:50:08 UTC] [INFO    ] [STEP 095] Saving data: Voyager_2.m05016u.merged.bsp
[2026-09-19 20:50:08 UTC] [DEBUG   ] [STEP 095]   Full path: /Users/matthewsmawfield/www/Temporal Equivalence Principle/TEP-9/data/raw/naif/Voyager_2.m05016u.merged.bsp
[2026-09-19 20:50:08 UTC] [DEBUG   ] [STEP 095] 
[2026-09-19 20:50:08 UTC] [DEBUG   ] [STEP 095] --- New Horizons SCLK kernel v3381 (clock-correlation reconstruction through 2025-08, PDS nhsp_1000 archive) ---
[2026-09-19 20:50:08 UTC] [INFO    ] [STEP 095]   → GET https://naif.jpl.nasa.gov/pub/naif/pds/data/nh-j_p_ss-spice-6-v1.0/nhsp_1000/data/sclk/new_horizons_3381.tsc
[2026-09-19 20:50:10 UTC] [INFO    ] [STEP 095] METRIC: bytes = 276281 new_horizons_3381.tsc
[2026-09-19 20:50:10 UTC] [INFO    ] [STEP 095] Saving data: new_horizons_3381.tsc
[2026-09-19 20:50:10 UTC] [DEBUG   ] [STEP 095]   Full path: /Users/matthewsmawfield/www/Temporal Equivalence Principle/TEP-9/data/raw/naif/new_horizons_3381.tsc
[2026-09-19 20:50:11 UTC] [DEBUG   ] [STEP 095] 
[2026-09-19 20:50:11 UTC] [DEBUG   ] [STEP 095] --- New Horizons reconstructed trajectory SPK (2006 launch-Jupiter) ---
[2026-09-19 20:50:11 UTC] [INFO    ] [STEP 095]   → GET https://naif.jpl.nasa.gov/pub/naif/pds/data/nh-j_p_ss-spice-6-v1.0/nhsp_1000/data/spk/nh_recon_e2j_v1.bsp
[2026-09-19 20:50:13 UTC] [INFO    ] [STEP 095] METRIC: bytes = 2531328 nh_recon_e2j_v1.bsp
[2026-09-19 20:50:13 UTC] [INFO    ] [STEP 095] Saving data: nh_recon_e2j_v1.bsp
[2026-09-19 20:50:13 UTC] [DEBUG   ] [STEP 095]   Full path: /Users/matthewsmawfield/www/Temporal Equivalence Principle/TEP-9/data/raw/naif/nh_recon_e2j_v1.bsp
[2026-09-19 20:50:14 UTC] [DEBUG   ] [STEP 095] 
[2026-09-19 20:50:14 UTC] [DEBUG   ] [STEP 095] --- New Horizons reconstructed trajectory SPK (2007 Jupiter-Sep07) ---
[2026-09-19 20:50:14 UTC] [INFO    ] [STEP 095]   → GET https://naif.jpl.nasa.gov/pub/naif/pds/data/nh-j_p_ss-spice-6-v1.0/nhsp_1000/data/spk/nh_recon_j2sep07_prelimv1.bsp
[2026-09-19 20:50:15 UTC] [INFO    ] [STEP 095] METRIC: bytes = 359424 nh_recon_j2sep07_prelimv1.bsp
[2026-09-19 20:50:15 UTC] [INFO    ] [STEP 095] Saving data: nh_recon_j2sep07_prelimv1.bsp
[2026-09-19 20:50:15 UTC] [DEBUG   ] [STEP 095]   Full path: /Users/matthewsmawfield/www/Temporal Equivalence Principle/TEP-9/data/raw/naif/nh_recon_j2sep07_prelimv1.bsp
[2026-09-19 20:50:16 UTC] [DEBUG   ] [STEP 095] 
[2026-09-19 20:50:16 UTC] [DEBUG   ] [STEP 095] --- New Horizons predicted trajectory SPK (2007-2015) ---
[2026-09-19 20:50:16 UTC] [INFO    ] [STEP 095]   → GET https://naif.jpl.nasa.gov/pub/naif/pds/data/nh-j_p_ss-spice-6-v1.0/nhsp_1000/data/spk/nh_pred_od077.bsp
[2026-09-19 20:50:18 UTC] [INFO    ] [STEP 095] METRIC: bytes = 5641216 nh_pred_od077.bsp
[2026-09-19 20:50:18 UTC] [INFO    ] [STEP 095] Saving data: nh_pred_od077.bsp
[2026-09-19 20:50:18 UTC] [DEBUG   ] [STEP 095]   Full path: /Users/matthewsmawfield/www/Temporal Equivalence Principle/TEP-9/data/raw/naif/nh_pred_od077.bsp
[2026-09-19 20:50:19 UTC] [DEBUG   ] [STEP 095] 
[2026-09-19 20:50:19 UTC] [DEBUG   ] [STEP 095] --- New Horizons reconstructed trajectory SPK (2012-2014) ---
[2026-09-19 20:50:19 UTC] [INFO    ] [STEP 095]   → GET https://naif.jpl.nasa.gov/pub/naif/pds/data/nh-j_p_ss-spice-6-v1.0/nhsp_1000/data/spk/nh_recon_od117_v01.bsp
[2026-09-19 20:50:22 UTC] [INFO    ] [STEP 095] METRIC: bytes = 2447360 nh_recon_od117_v01.bsp
[2026-09-19 20:50:22 UTC] [INFO    ] [STEP 095] Saving data: nh_recon_od117_v01.bsp
[2026-09-19 20:50:22 UTC] [DEBUG   ] [STEP 095]   Full path: /Users/matthewsmawfield/www/Temporal Equivalence Principle/TEP-9/data/raw/naif/nh_recon_od117_v01.bsp
[2026-09-19 20:50:22 UTC] [DEBUG   ] [STEP 095] 
[2026-09-19 20:50:22 UTC] [DEBUG   ] [STEP 095] --- New Horizons reconstructed trajectory SPK (Pluto encounter) ---
[2026-09-19 20:50:22 UTC] [INFO    ] [STEP 095]   → GET https://naif.jpl.nasa.gov/pub/naif/pds/data/nh-j_p_ss-spice-6-v1.0/nhsp_1000/data/spk/nh_recon_pluto_od122_v01.bsp
[2026-09-19 20:50:25 UTC] [INFO    ] [STEP 095] METRIC: bytes = 1724416 nh_recon_pluto_od122_v01.bsp
[2026-09-19 20:50:25 UTC] [INFO    ] [STEP 095] Saving data: nh_recon_pluto_od122_v01.bsp
[2026-09-19 20:50:25 UTC] [DEBUG   ] [STEP 095]   Full path: /Users/matthewsmawfield/www/Temporal Equivalence Principle/TEP-9/data/raw/naif/nh_recon_pluto_od122_v01.bsp
[2026-09-19 20:50:26 UTC] [DEBUG   ] [STEP 095] 
[2026-09-19 20:50:26 UTC] [DEBUG   ] [STEP 095] --- New Horizons reconstructed trajectory SPK (2015-2019 Arrokoth) ---
[2026-09-19 20:50:26 UTC] [INFO    ] [STEP 095]   → GET https://naif.jpl.nasa.gov/pub/naif/pds/data/nh-j_p_ss-spice-6-v1.0/nhsp_1000/data/spk/nh_recon_arrokoth_od147_v01.bsp
[2026-09-19 20:50:31 UTC] [INFO    ] [STEP 095] METRIC: bytes = 4668416 nh_recon_arrokoth_od147_v01.bsp
[2026-09-19 20:50:31 UTC] [INFO    ] [STEP 095] Saving data: nh_recon_arrokoth_od147_v01.bsp
[2026-09-19 20:50:31 UTC] [DEBUG   ] [STEP 095]   Full path: /Users/matthewsmawfield/www/Temporal Equivalence Principle/TEP-9/data/raw/naif/nh_recon_arrokoth_od147_v01.bsp
[2026-09-19 20:50:32 UTC] [DEBUG   ] [STEP 095] 
[2026-09-19 20:50:32 UTC] [DEBUG   ] [STEP 095] --- New Horizons all-ephemeris predicted trajectory SPK (2019-2033) ---
[2026-09-19 20:50:32 UTC] [INFO    ] [STEP 095]   → GET https://naif.jpl.nasa.gov/pub/naif/pds/data/nh-j_p_ss-spice-6-v1.0/nhsp_1000/data/spk/nh_pred_alleph_od164.bsp
[2026-09-19 20:50:42 UTC] [INFO    ] [STEP 095]   →   partial 8015854/13074432 bytes; resuming (2/6)
[2026-09-19 20:50:47 UTC] [INFO    ] [STEP 095] METRIC: bytes = 13074432 nh_pred_alleph_od164.bsp
[2026-09-19 20:50:47 UTC] [INFO    ] [STEP 095] Saving data: nh_pred_alleph_od164.bsp
[2026-09-19 20:50:47 UTC] [DEBUG   ] [STEP 095]   Full path: /Users/matthewsmawfield/www/Temporal Equivalence Principle/TEP-9/data/raw/naif/nh_pred_alleph_od164.bsp
[2026-09-19 20:50:48 UTC] [DEBUG   ] [STEP 095] 
[2026-09-19 20:50:48 UTC] [DEBUG   ] [STEP 095] --- NAIF leapseconds kernel ---
[2026-09-19 20:50:48 UTC] [INFO    ] [STEP 095]   → GET https://naif.jpl.nasa.gov/pub/naif/generic_kernels/lsk/naif0012.tls
[2026-09-19 20:50:48 UTC] [INFO    ] [STEP 095] METRIC: bytes = 5257 naif0012.tls
[2026-09-19 20:50:48 UTC] [INFO    ] [STEP 095] Saving data: naif0012.tls
[2026-09-19 20:50:48 UTC] [DEBUG   ] [STEP 095]   Full path: /Users/matthewsmawfield/www/Temporal Equivalence Principle/TEP-9/data/raw/naif/naif0012.tls
[2026-09-19 20:50:49 UTC] [DEBUG   ] [STEP 095] 
[2026-09-19 20:50:49 UTC] [DEBUG   ] [STEP 095] --- Voyager 1 PWS VLISM electron density 2012-2025 (PDS4) ---
[2026-09-19 20:50:49 UTC] [INFO    ] [STEP 095]   → GET https://pds-ppi.igpp.ucla.edu/data/voyager-pws-vlism-density/data/vg1-vlism-density-2012-2025.csv
[2026-09-19 20:50:50 UTC] [INFO    ] [STEP 095] METRIC: bytes = 128955 vg1-vlism-density-2012-2025.csv
[2026-09-19 20:50:50 UTC] [INFO    ] [STEP 095] Saving data: vg1-vlism-density-2012-2025.csv
[2026-09-19 20:50:50 UTC] [DEBUG   ] [STEP 095]   Full path: /Users/matthewsmawfield/www/Temporal Equivalence Principle/TEP-9/data/raw/voyager_pws/vg1-vlism-density-2012-2025.csv
[2026-09-19 20:50:51 UTC] [DEBUG   ] [STEP 095] 
[2026-09-19 20:50:51 UTC] [DEBUG   ] [STEP 095] --- Voyager 1 PWS VLISM density PDS4 label ---
[2026-09-19 20:50:51 UTC] [INFO    ] [STEP 095]   → GET https://pds-ppi.igpp.ucla.edu/data/voyager-pws-vlism-density/data/vg1-vlism-density-2012-2025.lblx
[2026-09-19 20:50:52 UTC] [INFO    ] [STEP 095] METRIC: bytes = 18119 vg1-vlism-density-2012-2025.lblx
[2026-09-19 20:50:52 UTC] [INFO    ] [STEP 095] Saving data: vg1-vlism-density-2012-2025.lblx
[2026-09-19 20:50:52 UTC] [DEBUG   ] [STEP 095]   Full path: /Users/matthewsmawfield/www/Temporal Equivalence Principle/TEP-9/data/raw/voyager_pws/vg1-vlism-density-2012-2025.lblx
[2026-09-19 20:50:52 UTC] [DEBUG   ] [STEP 095] 
[2026-09-19 20:50:52 UTC] [DEBUG   ] [STEP 095] --- Voyager 2 PWS VLISM electron density 2019-2025 (PDS4) ---
[2026-09-19 20:50:52 UTC] [INFO    ] [STEP 095]   → GET https://pds-ppi.igpp.ucla.edu/data/voyager-pws-vlism-density/data/vg2-vlism-density-2019-2025.csv
[2026-09-19 20:50:53 UTC] [INFO    ] [STEP 095] METRIC: bytes = 1171 vg2-vlism-density-2019-2025.csv
[2026-09-19 20:50:53 UTC] [INFO    ] [STEP 095] Saving data: vg2-vlism-density-2019-2025.csv
[2026-09-19 20:50:53 UTC] [DEBUG   ] [STEP 095]   Full path: /Users/matthewsmawfield/www/Temporal Equivalence Principle/TEP-9/data/raw/voyager_pws/vg2-vlism-density-2019-2025.csv
[2026-09-19 20:50:54 UTC] [DEBUG   ] [STEP 095] 
[2026-09-19 20:50:54 UTC] [DEBUG   ] [STEP 095] --- Voyager 2 PWS VLISM density PDS4 label ---
[2026-09-19 20:50:54 UTC] [INFO    ] [STEP 095]   → GET https://pds-ppi.igpp.ucla.edu/data/voyager-pws-vlism-density/data/vg2-vlism-density-2019-2025.lblx
[2026-09-19 20:50:54 UTC] [INFO    ] [STEP 095] METRIC: bytes = 16440 vg2-vlism-density-2019-2025.lblx
[2026-09-19 20:50:54 UTC] [INFO    ] [STEP 095] Saving data: vg2-vlism-density-2019-2025.lblx
[2026-09-19 20:50:54 UTC] [DEBUG   ] [STEP 095]   Full path: /Users/matthewsmawfield/www/Temporal Equivalence Principle/TEP-9/data/raw/voyager_pws/vg2-vlism-density-2019-2025.lblx
[2026-09-19 20:50:55 UTC] [DEBUG   ] [STEP 095] 
[2026-09-19 20:50:55 UTC] [DEBUG   ] [STEP 095] --- Dryad doi:10.5061/dryad.1zcrjdfw2 -- Whiting & Woerner 2023 historical RTG performance data (Voyager MHW-RTG telemetry through 2021-08, per-RTG and total-mission normalized power) ---
[2026-09-19 20:50:55 UTC] [INFO    ] [STEP 095]   → GET https://datadryad.org/stash/downloads/file_stream/2917296 (via Dryad/Anubis gate)
[2026-09-19 20:50:56 UTC] [INFO    ] [STEP 095]   → anubis PoW solved: nonce=90377 (50 ms)
[2026-09-19 20:51:03 UTC] [INFO    ] [STEP 095] METRIC: bytes = 2250808 All_RTGs_P_Over_P0_-_2023_Update_for_Release.xlsx
[2026-09-19 20:51:03 UTC] [INFO    ] [STEP 095] Saving data: All_RTGs_P_Over_P0_-_2023_Update_for_Release.xlsx
[2026-09-19 20:51:03 UTC] [DEBUG   ] [STEP 095]   Full path: /Users/matthewsmawfield/www/Temporal Equivalence Principle/TEP-9/data/raw/rtg/All_RTGs_P_Over_P0_-_2023_Update_for_Release.xlsx
[2026-09-19 20:51:03 UTC] [DEBUG   ] [STEP 095] 
[2026-09-19 20:51:03 UTC] [DEBUG   ] [STEP 095] --- Dryad RTG dataset README (pedigree and usage terms) ---
[2026-09-19 20:51:03 UTC] [INFO    ] [STEP 095]   → GET https://datadryad.org/stash/downloads/file_stream/2917298 (via Dryad/Anubis gate)
[2026-09-19 20:51:04 UTC] [INFO    ] [STEP 095]   → anubis PoW solved: nonce=62105 (50 ms)
