[2026-09-19 21:44:24 UTC] [INFO    ] [STEP 151] LOGGER INITIALIZED: step_151_injection_transfer (Step 151)
[2026-09-19 21:44:24 UTC] [DEBUG   ] [STEP 151] Log file: /Users/matthewsmawfield/www/Temporal Equivalence Principle/TEP-9/logs/step_151_injection_transfer.log
[2026-09-19 21:44:24 UTC] [DEBUG   ] [STEP 151] Project root: /Users/matthewsmawfield/www/Temporal Equivalence Principle/TEP-9
[2026-09-19 21:44:24 UTC] [INFO    ] [STEP 151] ================================================================================
[2026-09-19 21:44:24 UTC] [INFO    ] [STEP 151] Slip injection -> standard refit transfer function
[2026-09-19 21:44:24 UTC] [INFO    ] [STEP 151] ================================================================================
[2026-09-19 21:44:24 UTC] [INFO    ] [STEP 151] injection cohort: 10 in-cap + 10 out-of-cap dual-leg comets
[2026-09-19 21:44:24 UTC] [INFO    ] [STEP 151] 0 checkpointed, 20 to inject
[2026-09-19 21:45:24 UTC] [INFO    ] [STEP 151]   1/20 injected
[2026-09-19 21:45:38 UTC] [INFO    ] [STEP 151]   2/20 injected
[2026-09-19 21:45:51 UTC] [INFO    ] [STEP 151]   3/20 injected
[2026-09-19 21:47:20 UTC] [INFO    ] [STEP 151]   4/20 injected
[2026-09-19 21:47:20 UTC] [INFO    ] [STEP 151]   5/20 injected
[2026-09-19 21:47:51 UTC] [INFO    ] [STEP 151]   6/20 injected
[2026-09-19 21:52:09 UTC] [INFO    ] [STEP 151]   7/20 injected
[2026-09-19 21:53:29 UTC] [INFO    ] [STEP 151]   8/20 injected
[2026-09-19 21:55:29 UTC] [INFO    ] [STEP 151]   9/20 injected
[2026-09-19 21:56:49 UTC] [INFO    ] [STEP 151]   10/20 injected
[2026-09-19 21:59:34 UTC] [INFO    ] [STEP 151]   11/20 injected
[2026-09-19 22:00:27 UTC] [INFO    ] [STEP 151]   12/20 injected
[2026-09-19 22:01:19 UTC] [INFO    ] [STEP 151]   13/20 injected
[2026-09-19 22:02:42 UTC] [INFO    ] [STEP 151]   14/20 injected
[2026-09-19 22:03:54 UTC] [INFO    ] [STEP 151]   15/20 injected
[2026-09-19 22:04:45 UTC] [INFO    ] [STEP 151]   16/20 injected
[2026-09-19 22:07:43 UTC] [INFO    ] [STEP 151]   17/20 injected
[2026-09-19 22:08:29 UTC] [INFO    ] [STEP 151]   18/20 injected
[2026-09-19 22:09:54 UTC] [INFO    ] [STEP 151]   19/20 injected
[2026-09-19 22:10:38 UTC] [INFO    ] [STEP 151]   20/20 injected
[2026-09-19 22:10:38 UTC] [INFO    ] [STEP 151] injected cohort: 20 comets
wrote /Users/matthewsmawfield/www/Temporal Equivalence Principle/TEP-9/results/step_b115_injection_transfer.csv
wrote /Users/matthewsmawfield/www/Temporal Equivalence Principle/TEP-9/results/step_b115_injection_transfer.json
wrote /Users/matthewsmawfield/www/Temporal Equivalence Principle/TEP-9/results/figures/step_b115_injection_transfer.png
wrote /Users/matthewsmawfield/www/Temporal Equivalence Principle/TEP-9/results/step_b115_injection_transfer.csv
wrote /Users/matthewsmawfield/www/Temporal Equivalence Principle/TEP-9/results/step_b115_injection_transfer.json
wrote /Users/matthewsmawfield/www/Temporal Equivalence Principle/TEP-9/results/figures/step_b115_injection_transfer.png
wrote /Users/matthewsmawfield/www/Temporal Equivalence Principle/TEP-9/results/step_b115_injection_transfer.csv
wrote /Users/matthewsmawfield/www/Temporal Equivalence Principle/TEP-9/results/step_b115_injection_transfer.json
wrote /Users/matthewsmawfield/www/Temporal Equivalence Principle/TEP-9/results/figures/step_b115_injection_transfer.png
