[2026-09-20 12:18:44 UTC] [INFO    ] [STEP 097] LOGGER INITIALIZED: step_097_pws_plasma_channel (Step 097)
[2026-09-20 12:18:44 UTC] [DEBUG   ] [STEP 097] Log file: /Users/matthewsmawfield/www/Temporal Equivalence Principle/TEP-9/logs/step_097_pws_plasma_channel.log
[2026-09-20 12:18:44 UTC] [DEBUG   ] [STEP 097] Project root: /Users/matthewsmawfield/www/Temporal Equivalence Principle/TEP-9
[2026-09-20 12:18:44 UTC] [DEBUG   ] [STEP 097] Start time (UTC): 2026-09-20T12:18:44.165483+00:00
[2026-09-20 12:18:44 UTC] [INFO    ] [STEP 097] 
[2026-09-20 12:18:44 UTC] [INFO    ] [STEP 097] STEP PURPOSE
[2026-09-20 12:18:44 UTC] [INFO    ] [STEP 097] --------------------------------------------------------------------------------
[2026-09-20 12:18:44 UTC] [INFO    ] [STEP 097]   TEP-9 step 097 -- Voyager PWS plasma-frequency channel
[2026-09-20 12:18:44 UTC] [INFO    ] [STEP 097]   The PWS VLISM electron-density collections (PDS4 bundle
[2026-09-20 12:18:44 UTC] [INFO    ] [STEP 097]   urn:nasa:pds:voyager-pws-vlism-density) record per-event electron
[2026-09-20 12:18:44 UTC] [INFO    ] [STEP 097]   plasma frequency f_pe, the derived density N_e = 4 pi^2 m_e eps0
[2026-09-20 12:18:44 UTC] [INFO    ] [STEP 097]   f_pe^2 / e^2 with min/max bounds, and the spacecraft state vector --
[2026-09-20 12:18:44 UTC] [INFO    ] [STEP 097]   the only in-situ measurement series across a candidate boundary in
[2026-09-20 12:18:44 UTC] [INFO    ] [STEP 097]   the outer heliosphere.
[2026-09-20 12:18:44 UTC] [INFO    ] [STEP 097]   Two questions are addressed, with care taken not to conflate the
[2026-09-20 12:18:44 UTC] [INFO    ] [STEP 097]   measurement channels:
[2026-09-20 12:18:44 UTC] [INFO    ] [STEP 097]   1. Is the measured structure plasma or lapse artifact?  The measured
[2026-09-20 12:18:44 UTC] [INFO    ] [STEP 097]   f_pe is referenced to the onboard frequency scale; under a
[2026-09-20 12:18:44 UTC] [INFO    ] [STEP 097]   conformal lapse every onboard-referenced frequency shifts by the
[2026-09-20 12:18:44 UTC] [INFO    ] [STEP 097]   same factor, so a lapse offset cannot selectively move f_pe (and
[2026-09-20 12:18:44 UTC] [INFO    ] [STEP 097]   the SCLK channel already bounds the onboard-vs-ground rate ratio
[2026-09-20 12:18:44 UTC] [INFO    ] [STEP 097]   at ~5e-5).  A *constants-shift* reading is different: if e_eff,
[2026-09-20 12:18:44 UTC] [INFO    ] [STEP 097]   m_e,eff or eps0,eff scale with A(phi) while N_e stays smooth,
[2026-09-20 12:18:44 UTC] [INFO    ] [STEP 097]   measured f_pe could mimic density structure.  The step computes
[2026-09-20 12:18:44 UTC] [INFO    ] [STEP 097]   the combined constants-shift deltaX = 2 delta ln f_pe required to
[2026-09-20 12:18:44 UTC] [INFO    ] [STEP 097]   attribute each observed jump to such a shift at constant density,
[2026-09-20 12:18:44 UTC] [INFO    ] [STEP 097]   and compares it with the ~1e-2 lapse contrast implied by the
[2026-09-20 12:18:44 UTC] [INFO    ] [STEP 097]   comet channel.  If the required deltaX is orders of magnitude
[2026-09-20 12:18:44 UTC] [INFO    ] [STEP 097]   larger, the structure is confirmed as real plasma structure --
[2026-09-20 12:18:44 UTC] [INFO    ] [STEP 097]   which is what a plasma-coupled screening transition would *use*
[2026-09-20 12:18:44 UTC] [INFO    ] [STEP 097]   (co-location, not illusion).
[2026-09-20 12:18:44 UTC] [INFO    ] [STEP 097]   2. What does the residual (smooth-segment) channel bound?  Within
[2026-09-20 12:18:44 UTC] [INFO    ] [STEP 097]   inter-jump segments the f_pe drift is slow; the segment-to-
[2026-09-20 12:18:44 UTC] [INFO    ] [STEP 097]   segment consistency and the step sizes versus the 18-Hz spectrum
[2026-09-20 12:18:44 UTC] [INFO    ] [STEP 097]   analyser channel width bound any residual constants-shift along
[2026-09-20 12:18:44 UTC] [INFO    ] [STEP 097]   the trajectory at the few-percent level -- a bound that applies
[2026-09-20 12:18:44 UTC] [INFO    ] [STEP 097]   to a lapse gradient threading V1's path specifically.
[2026-09-20 12:18:44 UTC] [INFO    ] [STEP 097]   Also reported: per-event separation of the spacecraft position and
[2026-09-20 12:18:44 UTC] [INFO    ] [STEP 097]   velocity directions from the TNO axis and anti-axis (both spacecraft
[2026-09-20 12:18:44 UTC] [INFO    ] [STEP 097]   sample the anti-axis hemisphere / mirror-cap region), and the
[2026-09-20 12:18:44 UTC] [INFO    ] [STEP 097]   measured density-gradient scale as a candidate screening length.
[2026-09-20 12:18:44 UTC] [INFO    ] [STEP 097]   Inputs
[2026-09-20 12:18:44 UTC] [INFO    ] [STEP 097]   data/raw/voyager_pws/vg1-vlism-density-2012-2025.csv
[2026-09-20 12:18:44 UTC] [INFO    ] [STEP 097]   data/raw/voyager_pws/vg2-vlism-density-2019-2025.csv
[2026-09-20 12:18:44 UTC] [INFO    ] [STEP 097]   data/raw/literature/literature_anchors.json
[2026-09-20 12:18:44 UTC] [INFO    ] [STEP 097]   results/step_b60_sclk_audit.json   (SCLK bound, for context)
[2026-09-20 12:18:44 UTC] [INFO    ] [STEP 097]   Outputs
[2026-09-20 12:18:44 UTC] [INFO    ] [STEP 097]   results/step_b61_pws_channel.json
[2026-09-20 12:18:44 UTC] [INFO    ] [STEP 097]   results/step_b61_pws_events.csv
[2026-09-20 12:18:44 UTC] [INFO    ] [STEP 097]   results/figures/supplementary/step_b61_pws_channel.png
[2026-09-20 12:18:44 UTC] [INFO    ] [STEP 097] --------------------------------------------------------------------------------
[2026-09-20 12:18:44 UTC] [INFO    ] [STEP 097] EXECUTION ENVIRONMENT: python 3.13.5 | macOS-26.5.1 | numpy 2.1.3 | scipy 1.14.1 | pandas 2.2.3 | astropy 7.1.1 | rebound 5.1.1 | matplotlib 3.9.2 | cpus 15
[2026-09-20 12:18:44 UTC] [INFO    ] [STEP 097] SCRIPT: scripts/steps/step_097_pws_plasma_channel.py
[2026-09-20 12:18:44 UTC] [INFO    ] [STEP 097] SCRIPT SHA256: db9bae6497e9d5ffdc57b14aee53bb71bf1e79f252d869179ed62437e4cab7ea
[2026-09-20 12:18:44 UTC] [INFO    ] [STEP 097] SCRIPT SIZE: 15536 bytes
[2026-09-20 12:18:44 UTC] [INFO    ] [STEP 097] ================================================================================
[2026-09-20 12:18:44 UTC] [INFO    ] [STEP 097] Voyager PWS plasma-frequency channel
[2026-09-20 12:18:44 UTC] [INFO    ] [STEP 097] ================================================================================
[2026-09-20 12:18:44 UTC] [DEBUG   ] [STEP 097] 
[2026-09-20 12:18:44 UTC] [DEBUG   ] [STEP 097] --- VG1: 755 events ---
[2026-09-20 12:18:44 UTC] [INFO    ] [STEP 097] METRIC: ne_range = 0.054-0.155 cm^-3
[2026-09-20 12:18:44 UTC] [INFO    ] [STEP 097] METRIC: fpe_range = 2088-3533 Hz
[2026-09-20 12:18:44 UTC] [INFO    ] [STEP 097] METRIC: radius_range = 122.2-164.9 AU
[2026-09-20 12:18:44 UTC] [INFO    ] [STEP 097] METRIC: fpe_channel_hz = 2.0 median channel spacing
[2026-09-20 12:18:44 UTC] [DEBUG   ] [STEP 097] 
[2026-09-20 12:18:44 UTC] [DEBUG   ] [STEP 097] --- VG2: 5 events ---
[2026-09-20 12:18:44 UTC] [INFO    ] [STEP 097] METRIC: ne_range = 0.039-0.120 cm^-3
[2026-09-20 12:18:44 UTC] [INFO    ] [STEP 097] METRIC: fpe_range = 1780-3110 Hz
[2026-09-20 12:18:44 UTC] [INFO    ] [STEP 097] METRIC: radius_range = 119.9-140.7 AU
[2026-09-20 12:18:44 UTC] [INFO    ] [STEP 097] METRIC: fpe_channel_hz = nan median channel spacing
[2026-09-20 12:18:44 UTC] [INFO    ] [STEP 097] Saving data: step_b61_pws_events.csv
[2026-09-20 12:18:44 UTC] [DEBUG   ] [STEP 097]   Full path: /Users/matthewsmawfield/www/Temporal Equivalence Principle/TEP-9/results/step_b61_pws_events.csv
[2026-09-20 12:18:44 UTC] [INFO    ] [STEP 097]   Output: step_b61_pws_events.csv
[2026-09-20 12:18:44 UTC] [INFO    ] [STEP 097] Saving data: step_b61_pws_channel.png
[2026-09-20 12:18:44 UTC] [DEBUG   ] [STEP 097]   Full path: /Users/matthewsmawfield/www/Temporal Equivalence Principle/TEP-9/results/figures/supplementary/step_b61_pws_channel.png
[2026-09-20 12:18:44 UTC] [INFO    ] [STEP 097]   Output: step_b61_pws_channel.png
[2026-09-20 12:18:44 UTC] [INFO    ] [STEP 097] Saving data: step_b61_pws_channel.json
[2026-09-20 12:18:44 UTC] [DEBUG   ] [STEP 097]   Full path: /Users/matthewsmawfield/www/Temporal Equivalence Principle/TEP-9/results/step_b61_pws_channel.json
[2026-09-20 12:18:44 UTC] [INFO    ] [STEP 097]   Output: step_b61_pws_channel.json
[2026-09-20 12:18:44 UTC] [INFO    ] [STEP 097] ✓ PWS plasma channel complete
[2026-09-20 12:18:44 UTC] [INFO    ] [STEP 097] 
[2026-09-20 12:18:44 UTC] [INFO    ] [STEP 097] ================================================================================
[2026-09-20 12:18:44 UTC] [INFO    ] [STEP 097] STEP SUMMARY: step_097_pws_plasma_channel
[2026-09-20 12:18:44 UTC] [INFO    ] [STEP 097] ================================================================================
[2026-09-20 12:18:44 UTC] [INFO    ] [STEP 097] Step Number: 097
[2026-09-20 12:18:44 UTC] [INFO    ] [STEP 097] Status: SUCCESS
[2026-09-20 12:18:44 UTC] [INFO    ] [STEP 097] Duration: 0.61s
[2026-09-20 12:18:44 UTC] [INFO    ] [STEP 097] Log Records Emitted: 87
[2026-09-20 12:18:44 UTC] [INFO    ] [STEP 097] Output Files: 3
[2026-09-20 12:18:44 UTC] [INFO    ] [STEP 097] Log file: /Users/matthewsmawfield/www/Temporal Equivalence Principle/TEP-9/logs/step_097_pws_plasma_channel.log
[2026-09-20 12:18:44 UTC] [INFO    ] [STEP 097] 
[2026-09-20 12:18:44 UTC] [INFO    ] [STEP 097] Generated 3 output file(s):
[2026-09-20 12:18:44 UTC] [INFO    ] [STEP 097]   • step_b61_pws_events.csv: 76.65 KB [sha256 0494dba6a887c40f]
[2026-09-20 12:18:44 UTC] [INFO    ] [STEP 097]   • step_b61_pws_channel.png: 286.77 KB [sha256 f1605a884e1cabf2]
[2026-09-20 12:18:44 UTC] [INFO    ] [STEP 097]   • step_b61_pws_channel.json: 7.00 KB [sha256 7ff38cb551542964]
[2026-09-20 12:18:44 UTC] [INFO    ] [STEP 097] ================================================================================
[2026-09-20 12:18:44 UTC] [INFO    ] [STEP 097] STEP 097 COMPLETE: SUCCESS
[2026-09-20 12:18:44 UTC] [INFO    ] [STEP 097] Provenance data saved to /Users/matthewsmawfield/www/Temporal Equivalence Principle/TEP-9/results/provenance/step_097_pws_plasma_channel_provenance.json
[2026-09-20 12:18:44 UTC] [INFO    ] [STEP 097] 
[2026-09-20 12:18:44 UTC] [INFO    ] [STEP 097] ================================================================================
[2026-09-20 12:18:44 UTC] [INFO    ] [STEP 097] EXECUTIVE SUMMARY
[2026-09-20 12:18:44 UTC] [INFO    ] [STEP 097] ================================================================================
[2026-09-20 12:18:44 UTC] [INFO    ] [STEP 097] Step: step_097_pws_plasma_channel (Step 097)
[2026-09-20 12:18:44 UTC] [INFO    ] [STEP 097] Status: SUCCESS
[2026-09-20 12:18:44 UTC] [INFO    ] [STEP 097] Duration: 0.61s
[2026-09-20 12:18:44 UTC] [INFO    ] [STEP 097] Log Records: 98
[2026-09-20 12:18:44 UTC] [INFO    ] [STEP 097] Output Files: 3
[2026-09-20 12:18:44 UTC] [INFO    ] [STEP 097] Key Outputs:
[2026-09-20 12:18:44 UTC] [INFO    ] [STEP 097]   - step_b61_pws_events.csv (76.65 KB)
[2026-09-20 12:18:44 UTC] [INFO    ] [STEP 097]   - step_b61_pws_channel.png (286.77 KB)
[2026-09-20 12:18:44 UTC] [INFO    ] [STEP 097]   - step_b61_pws_channel.json (7.00 KB)
[2026-09-20 12:18:44 UTC] [INFO    ] [STEP 097] ================================================================================
