[2026-09-19 22:16:54 UTC] [INFO    ] [STEP 012] LOGGER INITIALIZED: step_012_radial_profile (Step 012)
[2026-09-19 22:16:54 UTC] [DEBUG   ] [STEP 012] Log file: /Users/matthewsmawfield/www/Temporal Equivalence Principle/TEP-9/logs/step_012_radial_profile.log
[2026-09-19 22:16:54 UTC] [DEBUG   ] [STEP 012] Project root: /Users/matthewsmawfield/www/Temporal Equivalence Principle/TEP-9
[2026-09-19 22:16:54 UTC] [INFO    ] [STEP 012] ================================================================================
[2026-09-19 22:16:54 UTC] [INFO    ] [STEP 012] Radial turn-on profile
[2026-09-19 22:16:54 UTC] [INFO    ] [STEP 012] ================================================================================
secure outer catalog: 1225 objects
W1 a     35-    88 N=1102 R(v)=0.05 R(w)=0.05 R(O)=0.19 p=0.041
W1 a     44-   111 N= 604 R(v)=0.06 R(w)=0.08 R(O)=0.18 p=0.087
W1 a     56-   139 N= 253 R(v)=0.10 R(w)=0.12 R(O)=0.24 p=0.062
W1 a     70-   175 N= 141 R(v)=0.08 R(w)=0.16 R(O)=0.28 p=0.444
W1 a     88-   221 N=  86 R(v)=0.09 R(w)=0.25 R(O)=0.31 p=0.540
W1 a    111-   278 N=  45 R(v)=0.22 R(w)=0.24 R(O)=0.42 p=0.120
W1 a    139-   350 N=  34 R(v)=0.21 R(w)=0.41 R(O)=0.45 p=0.229
W1 a    175-   441 N=  27 R(v)=0.31 R(w)=0.42 R(O)=0.51 p=0.080
W1 a    221-   555 N=  22 R(v)=0.37 R(w)=0.36 R(O)=0.47 p=0.051
W1 a    278-   698 N=  18 R(v)=0.35 R(w)=0.34 R(O)=0.36 p=0.114
W1 a    350-   879 N=  13 R(v)=0.46 R(w)=0.29 R(O)=0.24 p=0.060
W1 a    441-  1107 N=   9 R(v)=0.39 R(w)=0.48 R(O)=0.41 p=0.253
W2 a_min: most significant tail at a>120.0 (N=61, p=0.0050)
W2 ad_min: most significant tail at ad>200.0 (N=62, p=0.0046)
W2 q_min_within_a150: most significant tail at q>32.5 (N=43, p=0.0048)
W3 a: split at 39.5 (in N=115 R=0.159 p=0.06; out N=1110 R=0.086 mean=49.3 p=2.78e-04)
W3 ad: split at 48.5 (in N=462 R=0.011 p=0.94; out N=763 R=0.098 mean=51.4 p=6.37e-04)
W3 q: split at 36.5 (in N=565 R=0.11 p=0.00; out N=660 R=0.049 mean=356.4 p=2.04e-01)
W3 full-MC: p(ad>48.5)=0.0010, p(a>39.5)=0.0002
W4 a 30-60: N=986 mean(varpi)=52.3 +[-26,26]
W4 a 60-150: N=195 mean(varpi)=28.5 +[-41,48]
W4 a 150-inf: N=44 mean(varpi)=49.1 +[-16,18]
wrote results/step_b2_radial_profile.json, figures/step_b2_radial_profile.png
