[2026-09-19 21:33:25 UTC] [INFO    ] [STEP 099] LOGGER INITIALIZED: step_099_heliospheric_geometry (Step 099)
[2026-09-19 21:33:25 UTC] [DEBUG   ] [STEP 099] Log file: /Users/matthewsmawfield/www/Temporal Equivalence Principle/TEP-9/logs/step_099_heliospheric_geometry.log
[2026-09-19 21:33:25 UTC] [DEBUG   ] [STEP 099] Project root: /Users/matthewsmawfield/www/Temporal Equivalence Principle/TEP-9
[2026-09-19 21:33:25 UTC] [INFO    ] [STEP 099] ================================================================================
[2026-09-19 21:33:25 UTC] [INFO    ] [STEP 099] Heliospheric geometry and probe/ISO asymptotes
[2026-09-19 21:33:25 UTC] [INFO    ] [STEP 099] ================================================================================
[2026-09-19 21:33:25 UTC] [INFO    ] [STEP 099] METRIC: axis_vs_ISM = 151.2 deg
[2026-09-19 21:33:25 UTC] [INFO    ] [STEP 099] METRIC: axis_vs_heliotail = 28.8 deg
[2026-09-19 21:33:25 UTC] [INFO    ] [STEP 099] METRIC: axis_vs_IBEX = 156.9 deg
[2026-09-19 21:33:25 UTC] [INFO    ] [STEP 099] METRIC: axis_vs_pristine = 162.3 deg
[2026-09-19 21:33:25 UTC] [INFO    ] [STEP 099]   → GET https://ssd.jpl.nasa.gov/api/horizons.api?format=text&COMMAND=%27-31%27&OBJ_DATA=%27YES%27&MAKE_EPHEM=%27YES%2
[2026-09-19 21:33:27 UTC] [INFO    ] [STEP 099] METRIC: Voyager_1_vel_dir = (261.34, 35.54) r=169.3 AU
[2026-09-19 21:33:27 UTC] [INFO    ] [STEP 099]   → GET https://ssd.jpl.nasa.gov/api/horizons.api?format=text&COMMAND=%27-32%27&OBJ_DATA=%27YES%27&MAKE_EPHEM=%27YES%2
[2026-09-19 21:33:29 UTC] [INFO    ] [STEP 099] METRIC: Voyager_2_vel_dir = (294.23, -47.86) r=141.7 AU
[2026-09-19 21:33:29 UTC] [INFO    ] [STEP 099]   → GET https://ssd.jpl.nasa.gov/api/horizons.api?format=text&COMMAND=%27-23%27&OBJ_DATA=%27YES%27&MAKE_EPHEM=%27YES%2
[2026-09-19 21:33:32 UTC] [INFO    ] [STEP 099] METRIC: Pioneer_10_vel_dir = (84.06, 2.92) r=140.1 AU
[2026-09-19 21:33:32 UTC] [INFO    ] [STEP 099]   → GET https://ssd.jpl.nasa.gov/api/horizons.api?format=text&COMMAND=%27-24%27&OBJ_DATA=%27YES%27&MAKE_EPHEM=%27YES%2
[2026-09-19 21:33:34 UTC] [INFO    ] [STEP 099] METRIC: Pioneer_11_vel_dir = (291.79, 12.61) r=116.2 AU
[2026-09-19 21:33:34 UTC] [INFO    ] [STEP 099]   → GET https://ssd.jpl.nasa.gov/api/horizons.api?format=text&COMMAND=%27-98%27&OBJ_DATA=%27YES%27&MAKE_EPHEM=%27YES%2
[2026-09-19 21:33:36 UTC] [INFO    ] [STEP 099] METRIC: New_Horizons_vel_dir = (293.01, 2.07) r=63.6 AU
[2026-09-19 21:33:36 UTC] [INFO    ] [STEP 099]   → GET https://ssd-api.jpl.nasa.gov/sbdb.api?des=1I
[2026-09-19 21:33:37 UTC] [INFO    ] [STEP 099] METRIC: 1I'Oumuamua = (284.47, 56.59) inbound asymptote
[2026-09-19 21:33:37 UTC] [INFO    ] [STEP 099]   → GET https://ssd-api.jpl.nasa.gov/sbdb.api?des=2I
[2026-09-19 21:33:38 UTC] [INFO    ] [STEP 099] METRIC: 2IBorisov = (54.07, 42.96) inbound asymptote
[2026-09-19 21:33:38 UTC] [INFO    ] [STEP 099]   → GET https://ssd-api.jpl.nasa.gov/sbdb.api?des=3I
[2026-09-19 21:33:39 UTC] [INFO    ] [STEP 099] METRIC: 3IATLAS = (293.47, 2.39) inbound asymptote
[2026-09-19 21:33:39 UTC] [INFO    ] [STEP 099] METRIC: probes_in_cap = 1 of velocity asymptotes
[2026-09-19 21:33:39 UTC] [INFO    ] [STEP 099] METRIC: probes_in_mirror = 1 of velocity asymptotes
[2026-09-19 21:33:39 UTC] [INFO    ] [STEP 099] METRIC: iso_in_cap = 0 of arrival asymptotes
[2026-09-19 21:33:39 UTC] [INFO    ] [STEP 099] Saving data: step_b63_heliospheric_geometry.png
[2026-09-19 21:33:39 UTC] [DEBUG   ] [STEP 099]   Full path: /Users/matthewsmawfield/www/Temporal Equivalence Principle/TEP-9/results/figures/step_b63_heliospheric_geometry.png
[2026-09-19 21:33:39 UTC] [INFO    ] [STEP 099] Saving data: probe_vectors.json
[2026-09-19 21:33:39 UTC] [DEBUG   ] [STEP 099]   Full path: /Users/matthewsmawfield/www/Temporal Equivalence Principle/TEP-9/data/raw/horizons/probe_vectors.json
[2026-09-19 21:33:39 UTC] [INFO    ] [STEP 099] Saving data: step_b63_heliospheric_geometry.json
[2026-09-19 21:33:39 UTC] [DEBUG   ] [STEP 099]   Full path: /Users/matthewsmawfield/www/Temporal Equivalence Principle/TEP-9/results/step_b63_heliospheric_geometry.json
[2026-09-19 21:33:39 UTC] [INFO    ] [STEP 099] ✓ Heliospheric geometry complete
