[INFO] [STEP 080] LOGGER INITIALIZED: step_080_signed_residual (Step 080)
[INFO] [STEP 080] ================================================================================
[INFO] [STEP 080] Signed residual coherence: secular precession vs anomaly
[INFO] [STEP 080] ================================================================================
[INFO] [STEP 080] sample: 131 class-1 CODE comets
[INFO] [STEP 080]   25/131
[INFO] [STEP 080]   50/131
[WARNING] [STEP 080] ⚠ C/2013 V5: shell not reached
[INFO] [STEP 080]   75/131
[INFO] [STEP 080]   100/131
[WARNING] [STEP 080] ⚠ C/2020 K8: shell not reached
[WARNING] [STEP 080] ⚠ C/2020 N1: shell not reached
[INFO] [STEP 080]   125/131
[INFO] [STEP 080] integrated 128, failed 3
[INFO] [STEP 080] in_cap: n=48 resid pos=34 (0.71) p=0.0055 med_resid=+0.0009 (sim med=-0.1307, cat med=-0.1373)
[INFO] [STEP 080] out_cap: n=80 resid pos=51 (0.64) p=0.0183 med_resid=+0.0005 (sim med=-0.0737, cat med=-0.0731)
[INFO] [STEP 080] all: n=128 resid pos=85 (0.66) p=0.0003 med_resid=+0.0006 (sim med=-0.0912, cat med=-0.0941)
[INFO] [STEP 080] srot_sim vs srot_cat: rho=+0.999 p=0.0000
wrote /Users/matthewsmawfield/www/Temporal Equivalence Principle/TEP-9/results/step_b45_signed_residual.json
wrote /Users/matthewsmawfield/www/Temporal Equivalence Principle/TEP-9/results/step_b45_signed_residual.csv
wrote /Users/matthewsmawfield/www/Temporal Equivalence Principle/TEP-9/results/figures/step_b45_signed_residual.png
