[2026-09-19 20:53:57 UTC] [INFO    ] [STEP 091] LOGGER INITIALIZED: step_091_inner_perturber (Step 091)
[2026-09-19 20:53:57 UTC] [DEBUG   ] [STEP 091] Log file: /Users/matthewsmawfield/www/Temporal Equivalence Principle/TEP-9/logs/step_091_inner_perturber.log
[2026-09-19 20:53:57 UTC] [DEBUG   ] [STEP 091] Project root: /Users/matthewsmawfield/www/Temporal Equivalence Principle/TEP-9
[2026-09-19 20:53:57 UTC] [INFO    ] [STEP 091] ================================================================================
[2026-09-19 20:53:57 UTC] [INFO    ] [STEP 091] Inner-perturber (Planet-Y) ladder vs ephemeris bound (REBOUND/DE440s)
[2026-09-19 20:53:57 UTC] [INFO    ] [STEP 091] ================================================================================
[2026-09-19 20:53:57 UTC] [INFO    ] [STEP 091] sample: 131 class-1 CODE comets
[2026-09-19 21:28:07 UTC] [INFO    ] [STEP 091] integrated 131 comets x 13 runs; 0 failed
[2026-09-19 21:28:07 UTC] [INFO    ] [STEP 091] anti-aligned  a9=  100 AU: med drot=0.00187 deg | m_req in-cap med 606 M_earth (min 13) | in-box 0.00 | <eph-bound 0.00
[2026-09-19 21:28:07 UTC] [INFO    ] [STEP 091] anti-aligned  a9=  125 AU: med drot=0.00096 deg | m_req in-cap med 940 M_earth (min 4) | in-box 0.00 | <eph-bound 0.00
[2026-09-19 21:28:07 UTC] [INFO    ] [STEP 091] anti-aligned  a9=  150 AU: med drot=0.00066 deg | m_req in-cap med 877 M_earth (min 10) | in-box 0.00 | <eph-bound 0.00
[2026-09-19 21:28:07 UTC] [INFO    ] [STEP 091] anti-aligned  a9=  175 AU: med drot=0.00052 deg | m_req in-cap med 924 M_earth (min 17) | in-box 0.00 | <eph-bound 0.00
[2026-09-19 21:28:07 UTC] [INFO    ] [STEP 091] anti-aligned  a9=  200 AU: med drot=0.00045 deg | m_req in-cap med 1235 M_earth (min 36) | in-box 0.00 | <eph-bound 0.00
[2026-09-19 21:28:07 UTC] [INFO    ] [STEP 091] anti-aligned  a9=  250 AU: med drot=0.00036 deg | m_req in-cap med 2186 M_earth (min 367) | in-box 0.00 | <eph-bound 0.00
[2026-09-19 21:28:07 UTC] [INFO    ] [STEP 091] warp-plane    a9=  100 AU: med drot=0.00193 deg | m_req in-cap med 515 M_earth (min 21) | in-box 0.00 | <eph-bound 0.00
[2026-09-19 21:28:07 UTC] [INFO    ] [STEP 091] warp-plane    a9=  125 AU: med drot=0.00100 deg | m_req in-cap med 820 M_earth (min 22) | in-box 0.00 | <eph-bound 0.00
[2026-09-19 21:28:07 UTC] [INFO    ] [STEP 091] warp-plane    a9=  150 AU: med drot=0.00068 deg | m_req in-cap med 927 M_earth (min 25) | in-box 0.00 | <eph-bound 0.00
[2026-09-19 21:28:07 UTC] [INFO    ] [STEP 091] warp-plane    a9=  175 AU: med drot=0.00056 deg | m_req in-cap med 971 M_earth (min 21) | in-box 0.00 | <eph-bound 0.00
[2026-09-19 21:28:07 UTC] [INFO    ] [STEP 091] warp-plane    a9=  200 AU: med drot=0.00049 deg | m_req in-cap med 1115 M_earth (min 33) | in-box 0.00 | <eph-bound 0.00
[2026-09-19 21:28:07 UTC] [INFO    ] [STEP 091] warp-plane    a9=  250 AU: med drot=0.00038 deg | m_req in-cap med 2108 M_earth (min 252) | in-box 0.00 | <eph-bound 0.00
wrote /Users/matthewsmawfield/www/Temporal Equivalence Principle/TEP-9/results/step_b56_inner_perturber.json
wrote /Users/matthewsmawfield/www/Temporal Equivalence Principle/TEP-9/results/step_b56_inner_perturber.csv
wrote /Users/matthewsmawfield/www/Temporal Equivalence Principle/TEP-9/results/figures/step_b56_inner_perturber.png
