[2026-09-21 14:31:21 UTC] [INFO    ] [STEP 022] LOGGER INITIALIZED: step_022_edges (Step 022)
[2026-09-21 14:31:21 UTC] [DEBUG   ] [STEP 022] Log file: /Users/matthewsmawfield/www/Temporal Equivalence Principle/TEP-9/logs/step_022_edges.log
[2026-09-21 14:31:21 UTC] [DEBUG   ] [STEP 022] Project root: /Users/matthewsmawfield/www/Temporal Equivalence Principle/TEP-9
[2026-09-21 14:31:21 UTC] [DEBUG   ] [STEP 022] Start time (UTC): 2026-09-21T14:31:21.682777+00:00
[2026-09-21 14:31:21 UTC] [INFO    ] [STEP 022] 
[2026-09-21 14:31:21 UTC] [INFO    ] [STEP 022] STEP PURPOSE
[2026-09-21 14:31:21 UTC] [INFO    ] [STEP 022] --------------------------------------------------------------------------------
[2026-09-21 14:31:21 UTC] [INFO    ] [STEP 022]   TEP / Planet-9 -- step 04: two real edges in the outer solar system
[2026-09-21 14:31:21 UTC] [INFO    ] [STEP 022]   Under TEP a field domain boundary is literally a wall in the clock
[2026-09-21 14:31:21 UTC] [INFO    ] [STEP 022]   structure: dynamics change character across it.  The solar system
[2026-09-21 14:31:21 UTC] [INFO    ] [STEP 022]   contains two sharp, unexplained radial edges that are candidate
[2026-09-21 14:31:21 UTC] [INFO    ] [STEP 022]   boundary signatures:
[2026-09-21 14:31:21 UTC] [INFO    ] [STEP 022]   E1  The Kuiper cliff.  The classical Kuiper belt's radial density
[2026-09-21 14:31:21 UTC] [INFO    ] [STEP 022]   ends abruptly near 47-50 AU (Trujillo & Brown 2001; Allen,
[2026-09-21 14:31:21 UTC] [INFO    ] [STEP 022]   Bernstein & Malhotra 2001; Petit+ 2011).  No accepted
[2026-09-21 14:31:21 UTC] [INFO    ] [STEP 022]   explanation: a smooth truncation event is too soft, a hidden
[2026-09-21 14:31:21 UTC] [INFO    ] [STEP 022]   planet is post-hoc.  Here the semimajor-axis distribution of
[2026-09-21 14:31:21 UTC] [INFO    ] [STEP 022]   cold classical objects (i < 5 deg) is extracted from the full
[2026-09-21 14:31:21 UTC] [INFO    ] [STEP 022]   SBDB catalog and the edge location and sharpness are measured
[2026-09-21 14:31:21 UTC] [INFO    ] [STEP 022]   with a logistic-edge fit, separately for cold and hot classicals.
[2026-09-21 14:31:21 UTC] [INFO    ] [STEP 022]   E2  The detachment boundary.  Objects with a > 150 AU separate into
[2026-09-21 14:31:21 UTC] [INFO    ] [STEP 022]   Neptune-coupled (q <~ 38 AU) and detached (q >~ 40 AU) sets; the
[2026-09-21 14:31:21 UTC] [INFO    ] [STEP 022]   intermediate perihelion range is anomalously empty -- the
[2026-09-21 14:31:21 UTC] [INFO    ] [STEP 022]   "perihelion gap" that marks where perturbative access ends.  A
[2026-09-21 14:31:21 UTC] [INFO    ] [STEP 022]   field boundary selects by crossing: the gap is the wall's
[2026-09-21 14:31:21 UTC] [INFO    ] [STEP 022]   inner-edge signature.  The q-distribution edge is measured the
[2026-09-21 14:31:21 UTC] [INFO    ] [STEP 022]   same way.
[2026-09-21 14:31:21 UTC] [INFO    ] [STEP 022]   Also computed: the aphelion-distance distribution of the detached
[2026-09-21 14:31:21 UTC] [INFO    ] [STEP 022]   population, locating the outer edge of the affected zone.
[2026-09-21 14:31:21 UTC] [INFO    ] [STEP 022]   Outputs: results/step_04_edges.json,
[2026-09-21 14:31:21 UTC] [INFO    ] [STEP 022]   figures/supplementary/step_04_edges.png
[2026-09-21 14:31:21 UTC] [INFO    ] [STEP 022] --------------------------------------------------------------------------------
[2026-09-21 14:31:21 UTC] [INFO    ] [STEP 022] EXECUTION ENVIRONMENT: python 3.13.5 | macOS-26.5.1 | numpy 2.1.3 | scipy 1.14.1 | pandas 2.2.3 | astropy 7.1.1 | rebound 5.1.1 | matplotlib 3.9.2 | cpus 15
[2026-09-21 14:31:21 UTC] [INFO    ] [STEP 022] SCRIPT: scripts/steps/step_022_edges.py
[2026-09-21 14:31:21 UTC] [INFO    ] [STEP 022] SCRIPT SHA256: 4730de2c3b220316bf20fa96773201575e5e291e6ae088c7f2465154ee22610d
[2026-09-21 14:31:21 UTC] [INFO    ] [STEP 022] SCRIPT SIZE: 10290 bytes
[2026-09-21 14:31:21 UTC] [INFO    ] [STEP 022] ================================================================================
[2026-09-21 14:31:21 UTC] [INFO    ] [STEP 022] Radial edge structure
[2026-09-21 14:31:21 UTC] [INFO    ] [STEP 022] ================================================================================
[2026-09-21 14:31:21 UTC] [INFO    ] [STEP 022] E1 cold_i<5: N=1606, edge=46.88+-0.84 AU, width=0.37+-0.74 AU
[2026-09-21 14:31:21 UTC] [INFO    ] [STEP 022] E1 hot_i>=5: N=2176, edge=47.98+-0.41 AU, width=0.31+-0.35 AU
[2026-09-21 14:31:21 UTC] [INFO    ] [STEP 022] E2 inner edge: q10=34.3 AU CI68 [33.6,35.0], min q=29.2
[2026-09-21 14:31:22 UTC] [INFO    ] [STEP 022] E2 perihelion desert 48-62 AU: observed 2, smooth-expected 3.8, p=2.77e-01
[2026-09-21 14:31:22 UTC] [INFO    ] [STEP 022] E2 sednoid group q>62: ['90377 Sedna (2003 VB12)', '541132 Leleakuhonua (2015 TG387)', '(2012 VP113)', '(2023 KQ14)']
[2026-09-21 14:31:22 UTC] [INFO    ] [STEP 022] detached aphelia: median 518 AU, [319,1008]
[2026-09-21 14:31:22 UTC] [INFO    ] [STEP 022] Saving data: step_04_edges.json
[2026-09-21 14:31:22 UTC] [DEBUG   ] [STEP 022]   Full path: /Users/matthewsmawfield/www/Temporal Equivalence Principle/TEP-9/results/step_04_edges.json
[2026-09-21 14:31:22 UTC] [INFO    ] [STEP 022]   Output: step_04_edges.json
[2026-09-21 14:31:22 UTC] [INFO    ] [STEP 022] Saving data: step_04_edges.png
[2026-09-21 14:31:22 UTC] [DEBUG   ] [STEP 022]   Full path: /Users/matthewsmawfield/www/Temporal Equivalence Principle/TEP-9/results/figures/supplementary/step_04_edges.png
[2026-09-21 14:31:22 UTC] [INFO    ] [STEP 022]   Output: step_04_edges.png
[2026-09-21 14:31:22 UTC] [INFO    ] [STEP 022] 
[2026-09-21 14:31:22 UTC] [INFO    ] [STEP 022] ================================================================================
[2026-09-21 14:31:22 UTC] [INFO    ] [STEP 022] STEP SUMMARY: step_022_edges
[2026-09-21 14:31:22 UTC] [INFO    ] [STEP 022] ================================================================================
[2026-09-21 14:31:22 UTC] [INFO    ] [STEP 022] Step Number: 022
[2026-09-21 14:31:22 UTC] [INFO    ] [STEP 022] Status: SUCCESS
[2026-09-21 14:31:22 UTC] [INFO    ] [STEP 022] Duration: 0.86s
[2026-09-21 14:31:22 UTC] [INFO    ] [STEP 022] Log Records Emitted: 58
[2026-09-21 14:31:22 UTC] [INFO    ] [STEP 022] Output Files: 2
[2026-09-21 14:31:22 UTC] [INFO    ] [STEP 022] Log file: /Users/matthewsmawfield/www/Temporal Equivalence Principle/TEP-9/logs/step_022_edges.log
[2026-09-21 14:31:22 UTC] [INFO    ] [STEP 022] 
[2026-09-21 14:31:22 UTC] [INFO    ] [STEP 022] Generated 2 output file(s):
[2026-09-21 14:31:22 UTC] [INFO    ] [STEP 022]   • step_04_edges.json: 3.41 KB [sha256 dc4fce146cdd43bb]
[2026-09-21 14:31:22 UTC] [INFO    ] [STEP 022]   • step_04_edges.png: 193.24 KB [sha256 21f80cb2ce1f9101]
[2026-09-21 14:31:22 UTC] [INFO    ] [STEP 022] 
[2026-09-21 14:31:22 UTC] [INFO    ] [STEP 022]   RESULT SNAPSHOT [step_04_edges.json]:
[2026-09-21 14:31:22 UTC] [INFO    ] [STEP 022]     cold_i<5:
[2026-09-21 14:31:22 UTC] [INFO    ] [STEP 022]       N = 1606
[2026-09-21 14:31:22 UTC] [INFO    ] [STEP 022]     cold_i<5.fit:
[2026-09-21 14:31:22 UTC] [INFO    ] [STEP 022]       A = 82.013427
[2026-09-21 14:31:22 UTC] [INFO    ] [STEP 022]       edge_AU = 46.881845
[2026-09-21 14:31:22 UTC] [INFO    ] [STEP 022]       width_AU = 0.37088559
[2026-09-21 14:31:22 UTC] [INFO    ] [STEP 022]       B = 3.1087334
[2026-09-21 14:31:22 UTC] [INFO    ] [STEP 022]       edge_err = 0.84464906
[2026-09-21 14:31:22 UTC] [INFO    ] [STEP 022]       width_err = 0.73652795
[2026-09-21 14:31:22 UTC] [INFO    ] [STEP 022]       converged = True
[2026-09-21 14:31:22 UTC] [INFO    ] [STEP 022]     cold_i<5.bin_centers [n=48]: median=50 min=38.25 max=61.75
[2026-09-21 14:31:22 UTC] [INFO    ] [STEP 022]     cold_i<5.counts [n=48]: median=4 min=0 max=308
[2026-09-21 14:31:22 UTC] [INFO    ] [STEP 022]     hot_i>=5:
[2026-09-21 14:31:22 UTC] [INFO    ] [STEP 022]       N = 2176
[2026-09-21 14:31:22 UTC] [INFO    ] [STEP 022]     hot_i>=5.fit:
[2026-09-21 14:31:22 UTC] [INFO    ] [STEP 022]       A = 74.199604
[2026-09-21 14:31:22 UTC] [INFO    ] [STEP 022]       edge_AU = 47.98226
[2026-09-21 14:31:22 UTC] [INFO    ] [STEP 022]       width_AU = 0.30670068
[2026-09-21 14:31:22 UTC] [INFO    ] [STEP 022]       B = 14.471663
[2026-09-21 14:31:22 UTC] [INFO    ] [STEP 022]       edge_err = 0.40503971
[2026-09-21 14:31:22 UTC] [INFO    ] [STEP 022]       width_err = 0.34983009
[2026-09-21 14:31:22 UTC] [INFO    ] [STEP 022]       converged = True
[2026-09-21 14:31:22 UTC] [INFO    ] [STEP 022]     hot_i>=5.bin_centers [n=48]: median=50 min=38.25 max=61.75
[2026-09-21 14:31:22 UTC] [INFO    ] [STEP 022]     hot_i>=5.counts [n=48]: median=21 min=4 max=161
[2026-09-21 14:31:22 UTC] [INFO    ] [STEP 022]     q_histogram:
[2026-09-21 14:31:22 UTC] [INFO    ] [STEP 022]       N = 45
[2026-09-21 14:31:22 UTC] [INFO    ] [STEP 022]     q_histogram.bin_centers [n=29]: median=59 min=31 max=87
[2026-09-21 14:31:22 UTC] [INFO    ] [STEP 022]     q_histogram.counts [n=29]: median=0 min=0 max=12
[2026-09-21 14:31:22 UTC] [INFO    ] [STEP 022]     detachment_inner_edge:
[2026-09-21 14:31:22 UTC] [INFO    ] [STEP 022]       q10_AU = 34.26
[2026-09-21 14:31:22 UTC] [INFO    ] [STEP 022]       min_q_AU = 29.23
[2026-09-21 14:31:22 UTC] [INFO    ] [STEP 022]     detachment_inner_edge.ci68 [n=2]: median=34.28 min=33.6 max=34.96
[2026-09-21 14:31:22 UTC] [INFO    ] [STEP 022]     perihelion_desert:
[2026-09-21 14:31:22 UTC] [INFO    ] [STEP 022]       n_observed = 2
[2026-09-21 14:31:22 UTC] [INFO    ] [STEP 022]       expected_smooth = 3.75
[2026-09-21 14:31:22 UTC] [INFO    ] [STEP 022]       poisson_p_deficit = 0.27653492
[2026-09-21 14:31:22 UTC] [INFO    ] [STEP 022]     perihelion_desert.range_AU [n=2]: median=55 min=48 max=62
[2026-09-21 14:31:22 UTC] [INFO    ] [STEP 022]     perihelion_desert.objects_in_desert [n=2]
[2026-09-21 14:31:22 UTC] [INFO    ] [STEP 022]     sednoid_group[0]:
[2026-09-21 14:31:22 UTC] [INFO    ] [STEP 022]       name = 90377 Sedna (2003 VB12)
[2026-09-21 14:31:22 UTC] [INFO    ] [STEP 022]       q = 76.185
[2026-09-21 14:31:22 UTC] [INFO    ] [STEP 022]       a = 543.7
[2026-09-21 14:31:22 UTC] [INFO    ] [STEP 022]     sednoid_group[1]:
[2026-09-21 14:31:22 UTC] [INFO    ] [STEP 022]       name = 541132 Leleakuhonua (2015 TG387)
[2026-09-21 14:31:22 UTC] [INFO    ] [STEP 022]       q = 64.681
[2026-09-21 14:31:22 UTC] [INFO    ] [STEP 022]       a = 1346
[2026-09-21 14:31:22 UTC] [INFO    ] [STEP 022]     sednoid_group[2]:
[2026-09-21 14:31:22 UTC] [INFO    ] [STEP 022]       name = (2012 VP113)
[2026-09-21 14:31:22 UTC] [INFO    ] [STEP 022]       q = 80.642
[2026-09-21 14:31:22 UTC] [INFO    ] [STEP 022]       a = 267.5
[2026-09-21 14:31:22 UTC] [INFO    ] [STEP 022]     sednoid_group[3]:
[2026-09-21 14:31:22 UTC] [INFO    ] [STEP 022]       name = (2023 KQ14)
[2026-09-21 14:31:22 UTC] [INFO    ] [STEP 022]       q = 65.923
[2026-09-21 14:31:22 UTC] [INFO    ] [STEP 022]       a = 247.4
[2026-09-21 14:31:22 UTC] [INFO    ] [STEP 022]     detached_aphelion:
[2026-09-21 14:31:22 UTC] [INFO    ] [STEP 022]       median_AU = 517.9
[2026-09-21 14:31:22 UTC] [INFO    ] [STEP 022]       p16 = 319.2068
[2026-09-21 14:31:22 UTC] [INFO    ] [STEP 022]       p84 = 1008.284
[2026-09-21 14:31:22 UTC] [INFO    ] [STEP 022]       max_AU = 5337.66
[2026-09-21 14:31:22 UTC] [INFO    ] [STEP 022] ================================================================================
[2026-09-21 14:31:22 UTC] [INFO    ] [STEP 022] STEP 022 COMPLETE: SUCCESS
[2026-09-21 14:31:22 UTC] [INFO    ] [STEP 022] Provenance data saved to /Users/matthewsmawfield/www/Temporal Equivalence Principle/TEP-9/results/provenance/step_022_edges_provenance.json
[2026-09-21 14:31:22 UTC] [INFO    ] [STEP 022] 
[2026-09-21 14:31:22 UTC] [INFO    ] [STEP 022] ================================================================================
[2026-09-21 14:31:22 UTC] [INFO    ] [STEP 022] EXECUTIVE SUMMARY
[2026-09-21 14:31:22 UTC] [INFO    ] [STEP 022] ================================================================================
[2026-09-21 14:31:22 UTC] [INFO    ] [STEP 022] Step: step_022_edges (Step 022)
[2026-09-21 14:31:22 UTC] [INFO    ] [STEP 022] Status: SUCCESS
[2026-09-21 14:31:22 UTC] [INFO    ] [STEP 022] Duration: 0.86s
[2026-09-21 14:31:22 UTC] [INFO    ] [STEP 022] Log Records: 129
[2026-09-21 14:31:22 UTC] [INFO    ] [STEP 022] Output Files: 2
[2026-09-21 14:31:22 UTC] [INFO    ] [STEP 022] Key Outputs:
[2026-09-21 14:31:22 UTC] [INFO    ] [STEP 022]   - step_04_edges.json (3.41 KB)
[2026-09-21 14:31:22 UTC] [INFO    ] [STEP 022]   - step_04_edges.png (193.24 KB)
[2026-09-21 14:31:22 UTC] [INFO    ] [STEP 022] ================================================================================
