[INFO] [STEP 117] LOGGER INITIALIZED: step_117_prospective_lpc (Step 117)
[INFO] [STEP 117] ================================================================================
[INFO] [STEP 117] Prospective validation cohort: post-2017 SBDB LPCs (REBOUND/DE440s)
[INFO] [STEP 117] ================================================================================
[INFO] [STEP 117] using cached sbdb_comets_all.json
[INFO] [STEP 117] SBDB comet table: 4077 rows, fields 22
[INFO] [STEP 117] post-2017 comets: near-parabolic usable 287; deep-plunger primary (q<3.1) 148; bound controls 64; excluded {'year': 2815, 'frag': 13, 'e': 0, 'q': 4, 'arc': 11, 'iso': 2}
[INFO] [STEP 117] integrating primary cohort ...
[INFO] [STEP 117] prospective: 287 comets to integrate (0 checkpointed)
[WARNING] [STEP 117] ⚠ C/2018 E1 (ATLAS): osculating aphelion 106 AU < 225 AU -- boundary unreachable
[WARNING] [STEP 117] ⚠ C/2019 A9 (PANSTARRS): osculating aphelion 76 AU < 225 AU -- boundary unreachable
[INFO] [STEP 117] prospective: 25/287 integrated
[WARNING] [STEP 117] ⚠ C/2019 J1 (Lemmon): osculating aphelion 141 AU < 225 AU -- boundary unreachable
[INFO] [STEP 117] prospective: 50/287 integrated
[WARNING] [STEP 117] ⚠ C/2020 B2 (Lemmon): osculating aphelion 133 AU < 225 AU -- boundary unreachable
[WARNING] [STEP 117] ⚠ C/2020 H4 (Leonard): boundary not reached
[INFO] [STEP 117] prospective: 75/287 integrated
[WARNING] [STEP 117] ⚠ C/2020 K4 (PANSTARRS): osculating aphelion 90 AU < 225 AU -- boundary unreachable
[WARNING] [STEP 117] ⚠ C/2020 M3 (ATLAS): osculating aphelion 52 AU < 225 AU -- boundary unreachable
[WARNING] [STEP 117] ⚠ C/2020 N2 (ATLAS): osculating aphelion 202 AU < 225 AU -- boundary unreachable
[WARNING] [STEP 117] ⚠ C/2020 Q1 (Borisov): osculating aphelion 118 AU < 225 AU -- boundary unreachable
[WARNING] [STEP 117] ⚠ C/2020 R4 (ATLAS): osculating aphelion 193 AU < 225 AU -- boundary unreachable
[INFO] [STEP 117] prospective: 100/287 integrated
[WARNING] [STEP 117] ⚠ C/2020 U3 (Rankin): osculating aphelion 127 AU < 225 AU -- boundary unreachable
[WARNING] [STEP 117] ⚠ C/2021 A4 (NEOWISE): osculating aphelion 84 AU < 225 AU -- boundary unreachable
[WARNING] [STEP 117] ⚠ C/2021 A10 (NEOWISE): osculating aphelion 184 AU < 225 AU -- boundary unreachable
[WARNING] [STEP 117] ⚠ C/2021 C3 (Catalina): osculating aphelion 125 AU < 225 AU -- boundary unreachable
[WARNING] [STEP 117] ⚠ C/2021 D1 (SWAN): osculating aphelion 191 AU < 225 AU -- boundary unreachable
[INFO] [STEP 117] prospective: 125/287 integrated
[WARNING] [STEP 117] ⚠ C/2021 G1 (Leonard): osculating aphelion 148 AU < 225 AU -- boundary unreachable
[WARNING] [STEP 117] ⚠ C/2021 J2 (PANSTARRS): boundary not reached
[WARNING] [STEP 117] ⚠ C/2021 U4 (Leonard): osculating aphelion 86 AU < 225 AU -- boundary unreachable
[INFO] [STEP 117] prospective: 150/287 integrated
[WARNING] [STEP 117] ⚠ C/2022 J1 (Maury-Attard): osculating aphelion 94 AU < 225 AU -- boundary unreachable
[WARNING] [STEP 117] ⚠ C/2022 J2 (Bok): osculating aphelion 183 AU < 225 AU -- boundary unreachable
[WARNING] [STEP 117] ⚠ C/2022 N1 (Attard-Maury): osculating aphelion 73 AU < 225 AU -- boundary unreachable
[INFO] [STEP 117] prospective: 175/287 integrated
[WARNING] [STEP 117] ⚠ C/2022 U2 (ATLAS): osculating aphelion 190 AU < 225 AU -- boundary unreachable
[WARNING] [STEP 117] ⚠ C/2023 P1 (Nishimura): osculating aphelion 115 AU < 225 AU -- boundary unreachable
[INFO] [STEP 117] prospective: 200/287 integrated
[WARNING] [STEP 117] ⚠ C/2023 S3 (Lemmon): osculating aphelion 56 AU < 225 AU -- boundary unreachable
[WARNING] [STEP 117] ⚠ C/2023 TD22 (Lemmon): osculating aphelion 94 AU < 225 AU -- boundary unreachable
[WARNING] [STEP 117] ⚠ C/2024 C4 (ATLAS): osculating aphelion 167 AU < 225 AU -- boundary unreachable
[WARNING] [STEP 117] ⚠ C/2024 G1 (Wierzchos): boundary not reached
[INFO] [STEP 117] prospective: 225/287 integrated
[WARNING] [STEP 117] ⚠ C/2024 L5 (ATLAS): boundary not reached
[WARNING] [STEP 117] ⚠ C/2024 PN7 (PANSTARRS): osculating aphelion 133 AU < 225 AU -- boundary unreachable
[WARNING] [STEP 117] ⚠ C/2024 T3 (PANSTARRS): osculating aphelion 165 AU < 225 AU -- boundary unreachable
[INFO] [STEP 117] prospective: 250/287 integrated
[WARNING] [STEP 117] ⚠ C/2025 R2 (SWAN): osculating aphelion 173 AU < 225 AU -- boundary unreachable
[WARNING] [STEP 117] ⚠ C/2026 AZ17 (Bok): osculating aphelion 127 AU < 225 AU -- boundary unreachable
[INFO] [STEP 117] prospective: 275/287 integrated
[INFO] [STEP 117] prospective: integrated 255 comets x2 legs; 32 failed
[INFO] [STEP 117] integrating bound-comet control cohort ...
[INFO] [STEP 117] control: integrated 0 comets x2 legs; 64 failed
[INFO] [STEP 117] slip-map transfer: rho=-0.041 p=0.6532 sign-acc=0.43 (n=121)
[INFO] [STEP 117] primary(q<3.1): n=121 in=32 | med drot in/out 0.114/0.171 | MWU p=0.9556 perm p=0.9205 | resid cap p=0.9702 | dtau med_in=-5.49 yr
[INFO] [STEP 117] primary pure-gravity: n=89 in=23 | med drot in/out 0.111/0.145 | MWU p=0.9122 perm p=0.8005 | resid cap p=0.9672 | dtau med_in=-7.96 yr
[INFO] [STEP 117] oort-spike(q<3.1,0<1/a<100): n=30 in=8 | med drot in/out 0.079/0.180 | MWU p=0.9718 perm p=0.9768 | resid cap p=0.9825 | dtau med_in=-6.15 yr
[INFO] [STEP 117] oort-spike pure-gravity: n=18 in=4 | med drot in/out 0.146/0.145 | MWU p=0.6010 perm p=0.5792 | resid cap p=0.3605 | dtau med_in=3.32 yr
[INFO] [STEP 117] all_near_parabolic: n=255 in=68 | med drot in/out 0.095/0.123 | MWU p=0.9125 perm p=0.9251 | resid cap p=0.9517 | dtau med_in=-3.86 yr
[INFO] [STEP 117] extended(q>=3.1): n=134 in=36 | med drot in/out 0.083/0.086 | MWU p=0.5628 perm p=0.5827 | resid cap p=0.9143 | dtau med_in=-2.37 yr
[INFO] [STEP 117] control(e<0.95): n=0 in=0 -- insufficient_sample
wrote /Users/matthewsmawfield/www/Temporal Equivalence Principle/TEP-9/results/step_b81_prospective_lpc.json
wrote /Users/matthewsmawfield/www/Temporal Equivalence Principle/TEP-9/results/step_b81_prospective_lpc.csv
wrote /Users/matthewsmawfield/www/Temporal Equivalence Principle/TEP-9/results/figures/step_b81_prospective_lpc.png
