[2026-09-19 21:14:03 UTC] [INFO    ] [STEP 003] LOGGER INITIALIZED: step_003_download_code (Step 003)
[2026-09-19 21:14:03 UTC] [DEBUG   ] [STEP 003] Log file: /Users/matthewsmawfield/www/Temporal Equivalence Principle/TEP-9/logs/step_003_download_code.log
[2026-09-19 21:14:03 UTC] [DEBUG   ] [STEP 003] Project root: /Users/matthewsmawfield/www/Temporal Equivalence Principle/TEP-9
[2026-09-19 21:14:03 UTC] [INFO    ] [STEP 003] ================================================================================
[2026-09-19 21:14:03 UTC] [INFO    ] [STEP 003] CODE catalogue acquisition
[2026-09-19 21:14:03 UTC] [INFO    ] [STEP 003] ================================================================================
[2026-09-19 21:14:03 UTC] [DEBUG   ] [STEP 003] 
[2026-09-19 21:14:03 UTC] [DEBUG   ] [STEP 003] --- code_original.html ---
[2026-09-19 21:14:04 UTC] [INFO    ] [STEP 003]   → live endpoint returned non-table page for code_original.html (24754 bytes)
[2026-09-19 21:14:04 UTC] [INFO    ] [STEP 003]   → USING ARCHIVAL SNAPSHOT for code_original.html: pad2 live export unavailable; staged catalogue copy adopted
[2026-09-19 21:14:04 UTC] [INFO    ] [STEP 003] METRIC: bytes = 429811 archival
[2026-09-19 21:14:04 UTC] [INFO    ] [STEP 003] METRIC: table_rows = 371 archival
[2026-09-19 21:14:04 UTC] [INFO    ] [STEP 003] METRIC: sha256 = 2215909000eff5d16dc9f6b53481b046d6ba920ffbe45ec8c4b152fff599d1e8 archival integrity
[2026-09-19 21:14:04 UTC] [DEBUG   ] [STEP 003] 
[2026-09-19 21:14:04 UTC] [DEBUG   ] [STEP 003] --- code_osculating.html ---
[2026-09-19 21:14:04 UTC] [INFO    ] [STEP 003]   → live endpoint returned non-table page for code_osculating.html (24754 bytes)
[2026-09-19 21:14:04 UTC] [INFO    ] [STEP 003]   → USING ARCHIVAL SNAPSHOT for code_osculating.html: pad2 live export unavailable; staged catalogue copy adopted
[2026-09-19 21:14:04 UTC] [INFO    ] [STEP 003] METRIC: bytes = 430370 archival
[2026-09-19 21:14:04 UTC] [INFO    ] [STEP 003] METRIC: table_rows = 371 archival
[2026-09-19 21:14:04 UTC] [INFO    ] [STEP 003] METRIC: sha256 = 593b4221dfcded55f1c5d5f2fdca1bc0e4a2266732c05a4b26fc38a9151b0aef archival integrity
[2026-09-19 21:14:04 UTC] [DEBUG   ] [STEP 003] 
[2026-09-19 21:14:04 UTC] [DEBUG   ] [STEP 003] --- code_future.html ---
[2026-09-19 21:14:05 UTC] [INFO    ] [STEP 003]   → live endpoint returned non-table page for code_future.html (24754 bytes)
[2026-09-19 21:14:05 UTC] [INFO    ] [STEP 003]   → USING ARCHIVAL SNAPSHOT for code_future.html: pad2 live export unavailable; staged catalogue copy adopted
[2026-09-19 21:14:05 UTC] [INFO    ] [STEP 003] METRIC: bytes = 399155 archival
[2026-09-19 21:14:05 UTC] [INFO    ] [STEP 003] METRIC: table_rows = 344 archival
[2026-09-19 21:14:05 UTC] [INFO    ] [STEP 003] METRIC: sha256 = dd93a8b076cb88cd47f2c0115bbe036b6ebc0327857200fdb259c4ec541a1ade archival integrity
[2026-09-19 21:14:05 UTC] [INFO    ] [STEP 003] Saving data: provenance.json
[2026-09-19 21:14:05 UTC] [DEBUG   ] [STEP 003]   Full path: /Users/matthewsmawfield/www/Temporal Equivalence Principle/TEP-9/data/raw/code/provenance.json
[2026-09-19 21:14:05 UTC] [INFO    ] [STEP 003]   → CODE acquisition complete -> data/raw/code/
