[2026-09-19 22:14:09 UTC] [INFO    ] [STEP 070] LOGGER INITIALIZED: step_070_galactic_tide (Step 070)
[2026-09-19 22:14:09 UTC] [DEBUG   ] [STEP 070] Log file: /Users/matthewsmawfield/www/Temporal Equivalence Principle/TEP-9/logs/step_070_galactic_tide.log
[2026-09-19 22:14:09 UTC] [DEBUG   ] [STEP 070] Project root: /Users/matthewsmawfield/www/Temporal Equivalence Principle/TEP-9
[2026-09-19 22:14:09 UTC] [INFO    ] [STEP 070] ================================================================================
[2026-09-19 22:14:09 UTC] [INFO    ] [STEP 070] Galactic-tide insertion control (REBOUND/DE440s)
[2026-09-19 22:14:09 UTC] [INFO    ] [STEP 070] ================================================================================
[2026-09-19 22:14:10 UTC] [INFO    ] [STEP 070] tide coefficients: Kx=7.061e-16 Ky=-7.061e-16 Kz=-5.653e-15 yr^-2 (z/radial ratio 8.0)
[2026-09-19 22:14:10 UTC] [INFO    ] [STEP 070] sample: 131 class-1 CODE comets
[2026-09-19 22:14:11 UTC] [INFO    ] [STEP 070]   20/131
[2026-09-19 22:14:11 UTC] [INFO    ] [STEP 070]   40/131
[2026-09-19 22:14:12 UTC] [INFO    ] [STEP 070]   60/131
[2026-09-19 22:14:13 UTC] [INFO    ] [STEP 070]   80/131
[2026-09-19 22:14:14 UTC] [INFO    ] [STEP 070]   100/131
[2026-09-19 22:14:14 UTC] [INFO    ] [STEP 070]   120/131
[2026-09-19 22:14:15 UTC] [INFO    ] [STEP 070] integrated 131 comets, 0 failures
[2026-09-19 22:14:15 UTC] [INFO    ] [STEP 070] per-leg tide offset: med 0.00e+00 deg, max 2.18e+00 deg
[2026-09-19 22:14:15 UTC] [INFO    ] [STEP 070] rotation change: med |ddrot| 9.48e-09, max 1.78e+00 deg
[2026-09-19 22:14:15 UTC] [INFO    ] [STEP 070] cap contrast: leg p=0.203, ddrot p=0.329
wrote /Users/matthewsmawfield/www/Temporal Equivalence Principle/TEP-9/results/step_b35_galactic_tide.json
wrote /Users/matthewsmawfield/www/Temporal Equivalence Principle/TEP-9/results/step_b35_galactic_tide.csv
wrote /Users/matthewsmawfield/www/Temporal Equivalence Principle/TEP-9/results/figures/step_b35_galactic_tide.png
