[2026-09-19 21:33:24 UTC] [INFO    ] [STEP 098] LOGGER INITIALIZED: step_098_rtg_nuclear_channel (Step 098)
[2026-09-19 21:33:24 UTC] [DEBUG   ] [STEP 098] Log file: /Users/matthewsmawfield/www/Temporal Equivalence Principle/TEP-9/logs/step_098_rtg_nuclear_channel.log
[2026-09-19 21:33:24 UTC] [DEBUG   ] [STEP 098] Project root: /Users/matthewsmawfield/www/Temporal Equivalence Principle/TEP-9
[2026-09-19 21:33:24 UTC] [INFO    ] [STEP 098] ================================================================================
[2026-09-19 21:33:24 UTC] [INFO    ] [STEP 098] RTG nuclear-decay channel (telemetry)
[2026-09-19 21:33:24 UTC] [INFO    ] [STEP 098] ================================================================================
[2026-09-19 21:33:24 UTC] [INFO    ] [STEP 098] METRIC: n_VG1_total = 129 telemetry epochs, last=2021-08-04
[2026-09-19 21:33:24 UTC] [INFO    ] [STEP 098] METRIC: n_VG1_rtg1 = 52 telemetry epochs, last=2021-02-24
[2026-09-19 21:33:24 UTC] [INFO    ] [STEP 098] METRIC: n_VG1_rtg2 = 52 telemetry epochs, last=2021-08-04
[2026-09-19 21:33:24 UTC] [INFO    ] [STEP 098] METRIC: n_VG1_rtg3 = 53 telemetry epochs, last=2021-05-11
[2026-09-19 21:33:24 UTC] [INFO    ] [STEP 098] METRIC: n_VG2_total = 89 telemetry epochs, last=2021-02-27
[2026-09-19 21:33:24 UTC] [INFO    ] [STEP 098] METRIC: n_VG2_rtg1 = 53 telemetry epochs, last=2021-02-27
[2026-09-19 21:33:24 UTC] [INFO    ] [STEP 098] METRIC: n_VG2_rtg2 = 52 telemetry epochs, last=2021-02-04
[2026-09-19 21:33:24 UTC] [INFO    ] [STEP 098] METRIC: gamow_exponent = 76.3 Pu-238 Gamow exponent
[2026-09-19 21:33:24 UTC] [INFO    ] [STEP 098] METRIC: decay_amplification = 153.0 |dlambda/lambda| per |dalpha/alpha|
[2026-09-19 21:33:24 UTC] [INFO    ] [STEP 098] METRIC: VG1_total_k_deg = 0.837 degradation %/yr beyond Pu-238
[2026-09-19 21:33:24 UTC] [INFO    ] [STEP 098] METRIC: VG1_total_resid_rms = 0.46 log-residual rms (%)
[2026-09-19 21:33:24 UTC] [INFO    ] [STEP 098] METRIC: VG2_total_k_deg = 0.888 degradation %/yr beyond Pu-238
[2026-09-19 21:33:24 UTC] [INFO    ] [STEP 098] METRIC: VG2_total_resid_rms = 0.61 log-residual rms (%)
[2026-09-19 21:33:24 UTC] [INFO    ] [STEP 098] METRIC: VG1_total_v1_termination_shock_step = 0.28 % step at 2004-12-16 (p=0.085)
[2026-09-19 21:33:24 UTC] [INFO    ] [STEP 098] METRIC: VG1_total_v1_heliopause_step = -0.74 % step at 2012-08-25 (p=0.000)
[2026-09-19 21:33:24 UTC] [INFO    ] [STEP 098] METRIC: VG2_total_v2_termination_shock_step = -0.15 % step at 2007-08-30 (p=0.607)
[2026-09-19 21:33:24 UTC] [INFO    ] [STEP 098] METRIC: VG2_total_v2_heliopause_step = -0.77 % step at 2018-11-05 (p=0.040)
[2026-09-19 21:33:24 UTC] [INFO    ] [STEP 098] METRIC: VG1_total_placebo_envelope = 0.86 % max |placebo step|
[2026-09-19 21:33:24 UTC] [INFO    ] [STEP 098] METRIC: VG2_total_placebo_envelope = 0.99 % max |placebo step|
[2026-09-19 21:33:25 UTC] [INFO    ] [STEP 098] Saving data: step_b62_rtg_nuclear.png
[2026-09-19 21:33:25 UTC] [DEBUG   ] [STEP 098]   Full path: /Users/matthewsmawfield/www/Temporal Equivalence Principle/TEP-9/results/figures/step_b62_rtg_nuclear.png
[2026-09-19 21:33:25 UTC] [INFO    ] [STEP 098] Saving data: step_b62_rtg_nuclear.csv
[2026-09-19 21:33:25 UTC] [DEBUG   ] [STEP 098]   Full path: /Users/matthewsmawfield/www/Temporal Equivalence Principle/TEP-9/results/step_b62_rtg_nuclear.csv
[2026-09-19 21:33:25 UTC] [INFO    ] [STEP 098] Saving data: step_b62_rtg_nuclear.json
[2026-09-19 21:33:25 UTC] [DEBUG   ] [STEP 098]   Full path: /Users/matthewsmawfield/www/Temporal Equivalence Principle/TEP-9/results/step_b62_rtg_nuclear.json
[2026-09-19 21:33:25 UTC] [INFO    ] [STEP 098] ✓ RTG nuclear channel complete
