[2026-09-19 20:25:13 UTC] [INFO    ] [STEP 090] LOGGER INITIALIZED: step_090_mean_plane (Step 090)
[2026-09-19 20:25:13 UTC] [DEBUG   ] [STEP 090] Log file: /Users/matthewsmawfield/www/Temporal Equivalence Principle/TEP-9/logs/step_090_mean_plane.log
[2026-09-19 20:25:13 UTC] [DEBUG   ] [STEP 090] Project root: /Users/matthewsmawfield/www/Temporal Equivalence Principle/TEP-9
[2026-09-19 20:25:13 UTC] [INFO    ] [STEP 090] ================================================================================
[2026-09-19 20:25:13 UTC] [INFO    ] [STEP 090] Bias-free mean-plane warp (SCT25 estimator, MPCORB lineage)
[2026-09-19 20:25:13 UTC] [INFO    ] [STEP 090] ================================================================================
[2026-09-19 20:25:14 UTC] [INFO    ] [STEP 090] loading MPCORB ...
[2026-09-19 20:25:18 UTC] [INFO    ] [STEP 090]   1565627 orbits
[2026-09-19 20:25:20 UTC] [INFO    ] [STEP 090]   6647 candidates in 30-450 AU, q>28
[2026-09-19 20:25:21 UTC] [INFO    ] [STEP 090] --------------------------------------------------------------------------------
[2026-09-19 20:25:21 UTC] [INFO    ] [STEP 090] A. SCT25 Table-1 published-sample validation
[2026-09-19 20:25:21 UTC] [INFO    ] [STEP 090] --------------------------------------------------------------------------------
[2026-09-19 20:25:21 UTC] [INFO    ] [STEP 090] matched 46/46 published objects; missing: []
[2026-09-19 20:25:28 UTC] [INFO    ] [STEP 090] SCT25 Table-1 (80-400 AU): N=46  i0=13.3  Om0=118  gamma=15  dlogL=3.68  sigma=2.71  FAP=0.0200
[2026-09-19 20:25:28 UTC] [INFO    ] [STEP 090] --------------------------------------------------------------------------------
[2026-09-19 20:25:28 UTC] [INFO    ] [STEP 090] B. Pipeline-native bins (MMR-excluded)
[2026-09-19 20:25:28 UTC] [INFO    ] [STEP 090] --------------------------------------------------------------------------------
[2026-09-19 20:25:45 UTC] [INFO    ] [STEP 090] a 50-80 AU: N=149  i0=2.9  Om0=58  gamma=11  dlogL=0.72  sigma=1.20  FAP=0.4688
[2026-09-19 20:26:01 UTC] [INFO    ] [STEP 090] a 80-200 AU: N=123  i0=1.6  Om0=117  gamma=10  dlogL=0.01  sigma=0.15  FAP=0.9825
[2026-09-19 20:26:06 UTC] [INFO    ] [STEP 090] a 200-400 AU: N=27  i0=10.3  Om0=135  gamma=21  dlogL=1.77  sigma=1.88  FAP=0.1297
[2026-09-19 20:26:21 UTC] [INFO    ] [STEP 090] a 80-400 AU: N=150  i0=2.8  Om0=129  gamma=11  dlogL=0.21  sigma=0.65  FAP=0.8554
[2026-09-19 20:26:32 UTC] [INFO    ] [STEP 090] 80-400 AU, MMR cut 0.01: N=183  i0=3.1  Om0=138  gamma=11  dlogL=0.49  sigma=0.99  FAP=0.7065
[2026-09-19 20:26:38 UTC] [INFO    ] [STEP 090] 80-400 AU, MMR cut 0.02: N=116  i0=3.0  Om0=143  gamma=11  dlogL=0.38  sigma=0.87  FAP=0.7413
[2026-09-19 20:26:38 UTC] [INFO    ] [STEP 090] --------------------------------------------------------------------------------
[2026-09-19 20:26:38 UTC] [INFO    ] [STEP 090] C. Direction of the warp
[2026-09-19 20:26:38 UTC] [INFO    ] [STEP 090] --------------------------------------------------------------------------------
[2026-09-19 20:26:38 UTC] [INFO    ] [STEP 090] 50-80: lean az 328 deg, |az-49|=80.8 deg (p=0.5162), Om0-P9node 38.7 deg
[2026-09-19 20:26:38 UTC] [INFO    ] [STEP 090] 80-200: lean az 27 deg, |az-49|=21.6 deg (p=0.1047), Om0-P9node 20.5 deg
[2026-09-19 20:26:38 UTC] [INFO    ] [STEP 090] 200-400: lean az 45 deg, |az-49|=3.7 deg (p=0.0449), Om0-P9node 38.4 deg
[2026-09-19 20:26:38 UTC] [INFO    ] [STEP 090] 80-400: lean az 39 deg, |az-49|=10.0 deg (p=0.0648), Om0-P9node 32.1 deg
[2026-09-19 20:26:38 UTC] [INFO    ] [STEP 090] Table1: lean az 28 deg, |az-49|=21.1 deg (p=0.1895), Om0-P9node 21.0 deg
[2026-09-19 20:26:39 UTC] [INFO    ] [STEP 090] 80-400 jackknife: median az 39 deg, circ sd 2.8 deg, 1.00 within 30 deg of 49
[2026-09-19 20:26:39 UTC] [INFO    ] [STEP 090] 200-400 jackknife: median az 46 deg, circ sd 3.8 deg, 1.00 within 30 deg of 49
[2026-09-19 20:26:39 UTC] [INFO    ] [STEP 090] --------------------------------------------------------------------------------
[2026-09-19 20:26:39 UTC] [INFO    ] [STEP 090] D. Mean-pole cross-check (same bins)
[2026-09-19 20:26:39 UTC] [INFO    ] [STEP 090] --------------------------------------------------------------------------------
[2026-09-19 20:26:39 UTC] [INFO    ] [STEP 090] 50-80 AU: naive mean-pole tilt 5.50 deg, azimuth 23 deg
[2026-09-19 20:26:39 UTC] [INFO    ] [STEP 090] 80-200 AU: naive mean-pole tilt 7.01 deg, azimuth 47 deg
[2026-09-19 20:26:39 UTC] [INFO    ] [STEP 090] 200-400 AU: naive mean-pole tilt 9.13 deg, azimuth 54 deg
[2026-09-19 20:26:39 UTC] [INFO    ] [STEP 090] 80-400 AU: naive mean-pole tilt 7.39 deg, azimuth 48 deg
wrote /Users/matthewsmawfield/www/Temporal Equivalence Principle/TEP-9/results/step_b55_mean_plane.json
wrote /Users/matthewsmawfield/www/Temporal Equivalence Principle/TEP-9/results/figures/step_b55_mean_plane.png
