[2026-09-19 21:40:25 UTC] [INFO    ] [STEP 129] LOGGER INITIALIZED: step_129_bipolar_unification (Step 129)
[2026-09-19 21:40:25 UTC] [DEBUG   ] [STEP 129] Log file: /Users/matthewsmawfield/www/Temporal Equivalence Principle/TEP-9/logs/step_129_bipolar_unification.log
[2026-09-19 21:40:25 UTC] [DEBUG   ] [STEP 129] Project root: /Users/matthewsmawfield/www/Temporal Equivalence Principle/TEP-9
[2026-09-19 21:40:25 UTC] [INFO    ] [STEP 129] ================================================================================
[2026-09-19 21:40:25 UTC] [INFO    ] [STEP 129] Frame-anchored bipolar unification test
[2026-09-19 21:40:25 UTC] [INFO    ] [STEP 129] ================================================================================
[2026-09-19 21:40:25 UTC] [INFO    ] [STEP 129] loaded: pre-2018 586, post-2017 249
[2026-09-19 21:40:25 UTC] [INFO    ] [STEP 129] T1  per-era CMB-frame dipoles (independent + catalogue)
[2026-09-19 21:40:30 UTC] [INFO    ] [STEP 129]   pre2018   independent b=-0.0582 dex  p_2sided=0.021  n=586
[2026-09-19 21:40:30 UTC] [INFO    ] [STEP 129]   pre2018   catalogue   b=-0.0583 dex  p_2sided=0.0214  n=586
[2026-09-19 21:40:32 UTC] [INFO    ] [STEP 129]   post2017  independent b=+0.1717 dex  p_2sided=5e-05  n=248
[2026-09-19 21:40:32 UTC] [INFO    ] [STEP 129]   post2017  catalogue   b=+0.2032 dex  p_2sided=5e-05  n=248
[2026-09-19 21:40:32 UTC] [INFO    ] [STEP 129] T2  joint opposite-polarity statistic J = -b_pre*b_post
[2026-09-19 21:40:36 UTC] [INFO    ] [STEP 129]   b_pre=-0.0582  b_post=+0.1717  J=0.00999  p_J=0.0001  p_fisher=1.55e-05
[2026-09-19 21:40:36 UTC] [INFO    ] [STEP 129] T3  direction shuffle: J(u) on 500 random bipolar axes
[2026-09-19 21:40:36 UTC] [INFO    ] [STEP 129]   J(CMB)=0.00999  frac random axes >= CMB: 25/500 (0.050)
[2026-09-19 21:40:36 UTC] [INFO    ] [STEP 129] T4  bipolar-cap audit (60-deg caps about CMB axis)
[2026-09-19 21:40:36 UTC] [INFO    ] [STEP 129]   pre2018   apex-cap res=0.03345195380649768 (n=122)  antapex res=0.05224119324350929 (n=130)
[2026-09-19 21:40:36 UTC] [INFO    ] [STEP 129]   post2017  apex-cap res=0.20063254866294444 (n=45)  antapex res=-0.09836820668178459 (n=67)
[2026-09-19 21:40:36 UTC] [INFO    ] [STEP 129] T5  controls
[2026-09-19 21:40:37 UTC] [INFO    ] [STEP 129]   NG-clean post-2017: b=+0.1381 p=0.0012 n=211
[2026-09-19 21:40:38 UTC] [INFO    ] [STEP 129]   CODE-overlap pre-2018: b=-0.0495 p=0.2043 n=252
[2026-09-19 21:40:39 UTC] [INFO    ] [STEP 129]   pre2018 n_obs>=med (232): b=-0.0824 p=0.01965 n=293
[2026-09-19 21:40:40 UTC] [INFO    ] [STEP 129]   post2017 n_obs>=med (397): b=+0.1486 p=0.0035 n=125
[2026-09-19 21:40:40 UTC] [INFO    ] [STEP 129] verdict: BIPOLAR-CONSISTENT: opposite-signed CMB-frame dipoles on the independent record (J extremal), same-axis reading supported
[2026-09-19 21:40:40 UTC] [INFO    ] [STEP 129] wrote results/step_b93_bipolar_unification.json
[2026-09-19 21:40:41 UTC] [INFO    ] [STEP 129] wrote results/figures/step_b93_bipolar_unification.png
