[2026-09-19 20:08:00 UTC] [INFO    ] [STEP 144] LOGGER INITIALIZED: step_144_giant_apsidal (Step 144)
[2026-09-19 20:08:00 UTC] [DEBUG   ] [STEP 144] Log file: /Users/matthewsmawfield/www/Temporal Equivalence Principle/TEP-9/logs/step_144_giant_apsidal.log
[2026-09-19 20:08:00 UTC] [DEBUG   ] [STEP 144] Project root: /Users/matthewsmawfield/www/Temporal Equivalence Principle/TEP-9
[2026-09-19 20:08:00 UTC] [INFO    ] [STEP 144] ================================================================================
[2026-09-19 20:08:00 UTC] [INFO    ] [STEP 144] Giant-planet secular apsidal channel
[2026-09-19 20:08:00 UTC] [INFO    ] [STEP 144] ================================================================================
[2026-09-19 20:08:06 UTC] [INFO    ] [STEP 144] verdict: GIANT-APSIDAL CHANNEL QUIET: weighted mean forced apsidal azimuth 161.3 deg (112.3 deg from the resident axis, uniform p=0.6200); Neptune forced azimuth 178.8 deg (129.8 deg off), forced/free ratio 0.11.  The mean-element coincidence (Neptune varpi 4.0 deg, p~0.02) is registered with its secular context: whether the alignment survives as a fixed forced direction or is a circulating coincidence is decided here by the 5 Myr integration.
[2026-09-19 20:08:06 UTC] [INFO    ] [STEP 144] Saving data: step_b108_giant_apsidal.json
[2026-09-19 20:08:06 UTC] [DEBUG   ] [STEP 144]   Full path: /Users/matthewsmawfield/www/Temporal Equivalence Principle/TEP-9/results/step_b108_giant_apsidal.json
[2026-09-19 20:08:06 UTC] [INFO    ] [STEP 144] Saving data: step_b108_giant_apsidal.csv
[2026-09-19 20:08:06 UTC] [DEBUG   ] [STEP 144]   Full path: /Users/matthewsmawfield/www/Temporal Equivalence Principle/TEP-9/results/step_b108_giant_apsidal.csv
[2026-09-19 20:08:06 UTC] [INFO    ] [STEP 144] Saving data: step_b108_giant_apsidal.png
[2026-09-19 20:08:06 UTC] [DEBUG   ] [STEP 144]   Full path: /Users/matthewsmawfield/www/Temporal Equivalence Principle/TEP-9/results/figures/step_b108_giant_apsidal.png
integrating 5 Myr, 5001 snapshots...
integration done.
Jupiter  forced apsidal az=  99.06 deg sep= 50.06 deg  e_forced=0.0008 e_free=0.0458
Saturn   forced apsidal az=  98.93 deg sep= 49.93 deg  e_forced=0.0005 e_free=0.0536
Uranus   forced apsidal az= 267.88 deg sep=141.12 deg  e_forced=0.0009 e_free=0.0420
Neptune  forced apsidal az= 178.84 deg sep=129.84 deg  e_forced=0.0011 e_free=0.0101
T2 weighted forced azimuth=161.30 (R=0.420), sep from axis=112.30, uniform p=0.6200
Jupiter  dwell within 15 deg of axis: 0.086 (uniform 0.083)
Saturn   dwell within 15 deg of axis: 0.083 (uniform 0.083)
Uranus   dwell within 15 deg of axis: 0.079 (uniform 0.083)
Neptune  dwell within 15 deg of axis: 0.072 (uniform 0.083)
Jupiter  3-D periapsis sep from axis: 132.24 deg
Saturn   3-D periapsis sep from axis: 57.80 deg
Uranus   3-D periapsis sep from axis: 27.16 deg
Neptune  3-D periapsis sep from axis: 137.80 deg
{
 "joint_sep_from_axis_deg": 112.30170774184376,
 "joint_uniform_p": 0.62,
 "neptune_forced_sep_deg": 129.8409200094519,
 "neptune_dwell_ratio": 0.8638272345530894,
 "axis_aligned": false
}
GIANT-APSIDAL CHANNEL QUIET: weighted mean forced apsidal azimuth 161.3 deg (112.3 deg from the resident axis, uniform p=0.6200); Neptune forced azimuth 178.8 deg (129.8 deg off), forced/free ratio 0.11.  The mean-element coincidence (Neptune varpi 4.0 deg, p~0.02) is registered with its secular context: whether the alignment survives as a fixed forced direction or is a circulating coincidence is decided here by the 5 Myr integration.
