[2026-09-19 21:21:31 UTC] [INFO    ] [STEP 030] LOGGER INITIALIZED: step_030_warsaw_direction (Step 030)
[2026-09-19 21:21:31 UTC] [DEBUG   ] [STEP 030] Log file: /Users/matthewsmawfield/www/Temporal Equivalence Principle/TEP-9/logs/step_030_warsaw_direction.log
[2026-09-19 21:21:31 UTC] [DEBUG   ] [STEP 030] Project root: /Users/matthewsmawfield/www/Temporal Equivalence Principle/TEP-9
[2026-09-19 21:21:31 UTC] [INFO    ] [STEP 030] ================================================================================
[2026-09-19 21:21:31 UTC] [INFO    ] [STEP 030] Warsaw comet directional test
[2026-09-19 21:21:31 UTC] [INFO    ] [STEP 030] ================================================================================
parsed 128 original-orbit rows
119 unique comets
spike (0<1/a<100e-6): 110   dynamically new (0<1/a<35e-6): 47
{
 "n_rows": 128,
 "n_unique": 119,
 "spike": {
  "n": 110,
  "Rbar": 0.14266513692738061,
  "p_isotropy": 0.08150067596911867,
  "mean_dir_ecl": {
   "lon": 54.65248887948532,
   "lat": -14.228931607567624
  },
  "dir_ang68_deg": 32.969197468791016,
  "angle_to_tno_axis": 20.103236298426683,
  "mean_abs_gal_b": 31.638384232571422,
  "frac_galb_gt30": 0.5272727272727272,
  "frac_within_60deg_axis": 0.3,
  "p_vs_isotropic": 0.13934303284835758,
  "p_vs_tide_weighted": 0.24678766061696916
 },
 "new": {
  "n": 47,
  "Rbar": 0.13294506577685686,
  "p_isotropy": 0.4767224635569205,
  "mean_dir_ecl": {
   "lon": 86.01613858751502,
   "lat": -15.065407550744695
  },
  "dir_ang68_deg": 49.45592045994196,
  "angle_to_tno_axis": 50.39250542180959,
  "mean_abs_gal_b": 29.764963051007314,
  "frac_galb_gt30": 0.5106382978723404,
  "frac_within_60deg_axis": 0.23404255319148937,
  "p_vs_isotropic": 0.6535673216339183,
  "p_vs_tide_weighted": 0.5389230538473077
 },
 "all_bound": {
  "n": 114,
  "Rbar": 0.1490793690943451,
  "p_isotropy": 0.055023442004058135,
  "mean_dir_ecl": {
   "lon": 60.50331933392979,
   "lat": -13.830709021846117
  },
  "dir_ang68_deg": 30.939844823122264,
  "angle_to_tno_axis": 25.780638627052262,
  "mean_abs_gal_b": 31.648959522162357,
  "frac_galb_gt30": 0.5263157894736842,
  "frac_within_60deg_axis": 0.2982456140350877,
  "p_vs_isotropic": 0.14104294785260738,
  "p_vs_tide_weighted": 0.23228838558072096
 }
}
wrote /Users/matthewsmawfield/www/Temporal Equivalence Principle/TEP-9/results/step_07_warsaw_comets.json
