[2026-09-19 21:56:18 UTC] [INFO    ] [STEP 139] LOGGER INITIALIZED: step_139_frozen_geometry (Step 139)
[2026-09-19 21:56:18 UTC] [DEBUG   ] [STEP 139] Log file: /Users/matthewsmawfield/www/Temporal Equivalence Principle/TEP-9/logs/step_139_frozen_geometry.log
[2026-09-19 21:56:18 UTC] [DEBUG   ] [STEP 139] Project root: /Users/matthewsmawfield/www/Temporal Equivalence Principle/TEP-9
[2026-09-19 21:56:18 UTC] [INFO    ] [STEP 139]   loaded 9 ISO leg axes from step_b97
[2026-09-19 21:56:18 UTC] [INFO    ] [STEP 139]   comet-displaced            [post2017-recovered] cone=  53.8 merid=  10.6 az= 221.9
[2026-09-19 21:56:18 UTC] [INFO    ] [STEP 139]   comet-detached-resident    [  training-related] cone= 115.9 merid=   3.1 az= 205.3
[2026-09-19 21:56:18 UTC] [INFO    ] [STEP 139]   ISO-1I-arrival             [     retrospective] cone= 111.8 merid=  26.2 az=  57.2
[2026-09-19 21:56:18 UTC] [INFO    ] [STEP 139]   ISO-1I-periapsis           [     retrospective] cone=  38.1 merid=  27.2 az= 256.6
[2026-09-19 21:56:18 UTC] [INFO    ] [STEP 139]   ISO-1I-departure           [     retrospective] cone= 159.9 merid=  18.7 az= 140.3
[2026-09-19 21:56:18 UTC] [INFO    ] [STEP 139]   ISO-2I-arrival             [     retrospective] cone= 117.5 merid=  57.3 az= 137.2
[2026-09-19 21:56:18 UTC] [INFO    ] [STEP 139]   ISO-2I-periapsis           [     retrospective] cone=  22.6 merid=   1.4 az= 205.1
[2026-09-19 21:56:18 UTC] [INFO    ] [STEP 139]   ISO-2I-departure           [     retrospective] cone=  95.1 merid=  58.9 az= 329.5
[2026-09-19 21:56:18 UTC] [INFO    ] [STEP 139]   ISO-3I-arrival             [     retrospective] cone= 121.8 merid=  27.5 az= 355.8
[2026-09-19 21:56:18 UTC] [INFO    ] [STEP 139]   ISO-3I-periapsis           [     retrospective] cone=  26.9 merid=   1.8 az=  32.7
[2026-09-19 21:56:18 UTC] [INFO    ] [STEP 139]   ISO-3I-departure           [     retrospective] cone=  76.4 merid=  26.9 az= 181.0
[2026-09-19 21:56:18 UTC] [INFO    ] [STEP 139]   clock-GNSS-II              [     retrospective] cone=  22.0 merid=   0.6 az=  27.2
[2026-09-19 21:56:18 UTC] [INFO    ] [STEP 139]   clock-MGEX                 [  non-identifiable] cone=  82.7 merid=  57.4 az=  86.9
[2026-09-19 21:56:18 UTC] [INFO    ] [STEP 139]   lunar-LLR                  [     retrospective] cone=  87.8 merid=  65.0 az= 273.9
[2026-09-19 21:56:18 UTC] [INFO    ] [STEP 139] T1 mirror prediction: equatorial reflection of the declared axis about the CMB axis
[2026-09-19 21:56:19 UTC] [INFO    ] [STEP 139]   predicted mirror at cone 48.5 az 208.8; recovered displaced 11.52 deg away; p=0.0733
[2026-09-19 21:56:19 UTC] [INFO    ] [STEP 139] T2 frozen meridian {CMB x declared} on recovered directions
[2026-09-19 21:56:19 UTC] [INFO    ] [STEP 139]   comet-displaced            meridian  10.56  p=0.1832
[2026-09-19 21:56:19 UTC] [INFO    ] [STEP 139]   ISO-1I-arrival             meridian  26.22  p=0.4419
[2026-09-19 21:56:19 UTC] [INFO    ] [STEP 139]   ISO-1I-periapsis           meridian  27.23  p=0.4576
[2026-09-19 21:56:19 UTC] [INFO    ] [STEP 139]   ISO-1I-departure           meridian  18.66  p=0.3200
[2026-09-19 21:56:19 UTC] [INFO    ] [STEP 139]   ISO-2I-arrival             meridian  57.30  p=0.8415
[2026-09-19 21:56:19 UTC] [INFO    ] [STEP 139]   ISO-2I-periapsis           meridian   1.41  p=0.0246
[2026-09-19 21:56:19 UTC] [INFO    ] [STEP 139]   ISO-2I-departure           meridian  58.89  p=0.8561
[2026-09-19 21:56:19 UTC] [INFO    ] [STEP 139]   ISO-3I-arrival             meridian  27.54  p=0.4624
[2026-09-19 21:56:19 UTC] [INFO    ] [STEP 139]   ISO-3I-periapsis           meridian   1.80  p=0.0315
[2026-09-19 21:56:19 UTC] [INFO    ] [STEP 139]   ISO-3I-departure           meridian  26.89  p=0.4522
[2026-09-19 21:56:19 UTC] [INFO    ] [STEP 139]   clock-GNSS-II              meridian   0.58  p=0.0101
[2026-09-19 21:56:19 UTC] [INFO    ] [STEP 139]   lunar-LLR                  meridian  65.03  p=0.9065
[2026-09-19 21:56:19 UTC] [INFO    ] [STEP 139]   joint meridian chi2=36.4 on 12 directions, shuffle p=0.0775
[2026-09-19 21:56:19 UTC] [INFO    ] [STEP 139] T3 frozen cone band on held-out directions
[2026-09-19 21:56:19 UTC] [INFO    ] [STEP 139]   ISO-1I-arrival             folded cone   68.2 (lobe 53.8, delta  14.4) p=0.458
[2026-09-19 21:56:19 UTC] [INFO    ] [STEP 139]   ISO-1I-periapsis           folded cone   38.1 (lobe 48.5, delta  10.3) p=0.350
[2026-09-19 21:56:19 UTC] [INFO    ] [STEP 139]   ISO-1I-departure           folded cone   20.1 (lobe 48.5, delta  28.3) p=0.802
[2026-09-19 21:56:19 UTC] [INFO    ] [STEP 139]   ISO-2I-arrival             folded cone   62.5 (lobe 53.8, delta   8.7) p=0.307
[2026-09-19 21:56:19 UTC] [INFO    ] [STEP 139]   ISO-2I-periapsis           folded cone   22.6 (lobe 48.5, delta  25.9) p=0.744
[2026-09-19 21:56:19 UTC] [INFO    ] [STEP 139]   ISO-2I-departure           folded cone   84.9 (lobe 53.8, delta  31.1) p=0.866
[2026-09-19 21:56:19 UTC] [INFO    ] [STEP 139]   ISO-3I-arrival             folded cone   58.2 (lobe 53.8, delta   4.4) p=0.192
[2026-09-19 21:56:19 UTC] [INFO    ] [STEP 139]   ISO-3I-periapsis           folded cone   26.9 (lobe 48.5, delta  21.6) p=0.640
[2026-09-19 21:56:19 UTC] [INFO    ] [STEP 139]   ISO-3I-departure           folded cone   76.4 (lobe 53.8, delta  22.5) p=0.664
[2026-09-19 21:56:19 UTC] [INFO    ] [STEP 139]   clock-GNSS-II              folded cone   22.0 (lobe 48.5, delta  26.4) p=0.758
[2026-09-19 21:56:19 UTC] [INFO    ] [STEP 139]   lunar-LLR                  folded cone   87.8 (lobe 53.8, delta  34.0) p=0.931
[2026-09-19 21:56:19 UTC] [INFO    ] [STEP 139] verdict: RETROSPECTIVE GEOMETRY ONLY; prospective confirmation not established
[2026-09-19 21:56:19 UTC] [INFO    ] [STEP 139] wrote /Users/matthewsmawfield/www/Temporal Equivalence Principle/TEP-9/results/step_b103_frozen_geometry.json
[2026-09-19 21:56:19 UTC] [INFO    ] [STEP 139] wrote results/figures/step_b103_frozen_geometry.png
