[2026-09-19 21:26:55 UTC] [INFO    ] [STEP 038] LOGGER INITIALIZED: step_038_model_comparison (Step 038)
[2026-09-19 21:26:55 UTC] [DEBUG   ] [STEP 038] Log file: /Users/matthewsmawfield/www/Temporal Equivalence Principle/TEP-9/logs/step_038_model_comparison.log
[2026-09-19 21:26:55 UTC] [DEBUG   ] [STEP 038] Project root: /Users/matthewsmawfield/www/Temporal Equivalence Principle/TEP-9
[2026-09-19 21:26:55 UTC] [INFO    ] [STEP 038] ================================================================================
[2026-09-19 21:26:55 UTC] [INFO    ] [STEP 038] Model comparison and controls
[2026-09-19 21:26:55 UTC] [INFO    ] [STEP 038] ================================================================================
{
 "n_c1": 131,
 "n_c2": 19,
 "n_matched": 54,
 "M1_beta": {
  "med_absbeta_in": 22.806262420569485,
  "med_absbeta_out": 33.316146465154425
 },
 "M1_strata": {
  "low|beta|<30": {
   "n_in": 14,
   "n_out": 14,
   "med_in": 0.16864979372557093,
   "med_out": 0.11625007921602537,
   "p": 0.031380488727403864
  },
  "high|beta|>=30": {
   "n_in": 5,
   "n_out": 21,
   "med_in": 0.2485563329027556,
   "med_out": 0.13697178100850027,
   "p": 0.001717847370021283
  },
  "matched_subsample": {
   "n_in": 19,
   "n_out": 14,
   "med_in": 0.21202382273464052,
   "med_out": 0.13778540486327728,
   "p": 0.056536938089311435
  }
 },
 "M2_patch_model": {
  "sigma_deg": 68.36011937137893,
  "lnLR": 3.0715531082517042,
  "delta_BIC": -1.8348618766251406,
  "approx_logBF": -0.9174309383125703,
  "note": "patch model dlogN = mu + A*exp(-theta^2/2s^2) vs flat; logBF ~ deltaBIC/2 (Kass-Raftery)"
 },
 "M4_era": {
  "rho_dof_vs_year": -0.014988560805117915,
  "p": 0.9143354110899574
 }
}
wrote /Users/matthewsmawfield/www/Temporal Equivalence Principle/TEP-9/results/step_15_model_comparison.json
