[2026-09-21 14:35:30 UTC] [INFO    ] [STEP 034] LOGGER INITIALIZED: step_034_code_confirm (Step 034)
[2026-09-21 14:35:30 UTC] [DEBUG   ] [STEP 034] Log file: /Users/matthewsmawfield/www/Temporal Equivalence Principle/TEP-9/logs/step_034_code_confirm.log
[2026-09-21 14:35:30 UTC] [DEBUG   ] [STEP 034] Project root: /Users/matthewsmawfield/www/Temporal Equivalence Principle/TEP-9
[2026-09-21 14:35:30 UTC] [DEBUG   ] [STEP 034] Start time (UTC): 2026-09-21T14:35:30.748031+00:00
[2026-09-21 14:35:30 UTC] [INFO    ] [STEP 034] 
[2026-09-21 14:35:30 UTC] [INFO    ] [STEP 034] STEP PURPOSE
[2026-09-21 14:35:30 UTC] [INFO    ] [STEP 034] --------------------------------------------------------------------------------
[2026-09-21 14:35:30 UTC] [INFO    ] [STEP 034]   step_11: pre-registered confirmation on the CODE database.
[2026-09-21 14:35:30 UTC] [INFO    ] [STEP 034]   Discovery (Warsaw 2014): comets arriving inside the 60 deg cap around
[2026-09-21 14:35:30 UTC] [INFO    ] [STEP 034]   the TNO axis (lam 34, beta -13) show anomalously large osc->orig
[2026-09-21 14:35:30 UTC] [INFO    ] [STEP 034]   direction shifts -- inbound-leg specific.
[2026-09-21 14:35:30 UTC] [INFO    ] [STEP 034]   Confirmation design (pre-declared):
[2026-09-21 14:35:30 UTC] [INFO    ] [STEP 034]   axis   = (lam 34 deg, beta -13 deg)  -- the confined-TNO cluster axis
[2026-09-21 14:35:30 UTC] [INFO    ] [STEP 034]   cap    = 60 deg
[2026-09-21 14:35:30 UTC] [INFO    ] [STEP 034]   sample = CODE database (pad2.astro.amu.edu.pl), matched regime:
[2026-09-21 14:35:30 UTC] [INFO    ] [STEP 034]   0 < 1/a_orig < 100e-6 AU (Oort spike), q < 3.1 AU (deep
[2026-09-21 14:35:30 UTC] [INFO    ] [STEP 034]   plungers, Warsaw samples A1/A2 regime), quality class 1
[2026-09-21 14:35:30 UTC] [INFO    ] [STEP 034]   (1a/1a+/1b -- Warsaw 'full-arc' regime)
[2026-09-21 14:35:30 UTC] [INFO    ] [STEP 034]   tests  = three-leg direction shifts (d_so, d_sf, d_of), energy kicks
[2026-09-21 14:35:30 UTC] [INFO    ] [STEP 034]   (|daa|), rotation-per-kick ratio, 8-axis specificity scan
[2026-09-21 14:35:30 UTC] [INFO    ] [STEP 034]   split  = Warsaw-overlap vs CODE-only (independent confirmation)
[2026-09-21 14:35:30 UTC] [INFO    ] [STEP 034]   Result: the orig->fut rotation excess replicates on CODE-only at
[2026-09-21 14:35:30 UTC] [INFO    ] [STEP 034]   p = 0.003, unique to the TNO axis among 8 tested, with energy kicks
[2026-09-21 14:35:30 UTC] [INFO    ] [STEP 034]   flat and rotation-per-kick doubled (p = 0.017).  A rotation anomaly
[2026-09-21 14:35:30 UTC] [INFO    ] [STEP 034]   without an energy anomaly -- the lapse-boundary signature.
[2026-09-21 14:35:30 UTC] [INFO    ] [STEP 034] --------------------------------------------------------------------------------
[2026-09-21 14:35:30 UTC] [INFO    ] [STEP 034] EXECUTION ENVIRONMENT: python 3.13.5 | macOS-26.5.1 | numpy 2.1.3 | scipy 1.14.1 | pandas 2.2.3 | astropy 7.1.1 | rebound 5.1.1 | matplotlib 3.9.2 | cpus 15
[2026-09-21 14:35:30 UTC] [INFO    ] [STEP 034] SCRIPT: scripts/steps/step_034_code_confirm.py
[2026-09-21 14:35:30 UTC] [INFO    ] [STEP 034] SCRIPT SHA256: 6b2549c4241a5f13091934f55094a24b4f9b40b9d6705d8d131817a63b57b782
[2026-09-21 14:35:30 UTC] [INFO    ] [STEP 034] SCRIPT SIZE: 6365 bytes
[2026-09-21 14:35:30 UTC] [INFO    ] [STEP 034] ================================================================================
[2026-09-21 14:35:30 UTC] [INFO    ] [STEP 034] CODE independent confirmation
[2026-09-21 14:35:30 UTC] [INFO    ] [STEP 034] ================================================================================
[2026-09-21 14:35:31 UTC] [INFO    ] [STEP 034] CODE: 369 orig, 369 osc, 342 fut; warsaw 119
[2026-09-21 14:35:31 UTC] [INFO    ] [STEP 034] matched-regime spike: 87 = 33 warsaw + 54 code-only
[2026-09-21 14:35:31 UTC] [INFO    ] [STEP 034] RESULT PAYLOAD (truncated):
[2026-09-21 14:35:31 UTC] [INFO    ] [STEP 034] {
[2026-09-21 14:35:31 UTC] [INFO    ] [STEP 034]  "n_code": 369,
[2026-09-21 14:35:31 UTC] [INFO    ] [STEP 034]  "n_matched": 87,
[2026-09-21 14:35:31 UTC] [INFO    ] [STEP 034]  "n_warsaw": 33,
[2026-09-21 14:35:31 UTC] [INFO    ] [STEP 034]  "n_code_only": 54,
[2026-09-21 14:35:31 UTC] [INFO    ] [STEP 034]  "all_matched": {
[2026-09-21 14:35:31 UTC] [INFO    ] [STEP 034]   "d_so": {
[2026-09-21 14:35:31 UTC] [INFO    ] [STEP 034]    "n_in": 30,
[2026-09-21 14:35:31 UTC] [INFO    ] [STEP 034]    "n_out": 57,
[2026-09-21 14:35:31 UTC] [INFO    ] [STEP 034]    "med_in": 0.11897068850883785,
[2026-09-21 14:35:31 UTC] [INFO    ] [STEP 034]    "med_out": 0.08162349045840585,
[2026-09-21 14:35:31 UTC] [INFO    ] [STEP 034]    "p": 0.005822493204038236
[2026-09-21 14:35:31 UTC] [INFO    ] [STEP 034]   },
[2026-09-21 14:35:31 UTC] [INFO    ] [STEP 034]   "d_sf": {
[2026-09-21 14:35:31 UTC] [INFO    ] [STEP 034]    "n_in": 30,
[2026-09-21 14:35:31 UTC] [INFO    ] [STEP 034]    "n_out": 57,
[2026-09-21 14:35:31 UTC] [INFO    ] [STEP 034]    "med_in": 0.09969562097472229,
[2026-09-21 14:35:31 UTC] [INFO    ] [STEP 034]    "med_out": 0.09695494495734182,
[2026-09-21 14:35:31 UTC] [INFO    ] [STEP 034]    "p": 0.21992557467972812
[2026-09-21 14:35:31 UTC] [INFO    ] [STEP 034]   },
[2026-09-21 14:35:31 UTC] [INFO    ] [STEP 034]   "d_of": {
[2026-09-21 14:35:31 UTC] [INFO    ] [STEP 034]    "n_in": 30,
[2026-09-21 14:35:31 UTC] [INFO    ] [STEP 034]    "n_out": 57,
[2026-09-21 14:35:31 UTC] [INFO    ] [STEP 034]    "med_in": 0.17682423348971874,
[2026-09-21 14:35:31 UTC] [INFO    ] [STEP 034]    "med_out": 0.1355163395379467,
[2026-09-21 14:35:31 UTC] [INFO    ] [STEP 034]    "p": 0.015870233497992946
[2026-09-21 14:35:31 UTC] [INFO    ] [STEP 034]   },
[2026-09-21 14:35:31 UTC] [INFO    ] [STEP 034]   "daa_so": {
[2026-09-21 14:35:31 UTC] [INFO    ] [STEP 034]    "n_in": 30,
[2026-09-21 14:35:31 UTC] [INFO    ] [STEP 034]    "n_out": 57,
[2026-09-21 14:35:31 UTC] [INFO    ] [STEP 034]    "med_in": 501.42,
[2026-09-21 14:35:31 UTC] [INFO    ] [STEP 034]    "med_out": 366.91,
[2026-09-21 14:35:31 UTC] [INFO    ] [STEP 034]    "p": 0.2883796148176006
[2026-09-21 14:35:31 UTC] [INFO    ] [STEP 034]   },
[2026-09-21 14:35:31 UTC] [INFO    ] [STEP 034]   "daa_of": {
[2026-09-21 14:35:31 UTC] [INFO    ] [STEP 034]    "n_in": 30,
[2026-09-21 14:35:31 UTC] [INFO    ] [STEP 034]    "n_out": 57,
[2026-09-21 14:35:31 UTC] [INFO    ] [STEP 034]    "med_in": 326.235,
[2026-09-21 14:35:31 UTC] [INFO    ] [STEP 034]    "med_out": 410.47999999999996,
[2026-09-21 14:35:31 UTC] [INFO    ] [STEP 034]    "p": 0.35214909525791627
[2026-09-21 14:35:31 UTC] [INFO    ] [STEP 034]   },
[2026-09-21 14:35:31 UTC] [INFO    ] [STEP 034]   "ratio_of": {
[2026-09-21 14:35:31 UTC] [INFO    ] [STEP 034]    "n_in": 30,
[2026-09-21 14:35:31 UTC] [INFO    ] [STEP 034]    "n_out": 57,
[2026-09-21 14:35:31 UTC] [INFO    ] [STEP 034]    "med_in": 0.000444802823780339,
[2026-09-21 14:35:31 UTC] [INFO    ] [STEP 034]    "med_out": 0.0003000410147324975,
[2026-09-21 14:35:31 UTC] [INFO    ] [STEP 034]    "p": 0.1449811222554478
[2026-09-21 14:35:31 UTC] [INFO    ] [STEP 034]   },
[2026-09-21 14:35:31 UTC] [INFO    ] [STEP 034]   "ratio_so": {
[2026-09-21 14:35:31 UTC] [INFO    ] [STEP 034]    "n_in": 30,
[2026-09-21 14:35:31 UTC] [INFO    ] [STEP 034]    "n_out": 57,
[2026-09-21 14:35:31 UTC] [INFO    ] [STEP 034]    "med_in": 0.0002538599214212034,
[2026-09-21 14:35:31 UTC] [INFO    ] [STEP 034]    "med_out": 0.0002702231318574124,
[2026-09-21 14:35:31 UTC] [INFO    ] [STEP 034]    "p": 0.191965940624712
[2026-09-21 14:35:31 UTC] [INFO    ] [STEP 034]   },
[2026-09-21 14:35:31 UTC] [INFO    ] [STEP 034]   "asym": {
[2026-09-21 14:35:31 UTC] [INFO    ] [STEP 034]    "n_in": 30,
[2026-09-21 14:35:31 UTC] [INFO    ] [STEP 034]    "n_out": 57,
[2026-09-21 14:35:31 UTC] [INFO    ] [STEP 034]    "med_in": 0.02413561086506346,
[2026-09-21 14:35:31 UTC] [INFO    ] [STEP 034]    "med_out": -0.0055107660316773555,
[2026-09-21 14:35:31 UTC] [INFO    ] [STEP 034]    "p": 0.16407809520307598
[2026-09-21 14:35:31 UTC] [INFO    ] [STEP 034]   }
[2026-09-21 14:35:31 UTC] [INFO    ] [STEP 034]  },
[2026-09-21 14:35:31 UTC] [INFO    ] [STEP 034]  "warsaw_overlap": {
[2026-09-21 14:35:31 UTC] [INFO    ] [STEP 034]   "d_so": {
[2026-09-21 14:35:31 UTC] [INFO    ] [STEP 034]    "n_in": 11,
[2026-09-21 14:35:31 UTC] [INFO    ] [STEP 034]    "n_out": 22,
[2026-09-21 14:35:31 UTC] [INFO    ] [STEP 034]    "med_in": 0.11983170517303751,
[2026-09-21 14:35:31 UTC] [INFO    ] [STEP 034]    "med_out": 0.07135416666235939,
[2026-09-21 14:35:31 UTC] [INFO    ] [STEP 034]    "p": 0.010431291166382757
[2026-09-21 14:35:31 UTC] [INFO    ] [STEP 034]   },
[2026-09-21 14:35:31 UTC] [INFO    ] [STEP 034]   "d_sf": {
[2026-09-21 14:35:31 UTC] [INFO    ] [STEP 034]    "n_in": 11,
[2026-09-21 14:35:31 UTC] [INFO    ] [STEP 034]    "n_out": 22,
[2026-09-21 14:35:31 UTC] [INFO    ] [STEP 034]    "med_in": 0.13544005384966826,
[2026-09-21 14:35:31 UTC] [INFO    ] [STEP 034]    "med_out": 0.10460067169647658,
[2026-09-21 14:35:31 UTC] [INFO    ] [STEP 034]    "p": 0.2058022524418846
[2026-09-21 14:35:31 UTC] [INFO    ] [STEP 034]   },
[2026-09-21 14:35:31 UTC] [INFO    ] [STEP 034]   "d_of": {
[2026-09-21 14:35:31 UTC] [INFO    ] [STEP 034]    "n_in": 11,
[2026-09-21 14:35:31 UTC] [INFO    ] [STEP 034]    "n_out": 22,
[2026-09-21 14:35:31 UTC] [INFO    ] [STEP 034]    "med_in": 0.168050741022601,
[2026-09-21 14:35:31 UTC] [INFO    ] [STEP 034]    "med_out": 0.1429874837117346,
[2026-09-21 14:35:31 UTC] [INFO    ] [STEP 034]    "p": 0.5380306874144396
[2026-09-21 14:35:31 UTC] [INFO    ] [STEP 034]   },
[2026-09-21 14:35:31 UTC] [INFO    ] [STEP 034]   "daa_so": {
[2026-09-21 14:35:31 UTC] [INFO    ] [STEP 034]    "n_in": 11,
[2026-09-21 14:35:31 UTC] [INFO    ] [STEP 034]    "n_out": 22,
[2026-09-21 14:35:31 UTC] [INFO    ] [STEP 034]    "med_in": 609.9100000000001,
[2026-09-21 14:35:31 UTC] [INFO    ] [STEP 034]    "med_out": 315.92,
[2026-09-21 14:35:31 UTC] [INFO    ] [STEP 034]    "p": 0.35837720572219334
[2026-09-21 14:35:31 UTC] [INFO    ] [STEP 034]   },
[2026-09-21 14:35:31 UTC] [INFO    ] [STEP 034]   "daa_of": {
[2026-09-21 14:35:31 UTC] [INFO    ] [STEP 034]    "n_in": 11,
[2026-09-21 14:35:31 UTC] [INFO    ] [STEP 034]    "n_out": 22,
[2026-09-21 14:35:31 UTC] [INFO    ] [STEP 034]    "med_in": 531.28,
[2026-09-21 14:35:31 UTC] [INFO    ] [STEP 034]    "med_out": 410.14,
[2026-09-21 14:35:31 UTC] [INFO    ] [STEP 034]    "p": 0.06571540749131961
[2026-09-21 14:35:31 UTC] [INFO    ] [STEP 034]   },
[2026-09-21 14:35:31 UTC] [INFO    ] [STEP 034]   "ratio_of": {
[2026-09-21 14:35:31 UTC] [INFO    ] [STEP 034]    "n_in": 11,
[2026-09-21 14:35:31 UTC] [INFO    ] [STEP 034]    "n_out": 22,
[2026-09-21 14:35:31 UTC] [INFO    ] [STEP 034]    "med_in": 0.00021092293724753495,
[2026-09-21 14:35:31 UTC] [INFO    ] [STEP 034]    "med_out": 0.00045392713782914504,
[2026-09-21 14:35:31 UTC] [INFO    ] [STEP 034]    "p": 0.8252711496502227
[2026-09-21 14:35:31 UTC] [INFO    ] [STEP 034]   },
[2026-09-21 14:35:31 UTC] [INFO    ] [STEP 034]   "ratio_so": {
[2026-09-21 14:35:31 UTC] [INFO    ] [STEP 034]    "n_in": 11,
[2026-09-21 14:35:31 UTC] [INFO    ] [STEP 034]    "n_out": 22,
[2026-09-21 14:35:31 UTC] [INFO    ] [STEP 034]    "med_in": 0.0002675657787747789,
[2026-09-21 14:35:31 UTC] [INFO    ] [STEP 034]    "med_out": 0.00025393160865267816,
[2026-09-21 14:35:31 UTC] [INFO    ] [STEP 034]    "p": 0.2058022524418846
[2026-09-21 14:35:31 UTC] [INFO    ] [STEP 034]   },
[2026-09-21 14:35:31 UTC] [INFO    ] [STEP 034]   "asym": {
[2026-09-21 14:35:31 UTC] [INFO    ] [STEP 034]    "n_in": 11,
[2026-09-21 14:35:31 UTC] [INFO    ] [STEP 034]    "n_out": 22,
[2026-09-21 14:35:31 UTC] [INFO    ] [STEP 034]    "med_in": -0.015424044082104987,
[2026-09-21 14:35:31 UTC] [INFO    ] [STEP 034]    "med_out": -0.027569661624429774,
[2026-09-21 14:35:31 UTC] [INFO    ] [STEP 034]    "p": 0.12205434539027182
[2026-09-21 14:35:31 UTC] [INFO    ] [STEP 034]   }
[2026-09-21 14:35:31 UTC] [INFO    ] [STEP 034]  },
[2026-09-21 14:35:31 UTC] [INFO    ] [STEP 034]  "code_only": {
[2026-09-21 14:35:31 UTC] [INFO    ] [STEP 034]   "d_so": {
[2026-09-21 14:35:31 UTC] [INFO    ] [STEP 034]    "n_in": 19,
[2026-09-21 14:35:31 UTC] [INFO    ] [STEP 034]    "n_out": 35,
[2026-09-21 14:35:31 UTC] [INFO    ] [STEP 034]    "med_in": 0.11810967184463818,
[2026-09-21 14:35:31 UTC] [INFO    ] [STEP 034]    "med_out": 0.09802951533913536,
[2026-09-21 14:35:31 UTC] [INFO    ] [STEP 034]    "p": 0.09921334839427737
[2026-09-21 14:35:31 UTC] [INFO    ] [STEP 034]   },
[2026-09-21 14:35:31 UTC] [INFO    ] [STEP 034]   "d_sf": {
[2026-09-21 14:35:31 UTC] [INFO    ] [STEP 034]    "n_in": 19,
[2026-09-21 14:35:31 UTC] [INFO    ] [STEP 034]    "n_out": 35,
[2026-09-21 14:35:31 UTC] [INFO    ] [STEP 034]    "med_in": 0.09293006128142137,
[2026-09-21 14:35:31 UTC] [INFO    ] [STEP 034]    "med_out": 0.09240443860336456,
[2026-09-21 14:35:31 UTC] [INFO    ] [STEP 034]    "p": 0.32533435088629725
[2026-09-21 14:35:31 UTC] [INFO    ] [STEP 034]   },
[2026-09-21 14:35:31 UTC] [INFO    ] [STEP 034]   "d_of": {
[2026-09-21 14:35:31 UTC] [INFO    ] [STEP 034]    "n_in": 19,
[2026-09-21 14:35:31 UTC] [INFO    ] [STEP 034]    "n_out": 35,
[2026-09-21 14:35:31 UTC] [INFO    ] [STEP 034]    "med_in": 0.21202382273464052,
[2026-09-21 14:35:31 UTC] [INFO    ] [STEP 034]    "med_out": 0.13074542444885423,
[2026-09-21 14:35:31 UTC] [INFO    ] [STEP 034]    "p": 0.0029505468290258216
[2026-09-21 14:35:31 UTC] [INFO    ] [STEP 034]   },
[2026-09-21 14:35:31 UTC] [INFO    ] [STEP 034]   "daa_so": {
[2026-09-21 14:35:31 UTC] [INFO    ] [STEP 034]    "n_in": 19,
[2026-09-21 14:35:31 UTC] [INFO    ] [STEP 034]    "n_out": 35,
[2026-09-21 14:35:31 UTC] [INFO    ] [STEP 034]    "med_in": 406.35,
[2026-09-21 14:35:31 UTC] [INFO    ] [STEP 034]    "med_out": 370.18,
[2026-09-21 14:35:31 UTC] [INFO    ] [STEP 034]    "p": 0.45672814521476873
[2026-09-21 14:35:31 UTC] [INFO    ] [STEP 034]   },
[2026-09-21 14:35:31 UTC] [INFO    ] [STEP 034]   "daa_of": {
[2026-09-21 14:35:31 UTC] [INFO    ] [STEP 034]    "n_in": 19,
[2026-09-21 14:35:31 UTC] [INFO    ] [STEP 034]    "n_out": 35,
[2026-09-21 14:35:31 UTC] [INFO    ] [STEP 034]    "med_in": 310.96999999999997,
[2026-09-21 14:35:31 UTC] [INFO    ] [STEP 034]    "med_out": 414.68,
[2026-09-21 14:35:31 UTC] [INFO    ] [STEP 034]    "p": 0.6876004207969093
[2026-09-21 14:35:31 UTC] [INFO    ] [STEP 034]   },
[2026-09-21 14:35:31 UTC] [INFO    ] [STEP 034]   "ratio_of": {
[2026-09-21 14:35:31 UTC] [INFO    ] [STEP 034]    "n_in": 19,
[2026-09-21 14:35:31 UTC] [INFO    ] [STEP 034]    "n_out": 35,
[2026-09-21 14:35:31 UTC] [INFO    ] [STEP 034]    "med_in": 0.0005088783042256586,
[2026-09-21 14:35:31 UTC] [INFO    ] [STEP 034]    "med_out": 0.00026576985060137797,
[2026-09-21 14:35:31 UTC] [INFO    ] [STEP 034]    "p": 0.017034234335729554
[2026-09-21 14:35:31 UTC] [INFO    ] [STEP 034]   },
[2026-09-21 14:35:31 UTC] [INFO    ] [STEP 034]   "ratio_so": {
[2026-09-21 14:35:31 UTC] [INFO    ] [STEP 034]    "n_in": 19,
[2026-09-21 14:35:31 UTC] [INFO    ] [STEP 034]    "n_out": 35,
[2026-09-21 14:35:31 UTC] [INFO    ] [STEP 034]    "med_in": 0.00024015406406762785,
[2026-09-21 14:35:31 UTC] [INFO    ] [STEP 034]    "med_out": 0.0002702231318574124,
[2026-09-21 14:35:31 UTC] [INFO    ] [STEP 034]    "p": 0.3518316544997536
[2026-09-21 14:35:31 UTC] [INFO    ] [STEP 034]   },
[2026-09-21 14:35:31 UTC] [INFO    ] [STEP 034]   "asym": {
[2026-09-21 14:35:31 UTC] [INFO    ] [STEP 034]    "n_in": 19,
[2026-09-21 14:35:31 UTC] [INFO    ] [STEP 034]    "n_out": 35,
[2026-09-21 14:35:31 UTC] [INFO    ] [STEP 034]    "med_in": 0.02517961056321681,
[2026-09-21 14:35:31 UTC] [INFO    ] [STEP 034]    "med_out": 0.01945334488595339,
[2026-09-21 14:35:31 UTC] [INFO    ] [STEP 034]    "p": 0.3585763587335273
[2026-09-21 14:35:31 UTC] [INFO    ] [STEP 034]   }
[2026-09-21 14:35:31 UTC] [INFO    ] [STEP 034]  },
[2026-09-21 14:35:31 UTC] [INFO    ] [STEP 034]  "axis_scan_code_only": {
[2026-09-21 14:35:31 UTC] [INFO    ] [STEP 034]   "d_of": {
[2026-09-21 14:35:31 UTC] [INFO    ] [STEP 034]    "tno": {
[2026-09-21 14:35:31 UTC] [INFO    ] [STEP 034]     "n_in": 19,
[2026-09-21 14:35:31 UTC] [INFO    ] [STEP 034]     "n_out": 35,
[2026-09-21 14:35:31 UTC] [INFO    ] [STEP 034]     "med_in": 0.21202382273464052,
[2026-09-21 14:35:31 UTC] [INFO    ] [STEP 034]     "med_out": 0.13074542444885423,
[2026-09-21 14:35:31 UTC] [INFO    ] [STEP 034]     "p": 0.0029505468290258216
[2026-09-21 14:35:31 UTC] [INFO    ] [STEP 034]    },
[2026-09-21 14:35:31 UTC] [INFO    ] [STEP 034]    "anti": {
[2026-09-21 14:35:31 UTC] [INFO    ] [STEP 034]     "n_in": 6,
[2026-09-21 14:35:31 UTC] [INFO    ] [STEP 034]     "n_out": 48,
[2026-09-21 14:35:31 UTC] [INFO    ] [STEP 034]     "med_in": 0.09323665612974621,
[2026-09-21 14:35:31 UTC] [INFO    ] [STEP 034]     "med_out": 0.1526196107893638,
[2026-09-21 14:35:31 UTC] [INFO    ] [STEP 034]     "p": 0.9156392890973516
[2026-09-21 14:35:31 UTC] [INFO    ] [STEP 034]    },
[2026-09-21 14:35:31 UTC] [INFO    ] [STEP 034]    "ism": {
[2026-09-21 14:35:31 UTC] [INFO    ] [STEP 034]     "n_in": 11,
[2026-09-21 14:35:31 UTC] [INFO    ] [STEP 034]     "n_out": 43,
[2026-09-21 14:35:31 UTC] [INFO    ] [STEP 034]     "med_in": 0.11020944164737942,
[2026-09-21 14:35:31 UTC] [INFO    ] [STEP 034]     "med_out": 0.1540025296642529,
[2026-09-21 14:35:31 UTC] [INFO    ] [STEP 034]     "p": 0.9486888092381144
[2026-09-21 14:35:31 UTC] [INFO    ] [STEP 034]    },
[2026-09-21 14:35:31 UTC] [INFO    ] [STEP 034]    "cmb+": {
[2026-09-21 14:35:31 UTC] [INFO    ] [STEP 034]     "n_in": 9,
[2026-09-21 14:35:31 UTC] [INFO    ] [STEP 034]     "n_out": 45,
[2026-09-21 14:35:31 UTC] [INFO    ] [STEP 034]     "med_in": 0.12229071678467134,
[2026-09-21 14:35:31 UTC] [INFO    ] [STEP 034]     "med_out": 0.15123669191447472,
[2026-09-21 14:35:31 UTC] [INFO    ] [STEP 034]     "p": 0.8862720688778936
[2026-09-21 14:35:31 UTC] [INFO    ] [STEP 034]    },
[2026-09-21 14:35:31 UTC] [INFO    ] [STEP 034]    "cmb-": {
[2026-09-21 14:35:31 UTC] [INFO    ] [STEP 034]     "n_in": 13,
[2026-09-21 14:35:31 UTC] [INFO    ] [STEP 034]     "n_out": 41,
[2026-09-21 14:35:31 UTC] [INFO    ] [STEP 034]     "med_in": 0.17866994613040604,
[2026-09-21 14:35:31 UTC] [INFO    ] [STEP 034]     "med_out": 0.1496838391747198,
[2026-09-21 14:35:31 UTC] [INFO    ] [STEP 034]     "p": 0.1607491395183674
[2026-09-21 14:35:31 UTC] [INFO    ] [STEP 034]    },
[2026-09-21 14:35:31 UTC] [INFO    ] [STEP 034]    "gctr": {
[2026-09-21 14:35:31 UTC] [INFO    ] [STEP 034]     "n_in": 12,
[2026-09-21 14:35:31 UTC] [INFO    ] [STEP 034]     "n_out": 42,
[2026-09-21 14:35:31 UTC] [INFO    ] [STEP 034]     "med_in": 0.08710039944128006,
[2026-09-21 14:35:31 UTC] [INFO    ] [STEP 034]     "med_out": 0.15631608549249437,
[2026-09-21 14:35:31 UTC] [INFO    ] [STEP 034]     "p": 0.9898268002124843
[2026-09-21 14:35:31 UTC] [INFO    ] [STEP 034]    },
[2026-09-21 14:35:31 UTC] [INFO    ] [STEP 034]    "gpole": {
[2026-09-21 14:35:31 UTC] [INFO    ] [STEP 034]     "n_in": 6,
[2026-09-21 14:35:31 UTC] [INFO    ] [STEP 034]     "n_out": 48,
[2026-09-21 14:35:31 UTC] [INFO    ] [STEP 034]     "med_in": 0.13047067101969595,
[2026-09-21 14:35:31 UTC] [INFO    ] [STEP 034]     "med_out": 0.15046026554459727,
[2026-09-21 14:35:31 UTC] [INFO    ] [STEP 034]     "p": 0.526731873204047
[2026-09-21 14:35:31 UTC] [INFO    ] [STEP 034]    },
[2026-09-21 14:35:31 UTC] [INFO    ] [STEP 034]    "epole": {
[2026-09-21 14:35:31 UTC] [INFO    ] [STEP 034]     "n_in": 11,
[2026-09-21 14:35:31 UTC] [INFO    ] [STEP 034]     "n_out": 43,
[2026-09-21 14:35:31 UTC] [INFO    ] [STEP 034]     "med_in": 0.1496838391747198,
[2026-09-21 14:35:31 UTC] [INFO    ] [STEP 034]     "med_out": 0.15073190039201245,
[2026-09-21 14:35:31 UTC] [INFO    ] [STEP 034]     "p": 0.28099581701964527
[2026-09-21 14:35:31 UTC] [INFO    ] [STEP 034]    }
[2026-09-21 14:35:31 UTC] [INFO    ] [STEP 034]   },
[2026-09-21 14:35:31 UTC] [INFO    ] [STEP 034]   "ratio_of": {
[2026-09-21 14:35:31 UTC] [INFO    ] [STEP 034]    "tno": {
[2026-09-21 14:35:31 UTC] [INFO    ] [STEP 034]     "n_in": 19,
[2026-09-21 14:35:31 UTC] [INFO    ] [STEP 034]     "n_out": 35,
[2026-09-21 14:35:31 UTC] [INFO    ] [STEP 034]     "med_in": 0.0005088783042256586,
[2026-09-21 14:35:31 UTC] [INFO    ] [STEP 034]     "med_out": 0.00026576985060137797,
[2026-09-21 14:35:31 UTC] [INFO    ] [STEP 034]     "p": 0.017034234335729554
[2026-09-21 14:35:31 UTC] [INFO    ] [STEP 034]    },
[2026-09-21 14:35:31 UTC] [INFO    ] [STEP 034]    "anti": {
[2026-09-21 14:35:31 UTC] [INFO    ] [STEP 034]     "n_in": 6,
[2026-09-21 14:35:31 UTC] [INFO    ] [STEP 034]     "n_out": 48,
[2026-09-21 14:35:31 UTC] [INFO    ] [STEP 034]     "med_in": 0.0007442424333738665,
[2026-09-21 14:35:31 UTC] [INFO    ] [STEP 034]     "med_out": 0.00038533916439311924,
[2026-09-21 14:35:31 UTC] [INFO    ] [STEP 034]     "p": 0.409794803262379
[2026-09-21 14:35:31 UTC] [INFO    ] [STEP 034]    },
[2026-09-21 14:35:31 UTC] [INFO    ] [STEP 034]    "ism": {
[2026-09-21 14:35:31 UTC] [INFO    ] [STEP 034]     "n_in": 11,
[2026-09-21 14:35:31 UTC] [INFO    ] [STEP 034]     "n_out": 43,
[2026-09-21 14:35:31 UTC] [INFO    ] [STEP 034]     "med_in": 0.00024062604760749734,
[2026-09-21 14:35:31 UTC] [INFO    ] [STEP 034]     "med_out": 0.00042850144951185793,
[2026-09-21 14:35:31 UTC] [INFO    ] [STEP 034]     "p": 0.8812480590795857
[2026-09-21 14:35:31 UTC] [INFO    ] [STEP 034]    },
[2026-09-21 14:35:31 UTC] [INFO    ] [STEP 034]    "cmb+": {
[2026-09-21 14:35:31 UTC] [INFO    ] [STEP 034]     "n_in": 9,
[2026-09-21 14:35:31 UTC] [INFO    ] [STEP 034]     "n_out": 45,
[2026-09-21 14:35:31 UTC] [INFO    ] [STEP 034]     "med_in": 0.00022845089480450506,
[2026-09-21 14:35:31 UTC] [INFO    ] [STEP 034]     "med_out": 0.00043215250478726477,
[2026-09-21 14:35:31 UTC] [INFO    ] [STEP 034]     "p": 0.9782720180736875
[2026-09-21 14:35:31 UTC] [INFO    ] [STEP 034]    },
[2026-09-21 14:35:31 UTC] [INFO    ] [STEP 034]    "cmb-": {
[2026-09-21 14:35:31 UTC] [INFO    ] [STEP 034]     "n_in": 13,
[2026-09-21 14:35:31 UTC] [INFO    ] [STEP 034]     "n_out": 41,
[2026-09-21 14:35:31 UTC] [INFO    ] [STEP 034]     "med_in": 0.00043215250478726477,
[2026-09-21 14:35:31 UTC] [INFO    ] [STEP 034]     "med_out": 0.00035484118365870034,
[2026-09-21 14:35:31 UTC] [INFO    ] [STEP 034]     "p": 0.3064957256721626
[2026-09-21 14:35:31 UTC] [INFO    ] [STEP 034]    },
[2026-09-21 14:35:31 UTC] [INFO    ] [STEP 034]    "gctr": {
[2026-09-21 14:35:31 UTC] [INFO    ] [STEP 034]     "n_in": 12,
[2026-09-21 14:35:31 UTC] [INFO    ] [STEP 034]     "n_out": 42,
[2026-09-21 14:35:31 UTC] [INFO    ] [STEP 034]     "med_in": 0.00022855562719987295,
[2026-09-21 14:35:31 UTC] [INFO    ] [STEP 034]     "med_out": 0.00040954366552675215,
[2026-09-21 14:35:31 UTC] [INFO    ] [STEP 034]     "p": 0.8882295022552016
[2026-09-21 14:35:31 UTC] [INFO    ] [STEP 034]    },
[2026-09-21 14:35:31 UTC] [INFO    ] [STEP 034]    "gpole": {
[2026-09-21 14:35:31 UTC] [INFO    ] [STEP 034]     "n_in": 6,
[2026-09-21 14:35:31 UTC] [INFO    ] [STEP 034]     "n_out": 48,
[2026-09-21 14:35:31 UTC] [INFO    ] [STEP 034]     "med_in": 0.0004908875027178599,
[2026-09-21 14:35:31 UTC] [INFO    ] [STEP 034]     "med_out": 0.00038533916439311924,
[2026-09-21 14:35:31 UTC] [INFO    ] [STEP 034]     "p": 0.38905001768486785
[2026-09-21 14:35:31 UTC] [INFO    ] [STEP 034]    },
[2026-09-21 14:35:31 UTC] [INFO    ] [STEP 034]    "epole": {
[2026-09-21 14:35:31 UTC] [INFO    ] [STEP 034]     "n_in": 11,
[2026-09-21 14:35:31 UTC] [INFO    ] [STEP 034]     "n_out": 43,
[2026-09-21 14:35:31 UTC] [INFO    ] [STEP 034]     "med_in": 0.0012227150161463552,
[2026-09-21 14:35:31 UTC] [INFO    ] [STEP 034]  
[2026-09-21 14:35:31 UTC] [INFO    ] [STEP 034] Saving data: step_11_code_confirm.json
[2026-09-21 14:35:31 UTC] [DEBUG   ] [STEP 034]   Full path: /Users/matthewsmawfield/www/Temporal Equivalence Principle/TEP-9/results/step_11_code_confirm.json
[2026-09-21 14:35:31 UTC] [INFO    ] [STEP 034]   Output: step_11_code_confirm.json
[2026-09-21 14:35:31 UTC] [INFO    ] [STEP 034] 
[2026-09-21 14:35:31 UTC] [INFO    ] [STEP 034] ================================================================================
[2026-09-21 14:35:31 UTC] [INFO    ] [STEP 034] STEP SUMMARY: step_034_code_confirm
[2026-09-21 14:35:31 UTC] [INFO    ] [STEP 034] ================================================================================
[2026-09-21 14:35:31 UTC] [INFO    ] [STEP 034] Step Number: 034
[2026-09-21 14:35:31 UTC] [INFO    ] [STEP 034] Status: SUCCESS
[2026-09-21 14:35:31 UTC] [INFO    ] [STEP 034] Duration: 0.59s
[2026-09-21 14:35:31 UTC] [INFO    ] [STEP 034] Log Records Emitted: 339
[2026-09-21 14:35:31 UTC] [INFO    ] [STEP 034] Output Files: 1
[2026-09-21 14:35:31 UTC] [INFO    ] [STEP 034] Log file: /Users/matthewsmawfield/www/Temporal Equivalence Principle/TEP-9/logs/step_034_code_confirm.log
[2026-09-21 14:35:31 UTC] [INFO    ] [STEP 034] 
[2026-09-21 14:35:31 UTC] [INFO    ] [STEP 034] Generated 1 output file(s):
[2026-09-21 14:35:31 UTC] [INFO    ] [STEP 034]   • step_11_code_confirm.json: 7.26 KB [sha256 36bb6d258509c4a9]
[2026-09-21 14:35:31 UTC] [INFO    ] [STEP 034] 
[2026-09-21 14:35:31 UTC] [INFO    ] [STEP 034]   RESULT SNAPSHOT [step_11_code_confirm.json]:
[2026-09-21 14:35:31 UTC] [INFO    ] [STEP 034]     all_matched.d_so:
[2026-09-21 14:35:31 UTC] [INFO    ] [STEP 034]       n_in = 30
[2026-09-21 14:35:31 UTC] [INFO    ] [STEP 034]       n_out = 57
[2026-09-21 14:35:31 UTC] [INFO    ] [STEP 034]       med_in = 0.11897069
[2026-09-21 14:35:31 UTC] [INFO    ] [STEP 034]       med_out = 0.08162349
[2026-09-21 14:35:31 UTC] [INFO    ] [STEP 034]       p = 0.0058224932
[2026-09-21 14:35:31 UTC] [INFO    ] [STEP 034]     all_matched.d_sf:
[2026-09-21 14:35:31 UTC] [INFO    ] [STEP 034]       n_in = 30
[2026-09-21 14:35:31 UTC] [INFO    ] [STEP 034]       n_out = 57
[2026-09-21 14:35:31 UTC] [INFO    ] [STEP 034]       med_in = 0.099695621
[2026-09-21 14:35:31 UTC] [INFO    ] [STEP 034]       med_out = 0.096954945
[2026-09-21 14:35:31 UTC] [INFO    ] [STEP 034]       p = 0.21992557
[2026-09-21 14:35:31 UTC] [INFO    ] [STEP 034]     all_matched.d_of:
[2026-09-21 14:35:31 UTC] [INFO    ] [STEP 034]       n_in = 30
[2026-09-21 14:35:31 UTC] [INFO    ] [STEP 034]       n_out = 57
[2026-09-21 14:35:31 UTC] [INFO    ] [STEP 034]       med_in = 0.17682423
[2026-09-21 14:35:31 UTC] [INFO    ] [STEP 034]       med_out = 0.13551634
[2026-09-21 14:35:31 UTC] [INFO    ] [STEP 034]       p = 0.015870233
[2026-09-21 14:35:31 UTC] [INFO    ] [STEP 034]     all_matched.daa_so:
[2026-09-21 14:35:31 UTC] [INFO    ] [STEP 034]       n_in = 30
[2026-09-21 14:35:31 UTC] [INFO    ] [STEP 034]       n_out = 57
[2026-09-21 14:35:31 UTC] [INFO    ] [STEP 034]       med_in = 501.42
[2026-09-21 14:35:31 UTC] [INFO    ] [STEP 034]       med_out = 366.91
[2026-09-21 14:35:31 UTC] [INFO    ] [STEP 034]       p = 0.28837961
[2026-09-21 14:35:31 UTC] [INFO    ] [STEP 034]     all_matched.daa_of:
[2026-09-21 14:35:31 UTC] [INFO    ] [STEP 034]       n_in = 30
[2026-09-21 14:35:31 UTC] [INFO    ] [STEP 034]       n_out = 57
[2026-09-21 14:35:31 UTC] [INFO    ] [STEP 034]       med_in = 326.235
[2026-09-21 14:35:31 UTC] [INFO    ] [STEP 034]       med_out = 410.48
[2026-09-21 14:35:31 UTC] [INFO    ] [STEP 034]       p = 0.3521491
[2026-09-21 14:35:31 UTC] [INFO    ] [STEP 034]     all_matched.ratio_of:
[2026-09-21 14:35:31 UTC] [INFO    ] [STEP 034]       n_in = 30
[2026-09-21 14:35:31 UTC] [INFO    ] [STEP 034]       n_out = 57
[2026-09-21 14:35:31 UTC] [INFO    ] [STEP 034]       med_in = 0.00044480282
[2026-09-21 14:35:31 UTC] [INFO    ] [STEP 034]       med_out = 0.00030004101
[2026-09-21 14:35:31 UTC] [INFO    ] [STEP 034]       p = 0.14498112
[2026-09-21 14:35:31 UTC] [INFO    ] [STEP 034]     all_matched.ratio_so:
[2026-09-21 14:35:31 UTC] [INFO    ] [STEP 034]       n_in = 30
[2026-09-21 14:35:31 UTC] [INFO    ] [STEP 034]       n_out = 57
[2026-09-21 14:35:31 UTC] [INFO    ] [STEP 034]       med_in = 0.00025385992
[2026-09-21 14:35:31 UTC] [INFO    ] [STEP 034]       med_out = 0.00027022313
[2026-09-21 14:35:31 UTC] [INFO    ] [STEP 034]       p = 0.19196594
[2026-09-21 14:35:31 UTC] [INFO    ] [STEP 034]     all_matched.asym:
[2026-09-21 14:35:31 UTC] [INFO    ] [STEP 034]       n_in = 30
[2026-09-21 14:35:31 UTC] [INFO    ] [STEP 034]       n_out = 57
[2026-09-21 14:35:31 UTC] [INFO    ] [STEP 034]       med_in = 0.024135611
[2026-09-21 14:35:31 UTC] [INFO    ] [STEP 034]       med_out = -0.005510766
[2026-09-21 14:35:31 UTC] [INFO    ] [STEP 034]       p = 0.1640781
[2026-09-21 14:35:31 UTC] [INFO    ] [STEP 034]     warsaw_overlap.d_so:
[2026-09-21 14:35:31 UTC] [INFO    ] [STEP 034]       n_in = 11
[2026-09-21 14:35:31 UTC] [INFO    ] [STEP 034]       n_out = 22
[2026-09-21 14:35:31 UTC] [INFO    ] [STEP 034]       med_in = 0.11983171
[2026-09-21 14:35:31 UTC] [INFO    ] [STEP 034]       med_out = 0.071354167
[2026-09-21 14:35:31 UTC] [INFO    ] [STEP 034]       p = 0.010431291
[2026-09-21 14:35:31 UTC] [INFO    ] [STEP 034]     warsaw_overlap.d_sf:
[2026-09-21 14:35:31 UTC] [INFO    ] [STEP 034]       n_in = 11
[2026-09-21 14:35:31 UTC] [INFO    ] [STEP 034]       n_out = 22
[2026-09-21 14:35:31 UTC] [INFO    ] [STEP 034]       med_in = 0.13544005
[2026-09-21 14:35:31 UTC] [INFO    ] [STEP 034]       ... (snapshot truncated; full values in JSON)
[2026-09-21 14:35:31 UTC] [INFO    ] [STEP 034] ================================================================================
[2026-09-21 14:35:31 UTC] [INFO    ] [STEP 034] STEP 034 COMPLETE: SUCCESS
[2026-09-21 14:35:31 UTC] [INFO    ] [STEP 034] Provenance data saved to /Users/matthewsmawfield/www/Temporal Equivalence Principle/TEP-9/results/provenance/step_034_code_confirm_provenance.json
[2026-09-21 14:35:31 UTC] [INFO    ] [STEP 034] 
[2026-09-21 14:35:31 UTC] [INFO    ] [STEP 034] ================================================================================
[2026-09-21 14:35:31 UTC] [INFO    ] [STEP 034] EXECUTIVE SUMMARY
[2026-09-21 14:35:31 UTC] [INFO    ] [STEP 034] ================================================================================
[2026-09-21 14:35:31 UTC] [INFO    ] [STEP 034] Step: step_034_code_confirm (Step 034)
[2026-09-21 14:35:31 UTC] [INFO    ] [STEP 034] Status: SUCCESS
[2026-09-21 14:35:31 UTC] [INFO    ] [STEP 034] Duration: 0.59s
[2026-09-21 14:35:31 UTC] [INFO    ] [STEP 034] Log Records: 409
[2026-09-21 14:35:31 UTC] [INFO    ] [STEP 034] Output Files: 1
[2026-09-21 14:35:31 UTC] [INFO    ] [STEP 034] Key Outputs:
[2026-09-21 14:35:31 UTC] [INFO    ] [STEP 034]   - step_11_code_confirm.json (7.26 KB)
[2026-09-21 14:35:31 UTC] [INFO    ] [STEP 034] ================================================================================
