[2026-09-20 11:38:13 UTC] [INFO    ] [STEP 077] LOGGER INITIALIZED: step_077_dipole_era (Step 077)
[2026-09-20 11:38:13 UTC] [DEBUG   ] [STEP 077] Log file: /Users/matthewsmawfield/www/Temporal Equivalence Principle/TEP-9/logs/step_077_dipole_era.log
[2026-09-20 11:38:13 UTC] [DEBUG   ] [STEP 077] Project root: /Users/matthewsmawfield/www/Temporal Equivalence Principle/TEP-9
[2026-09-20 11:38:13 UTC] [DEBUG   ] [STEP 077] Start time (UTC): 2026-09-20T11:38:13.345568+00:00
[2026-09-20 11:38:13 UTC] [INFO    ] [STEP 077] 
[2026-09-20 11:38:13 UTC] [INFO    ] [STEP 077] STEP PURPOSE
[2026-09-20 11:38:13 UTC] [INFO    ] [STEP 077] --------------------------------------------------------------------------------
[2026-09-20 11:38:13 UTC] [INFO    ] [STEP 077]   Step 077 -- era stability of the aphelion dipole.
[2026-09-20 11:38:13 UTC] [INFO    ] [STEP 077]   Step 072 found the reconstruction-residual amplitude is era-weighted
[2026-09-20 11:38:13 UTC] [INFO    ] [STEP 077]   (strongest contrast pre-1950).  The aphelion dipole is the
[2026-09-20 11:38:13 UTC] [INFO    ] [STEP 077]   reconstruction-independent channel -- a property of the catalogue
[2026-09-20 11:38:13 UTC] [INFO    ] [STEP 077]   entries, not of the fit machinery -- so its era structure bounds how
[2026-09-20 11:38:13 UTC] [INFO    ] [STEP 077]   much of the spatial signal could be an old-catalogue artefact.  The
[2026-09-20 11:38:13 UTC] [INFO    ] [STEP 077]   per-comet aphelion projection onto the resident axis (49,-17) and the
[2026-09-20 11:38:13 UTC] [INFO    ] [STEP 077]   galactic-anticenter control is measured in the same three era bins.
[2026-09-20 11:38:13 UTC] [INFO    ] [STEP 077]   Inputs : data/raw/code/code_original.html,
[2026-09-20 11:38:13 UTC] [INFO    ] [STEP 077]   data/raw/warsaw/warsaw_table[cd].dat
[2026-09-20 11:38:13 UTC] [INFO    ] [STEP 077]   Outputs: results/step_b42_dipole_era.json
[2026-09-20 11:38:13 UTC] [INFO    ] [STEP 077]   results/figures/supplementary/step_b42_dipole_era.png
[2026-09-20 11:38:13 UTC] [INFO    ] [STEP 077] --------------------------------------------------------------------------------
[2026-09-20 11:38:13 UTC] [INFO    ] [STEP 077] EXECUTION ENVIRONMENT: python 3.13.5 | macOS-26.5.1 | numpy 2.1.3 | scipy 1.14.1 | pandas 2.2.3 | astropy 7.1.1 | rebound 5.1.1 | matplotlib 3.9.2 | cpus 15
[2026-09-20 11:38:13 UTC] [INFO    ] [STEP 077] SCRIPT: scripts/steps/step_077_dipole_era.py
[2026-09-20 11:38:13 UTC] [INFO    ] [STEP 077] SCRIPT SHA256: e8d4f25379a2cdef4d275c5af3b2cdb3e9388b4af12656d68222e67813654bb6
[2026-09-20 11:38:13 UTC] [INFO    ] [STEP 077] SCRIPT SIZE: 8367 bytes
[2026-09-20 11:38:13 UTC] [INFO    ] [STEP 077] ================================================================================
[2026-09-20 11:38:13 UTC] [INFO    ] [STEP 077] Era stability of the aphelion dipole
[2026-09-20 11:38:13 UTC] [INFO    ] [STEP 077] ================================================================================
[2026-09-20 11:38:13 UTC] [INFO    ] [STEP 077] comets: 258 (code 148, warsaw 110)
[2026-09-20 11:38:13 UTC] [INFO    ] [STEP 077] code 1885-1950: n=25 d_par=+0.310 p=0.0037
[2026-09-20 11:38:13 UTC] [INFO    ] [STEP 077] code 1950-1990: n=11 d_par=+0.269 p=0.0614
[2026-09-20 11:38:13 UTC] [INFO    ] [STEP 077] code 1990-2030: n=112 d_par=+0.157 p=0.0020
[2026-09-20 11:38:13 UTC] [INFO    ] [STEP 077] warsaw 1950-1990: n=20 d_par=+0.161 p=0.1058
[2026-09-20 11:38:13 UTC] [INFO    ] [STEP 077] warsaw 1990-2030: n=88 d_par=+0.130 p=0.0173
[2026-09-20 11:38:13 UTC] [INFO    ] [STEP 077] pooled 1885-1950: n=27 d_par=+0.321 p=0.0019
[2026-09-20 11:38:13 UTC] [INFO    ] [STEP 077] pooled 1950-1990: n=31 d_par=+0.199 p=0.0273
[2026-09-20 11:38:13 UTC] [INFO    ] [STEP 077] pooled 1990-2030: n=200 d_par=+0.145 p=0.0002
[2026-09-20 11:38:13 UTC] [INFO    ] [STEP 077] Saving data: step_b42_dipole_era.json
[2026-09-20 11:38:13 UTC] [DEBUG   ] [STEP 077]   Full path: /Users/matthewsmawfield/www/Temporal Equivalence Principle/TEP-9/results/step_b42_dipole_era.json
[2026-09-20 11:38:13 UTC] [INFO    ] [STEP 077]   Output: step_b42_dipole_era.json
[2026-09-20 11:38:14 UTC] [INFO    ] [STEP 077] Saving data: step_b42_dipole_era.png
[2026-09-20 11:38:14 UTC] [DEBUG   ] [STEP 077]   Full path: /Users/matthewsmawfield/www/Temporal Equivalence Principle/TEP-9/results/figures/supplementary/step_b42_dipole_era.png
[2026-09-20 11:38:14 UTC] [INFO    ] [STEP 077]   Output: step_b42_dipole_era.png
[2026-09-20 11:38:14 UTC] [INFO    ] [STEP 077] 
[2026-09-20 11:38:14 UTC] [INFO    ] [STEP 077] ================================================================================
[2026-09-20 11:38:14 UTC] [INFO    ] [STEP 077] STEP SUMMARY: step_077_dipole_era
[2026-09-20 11:38:14 UTC] [INFO    ] [STEP 077] ================================================================================
[2026-09-20 11:38:14 UTC] [INFO    ] [STEP 077] Step Number: 077
[2026-09-20 11:38:14 UTC] [INFO    ] [STEP 077] Status: SUCCESS
[2026-09-20 11:38:14 UTC] [INFO    ] [STEP 077] Duration: 0.98s
[2026-09-20 11:38:14 UTC] [INFO    ] [STEP 077] Log Records Emitted: 49
[2026-09-20 11:38:14 UTC] [INFO    ] [STEP 077] Output Files: 2
[2026-09-20 11:38:14 UTC] [INFO    ] [STEP 077] Log file: /Users/matthewsmawfield/www/Temporal Equivalence Principle/TEP-9/logs/step_077_dipole_era.log
[2026-09-20 11:38:14 UTC] [INFO    ] [STEP 077] 
[2026-09-20 11:38:14 UTC] [INFO    ] [STEP 077] Generated 2 output file(s):
[2026-09-20 11:38:14 UTC] [INFO    ] [STEP 077]   • step_b42_dipole_era.json: 2.09 KB [sha256 69ae18f9434cb589]
[2026-09-20 11:38:14 UTC] [INFO    ] [STEP 077]   • step_b42_dipole_era.png: 109.31 KB [sha256 5c5c8ba626404eb3]
[2026-09-20 11:38:14 UTC] [INFO    ] [STEP 077] ================================================================================
[2026-09-20 11:38:14 UTC] [INFO    ] [STEP 077] STEP 077 COMPLETE: SUCCESS
[2026-09-20 11:38:14 UTC] [INFO    ] [STEP 077] Provenance data saved to /Users/matthewsmawfield/www/Temporal Equivalence Principle/TEP-9/results/provenance/step_077_dipole_era_provenance.json
[2026-09-20 11:38:14 UTC] [INFO    ] [STEP 077] 
[2026-09-20 11:38:14 UTC] [INFO    ] [STEP 077] ================================================================================
[2026-09-20 11:38:14 UTC] [INFO    ] [STEP 077] EXECUTIVE SUMMARY
[2026-09-20 11:38:14 UTC] [INFO    ] [STEP 077] ================================================================================
[2026-09-20 11:38:14 UTC] [INFO    ] [STEP 077] Step: step_077_dipole_era (Step 077)
[2026-09-20 11:38:14 UTC] [INFO    ] [STEP 077] Status: SUCCESS
[2026-09-20 11:38:14 UTC] [INFO    ] [STEP 077] Duration: 0.98s
[2026-09-20 11:38:14 UTC] [INFO    ] [STEP 077] Log Records: 59
[2026-09-20 11:38:14 UTC] [INFO    ] [STEP 077] Output Files: 2
[2026-09-20 11:38:14 UTC] [INFO    ] [STEP 077] Key Outputs:
[2026-09-20 11:38:14 UTC] [INFO    ] [STEP 077]   - step_b42_dipole_era.json (2.09 KB)
[2026-09-20 11:38:14 UTC] [INFO    ] [STEP 077]   - step_b42_dipole_era.png (109.31 KB)
[2026-09-20 11:38:14 UTC] [INFO    ] [STEP 077] ================================================================================
