[2026-09-21 14:56:37 UTC] [INFO    ] [STEP 088] LOGGER INITIALIZED: step_088_tide_resident (Step 088)
[2026-09-21 14:56:37 UTC] [DEBUG   ] [STEP 088] Log file: /Users/matthewsmawfield/www/Temporal Equivalence Principle/TEP-9/logs/step_088_tide_resident.log
[2026-09-21 14:56:37 UTC] [DEBUG   ] [STEP 088] Project root: /Users/matthewsmawfield/www/Temporal Equivalence Principle/TEP-9
[2026-09-21 14:56:37 UTC] [DEBUG   ] [STEP 088] Start time (UTC): 2026-09-21T14:56:37.619556+00:00
[2026-09-21 14:56:37 UTC] [INFO    ] [STEP 088] 
[2026-09-21 14:56:37 UTC] [INFO    ] [STEP 088] STEP PURPOSE
[2026-09-21 14:56:37 UTC] [INFO    ] [STEP 088] --------------------------------------------------------------------------------
[2026-09-21 14:56:37 UTC] [INFO    ] [STEP 088]   step_088: Galactic-tide insertion on the resident population --
[2026-09-21 14:56:37 UTC] [INFO    ] [STEP 088]   maintenance and regeneration tests.
[2026-09-21 14:56:37 UTC] [INFO    ] [STEP 088]   step_070 measured the tide's contribution to the transit channel
[2026-09-21 14:56:37 UTC] [INFO    ] [STEP 088]   (~1e-9 deg, null).  The resident side carries a different question:
[2026-09-21 14:56:37 UTC] [INFO    ] [STEP 088]   the Galactic tide is the standard "no new physics" mechanism invoked
[2026-09-21 14:56:37 UTC] [INFO    ] [STEP 088]   for outer-system apsidal structure, so the decisive test is whether
[2026-09-21 14:56:37 UTC] [INFO    ] [STEP 088]   the tide can *maintain* the observed varpi cluster or *regenerate*
[2026-09-21 14:56:37 UTC] [INFO    ] [STEP 088]   one from an isotropic start.  This step inserts the same epoch-fixed
[2026-09-21 14:56:37 UTC] [INFO    ] [STEP 088]   inertial tide tensor used in step_070 (Kx=+OmG^2, Ky=-OmG^2,
[2026-09-21 14:56:37 UTC] [INFO    ] [STEP 088]   Kz=-4 pi G rho) into the step_066 secular harness -- the 44 detached
[2026-09-21 14:56:37 UTC] [INFO    ] [STEP 088]   TNOs (a>150, q>30, cc<=3) integrated 20 Myr under Sun+giants -- via
[2026-09-21 14:56:37 UTC] [INFO    ] [STEP 088]   Strang-split velocity kicks.
[2026-09-21 14:56:37 UTC] [INFO    ] [STEP 088]   Three realizations:
[2026-09-21 14:56:37 UTC] [INFO    ] [STEP 088]   tide_observed   : real catalogue varpi + giants + tide
[2026-09-21 14:56:37 UTC] [INFO    ] [STEP 088]   -> does the tide hold or disperse R_varpi?
[2026-09-21 14:56:37 UTC] [INFO    ] [STEP 088]   tide_scrambled  : initial varpi randomized (a,e,i,Om fixed, w reset)
[2026-09-21 14:56:37 UTC] [INFO    ] [STEP 088]   -> does the tide *create* varpi concentration, and
[2026-09-21 14:56:37 UTC] [INFO    ] [STEP 088]   if so at what direction?
[2026-09-21 14:56:37 UTC] [INFO    ] [STEP 088]   tide_p9_med     : real varpi + giants + tide + BB21 median P9
[2026-09-21 14:56:37 UTC] [INFO    ] [STEP 088]   -> does tide+perturber jointly confine?
[2026-09-21 14:56:37 UTC] [INFO    ] [STEP 088]   Diagnostics per model: sigma(dvarpi/dt) and dispersal time (as 066);
[2026-09-21 14:56:37 UTC] [INFO    ] [STEP 088]   R_varpi(t); the final mean varpi direction; and a restoring-torque
[2026-09-21 14:56:37 UTC] [INFO    ] [STEP 088]   test against the tide's own ecliptic libration directions (the
[2026-09-21 14:56:37 UTC] [INFO    ] [STEP 088]   galactic-plane points l=90/270 deg, the tide's stationary loci).
[2026-09-21 14:56:37 UTC] [INFO    ] [STEP 088]   Outputs
[2026-09-21 14:56:37 UTC] [INFO    ] [STEP 088]   results/step_b53_tide_resident.json
[2026-09-21 14:56:37 UTC] [INFO    ] [STEP 088]   results/step_b53_tide_resident.csv
[2026-09-21 14:56:37 UTC] [INFO    ] [STEP 088]   results/figures/supplementary/step_b53_tide_resident.png
[2026-09-21 14:56:37 UTC] [INFO    ] [STEP 088] --------------------------------------------------------------------------------
[2026-09-21 14:56:37 UTC] [INFO    ] [STEP 088] EXECUTION ENVIRONMENT: python 3.13.5 | macOS-26.5.1 | numpy 2.1.3 | scipy 1.14.1 | pandas 2.2.3 | astropy 7.1.1 | rebound 5.1.1 | matplotlib 3.9.2 | cpus 15
[2026-09-21 14:56:37 UTC] [INFO    ] [STEP 088] SCRIPT: scripts/steps/step_088_tide_resident.py
[2026-09-21 14:56:37 UTC] [INFO    ] [STEP 088] SCRIPT SHA256: a3b90fded3b5eee91f8522350e7233d6cb66c21cfe2294e1d870f24c675c7283
[2026-09-21 14:56:37 UTC] [INFO    ] [STEP 088] SCRIPT SIZE: 17517 bytes
[2026-09-21 14:56:37 UTC] [INFO    ] [STEP 088] ================================================================================
[2026-09-21 14:56:37 UTC] [INFO    ] [STEP 088] Resident-side galactic-tide insertion (REBOUND/DE440s)
[2026-09-21 14:56:37 UTC] [INFO    ] [STEP 088] ================================================================================
[2026-09-21 14:56:38 UTC] [INFO    ] [STEP 088] tide coefficients: Kx=7.061e-16 Ky=-7.061e-16 Kz=-5.653e-15 yr^-2
[2026-09-21 14:56:38 UTC] [INFO    ] [STEP 088] tide libration directions (ecliptic lon,lat): (347.3,59.6); (167.3,-59.6)
[2026-09-21 14:56:38 UTC] [INFO    ] [STEP 088] detached sample: 44 TNOs (a>150, q>30, cc<=3)
[2026-09-21 15:02:25 UTC] [INFO    ] [STEP 088] tide_scrambled: integrated 20 Myr (50 tide kicks per snapshot)
[2026-09-21 15:02:26 UTC] [INFO    ] [STEP 088] tide_observed: integrated 20 Myr (50 tide kicks per snapshot)
[2026-09-21 15:02:36 UTC] [INFO    ] [STEP 088] tide_p9_med: integrated 20 Myr (50 tide kicks per snapshot)
[2026-09-21 15:02:37 UTC] [INFO    ] [STEP 088] tide_observed: sigma(dv) all/in = 0.176/0.212 deg/Myr | t_disp in = 151 Myr
[2026-09-21 15:02:37 UTC] [INFO    ] [STEP 088] tide_scrambled: sigma(dv) all/in = 0.183/0.201 deg/Myr | t_disp in = 160 Myr
[2026-09-21 15:02:37 UTC] [INFO    ] [STEP 088] tide_p9_med: sigma(dv) all/in = 0.179/0.193 deg/Myr | t_disp in = 166 Myr
[2026-09-21 15:02:37 UTC] [INFO    ] [STEP 088] endpoints: R20 obs=0.275 scr=0.133 (mean 166 deg) p9=0.246
[2026-09-21 15:02:37 UTC] [INFO    ] [STEP 088] tide restoring: rho=+0.135 p=0.3827
[2026-09-21 15:02:37 UTC] [INFO    ] [STEP 088] Saving data: step_b53_tide_resident.json
[2026-09-21 15:02:37 UTC] [DEBUG   ] [STEP 088]   Full path: /Users/matthewsmawfield/www/Temporal Equivalence Principle/TEP-9/results/step_b53_tide_resident.json
[2026-09-21 15:02:37 UTC] [INFO    ] [STEP 088]   Output: step_b53_tide_resident.json
[2026-09-21 15:02:37 UTC] [INFO    ] [STEP 088] Saving data: step_b53_tide_resident.csv
[2026-09-21 15:02:37 UTC] [DEBUG   ] [STEP 088]   Full path: /Users/matthewsmawfield/www/Temporal Equivalence Principle/TEP-9/results/step_b53_tide_resident.csv
[2026-09-21 15:02:37 UTC] [INFO    ] [STEP 088]   Output: step_b53_tide_resident.csv
[2026-09-21 15:02:37 UTC] [INFO    ] [STEP 088] Saving data: step_b53_tide_resident.png
[2026-09-21 15:02:37 UTC] [DEBUG   ] [STEP 088]   Full path: /Users/matthewsmawfield/www/Temporal Equivalence Principle/TEP-9/results/figures/supplementary/step_b53_tide_resident.png
[2026-09-21 15:02:37 UTC] [INFO    ] [STEP 088]   Output: step_b53_tide_resident.png
[2026-09-21 15:02:37 UTC] [INFO    ] [STEP 088] 
[2026-09-21 15:02:37 UTC] [INFO    ] [STEP 088] ================================================================================
[2026-09-21 15:02:37 UTC] [INFO    ] [STEP 088] STEP SUMMARY: step_088_tide_resident
[2026-09-21 15:02:37 UTC] [INFO    ] [STEP 088] ================================================================================
[2026-09-21 15:02:37 UTC] [INFO    ] [STEP 088] Step Number: 088
[2026-09-21 15:02:37 UTC] [INFO    ] [STEP 088] Status: SUCCESS
[2026-09-21 15:02:37 UTC] [INFO    ] [STEP 088] Duration: 5.99m
[2026-09-21 15:02:37 UTC] [INFO    ] [STEP 088] Log Records Emitted: 67
[2026-09-21 15:02:37 UTC] [INFO    ] [STEP 088] Output Files: 3
[2026-09-21 15:02:37 UTC] [INFO    ] [STEP 088] Log file: /Users/matthewsmawfield/www/Temporal Equivalence Principle/TEP-9/logs/step_088_tide_resident.log
[2026-09-21 15:02:37 UTC] [INFO    ] [STEP 088] 
[2026-09-21 15:02:37 UTC] [INFO    ] [STEP 088] Generated 3 output file(s):
[2026-09-21 15:02:37 UTC] [INFO    ] [STEP 088]   • step_b53_tide_resident.json: 33.57 KB [sha256 f3f3cde7e04a5292]
[2026-09-21 15:02:37 UTC] [INFO    ] [STEP 088]   • step_b53_tide_resident.csv: 6.11 KB [sha256 532fd1cf4eb63270]
[2026-09-21 15:02:37 UTC] [INFO    ] [STEP 088]   • step_b53_tide_resident.png: 335.69 KB [sha256 a73a42c46ac11b87]
[2026-09-21 15:02:37 UTC] [INFO    ] [STEP 088] 
[2026-09-21 15:02:37 UTC] [INFO    ] [STEP 088]   RESULT SNAPSHOT [step_b53_tide_resident.json]:
[2026-09-21 15:02:37 UTC] [INFO    ] [STEP 088]     tide_coeffs_yr2:
[2026-09-21 15:02:37 UTC] [INFO    ] [STEP 088]       Kx = 7.0608705e-16
[2026-09-21 15:02:37 UTC] [INFO    ] [STEP 088]       Ky = -7.0608705e-16
[2026-09-21 15:02:37 UTC] [INFO    ] [STEP 088]       Kz = -5.6531981e-15
[2026-09-21 15:02:37 UTC] [INFO    ] [STEP 088]     tide_libration_ecliptic_lon [n=2]: median=257.33991 min=167.33991 max=347.33991
[2026-09-21 15:02:37 UTC] [INFO    ] [STEP 088]     models.tide_observed:
[2026-09-21 15:02:37 UTC] [INFO    ] [STEP 088]       sigma_dv_all_deg_Myr = 0.17618869
[2026-09-21 15:02:37 UTC] [INFO    ] [STEP 088]       sigma_dv_incap_deg_Myr = 0.21223711
[2026-09-21 15:02:37 UTC] [INFO    ] [STEP 088]       t_disp_all_Myr = 483.21212
[2026-09-21 15:02:37 UTC] [INFO    ] [STEP 088]       t_disp_incap_Myr = 151.40951
[2026-09-21 15:02:37 UTC] [INFO    ] [STEP 088]       med_dv_incap = 0.0027546948
[2026-09-21 15:02:37 UTC] [INFO    ] [STEP 088]       med_dv_outcap = 0.014457963
[2026-09-21 15:02:37 UTC] [INFO    ] [STEP 088]     models.tide_scrambled:
[2026-09-21 15:02:37 UTC] [INFO    ] [STEP 088]       sigma_dv_all_deg_Myr = 0.18332245
[2026-09-21 15:02:37 UTC] [INFO    ] [STEP 088]       sigma_dv_incap_deg_Myr = 0.20128866
[2026-09-21 15:02:37 UTC] [INFO    ] [STEP 088]       t_disp_all_Myr = 464.40852
[2026-09-21 15:02:37 UTC] [INFO    ] [STEP 088]       t_disp_incap_Myr = 159.64495
[2026-09-21 15:02:37 UTC] [INFO    ] [STEP 088]       med_dv_incap = 0.010298227
[2026-09-21 15:02:37 UTC] [INFO    ] [STEP 088]       med_dv_outcap = 0.0038170979
[2026-09-21 15:02:37 UTC] [INFO    ] [STEP 088]     models.tide_p9_med:
[2026-09-21 15:02:37 UTC] [INFO    ] [STEP 088]       sigma_dv_all_deg_Myr = 0.17907711
[2026-09-21 15:02:37 UTC] [INFO    ] [STEP 088]       sigma_dv_incap_deg_Myr = 0.19343585
[2026-09-21 15:02:37 UTC] [INFO    ] [STEP 088]       t_disp_all_Myr = 475.41815
[2026-09-21 15:02:37 UTC] [INFO    ] [STEP 088]       t_disp_incap_Myr = 166.12597
[2026-09-21 15:02:37 UTC] [INFO    ] [STEP 088]       med_dv_incap = 0.0017863509
[2026-09-21 15:02:37 UTC] [INFO    ] [STEP 088]       med_dv_outcap = 0.014368501
[2026-09-21 15:02:37 UTC] [INFO    ] [STEP 088]     tide_restoring:
[2026-09-21 15:02:37 UTC] [INFO    ] [STEP 088]       rho_abs_off_vs_toward = 0.13488372
[2026-09-21 15:02:37 UTC] [INFO    ] [STEP 088]       p_2sided = 0.38268544
[2026-09-21 15:02:37 UTC] [INFO    ] [STEP 088]       med_toward_incap = 0.0049425978
[2026-09-21 15:02:37 UTC] [INFO    ] [STEP 088]       med_toward_outcap = -0.0024115604
[2026-09-21 15:02:37 UTC] [INFO    ] [STEP 088]       note = spearman of |offset from nearer tide libration centre| against drift toward that centre...
[2026-09-21 15:02:37 UTC] [INFO    ] [STEP 088]     R_varpi_t.ts_Myr [n=401]: median=10 min=0 max=20
[2026-09-21 15:02:37 UTC] [INFO    ] [STEP 088]     R_varpi_t.tide_observed [n=401]: median=0.31654272 min=0.27254269 max=0.33195069
[2026-09-21 15:02:37 UTC] [INFO    ] [STEP 088]     R_varpi_t.tide_scrambled [n=401]: median=0.13298334 min=0.12721055 max=0.13853326
[2026-09-21 15:02:37 UTC] [INFO    ] [STEP 088]     R_varpi_t.tide_p9_med [n=401]: median=0.2668697 min=0.23378914 max=0.333247
[2026-09-21 15:02:37 UTC] [INFO    ] [STEP 088]     endpoints:
[2026-09-21 15:02:37 UTC] [INFO    ] [STEP 088]       tide_observed_R20 = 0.27460781
[2026-09-21 15:02:37 UTC] [INFO    ] [STEP 088]       tide_observed_meanvarpi20 = 72.513186
[2026-09-21 15:02:37 UTC] [INFO    ] [STEP 088]       tide_scrambled_R20 = 0.13305411
[2026-09-21 15:02:37 UTC] [INFO    ] [STEP 088]       tide_scrambled_meanvarpi20 = 166.08245
[2026-09-21 15:02:37 UTC] [INFO    ] [STEP 088]       tide_scrambled_Rmax = 0.13853326
[2026-09-21 15:02:37 UTC] [INFO    ] [STEP 088]       tide_p9_R20 = 0.24644983
[2026-09-21 15:02:37 UTC] [INFO    ] [STEP 088]       tide_p9_meanvarpi20 = 61.1823
[2026-09-21 15:02:37 UTC] [INFO    ] [STEP 088] ================================================================================
[2026-09-21 15:02:37 UTC] [INFO    ] [STEP 088] STEP 088 COMPLETE: SUCCESS
[2026-09-21 15:02:37 UTC] [INFO    ] [STEP 088] Provenance data saved to /Users/matthewsmawfield/www/Temporal Equivalence Principle/TEP-9/results/provenance/step_088_tide_resident_provenance.json
[2026-09-21 15:02:37 UTC] [INFO    ] [STEP 088] 
[2026-09-21 15:02:37 UTC] [INFO    ] [STEP 088] ================================================================================
[2026-09-21 15:02:37 UTC] [INFO    ] [STEP 088] EXECUTIVE SUMMARY
[2026-09-21 15:02:37 UTC] [INFO    ] [STEP 088] ================================================================================
[2026-09-21 15:02:37 UTC] [INFO    ] [STEP 088] Step: step_088_tide_resident (Step 088)
[2026-09-21 15:02:37 UTC] [INFO    ] [STEP 088] Status: SUCCESS
[2026-09-21 15:02:37 UTC] [INFO    ] [STEP 088] Duration: 5.99m
[2026-09-21 15:02:37 UTC] [INFO    ] [STEP 088] Log Records: 124
[2026-09-21 15:02:37 UTC] [INFO    ] [STEP 088] Output Files: 3
[2026-09-21 15:02:37 UTC] [INFO    ] [STEP 088] Key Outputs:
[2026-09-21 15:02:37 UTC] [INFO    ] [STEP 088]   - step_b53_tide_resident.json (33.57 KB)
[2026-09-21 15:02:37 UTC] [INFO    ] [STEP 088]   - step_b53_tide_resident.csv (6.11 KB)
[2026-09-21 15:02:37 UTC] [INFO    ] [STEP 088]   - step_b53_tide_resident.png (335.69 KB)
[2026-09-21 15:02:37 UTC] [INFO    ] [STEP 088] ================================================================================
