[2026-09-19 21:34:53 UTC] [INFO    ] [STEP 106] LOGGER INITIALIZED: step_106_harmonic_axis_transfer (Step 106)
[2026-09-19 21:34:53 UTC] [DEBUG   ] [STEP 106] Log file: /Users/matthewsmawfield/www/Temporal Equivalence Principle/TEP-9/logs/step_106_harmonic_axis_transfer.log
[2026-09-19 21:34:53 UTC] [DEBUG   ] [STEP 106] Project root: /Users/matthewsmawfield/www/Temporal Equivalence Principle/TEP-9
[2026-09-19 21:34:53 UTC] [INFO    ] [STEP 106] ================================================================================
[2026-09-19 21:34:53 UTC] [INFO    ] [STEP 106] Harmonic-order transfer + third-cohort axis recovery
[2026-09-19 21:34:53 UTC] [INFO    ] [STEP 106] ================================================================================
[2026-09-19 21:34:54 UTC] [INFO    ] [STEP 106] loaded 229 training + 30 lpc comets
[2026-09-19 21:34:55 UTC] [INFO    ] [STEP 106] METRIC: lpc_axis_recovery = best (50,-50) p=0.0006; predeclared p=0.0056 top 4.6%
[2026-09-19 21:34:55 UTC] [INFO    ] [STEP 106]   OOB skill const: rho=-0.0726
[2026-09-19 21:34:55 UTC] [INFO    ] [STEP 106]   OOB skill cos1: rho=-0.0254
[2026-09-19 21:34:55 UTC] [INFO    ] [STEP 106]   OOB skill cos2: rho=+0.1485
[2026-09-19 21:34:55 UTC] [INFO    ] [STEP 106]   OOB skill cos3: rho=-0.0856
[2026-09-19 21:34:55 UTC] [INFO    ] [STEP 106]   OOB skill linear: rho=-0.0244
[2026-09-19 21:35:10 UTC] [INFO    ] [STEP 106] METRIC: harmonic_oob = cos2-cos1 = +0.1730 [+0.0921,+0.2559]
[2026-09-19 21:35:10 UTC] [INFO    ] [STEP 106] METRIC: amplitude_transfer = b_lpc=+2.29 [-1.08,+6.35] vs b_229=+5.98
[2026-09-19 21:35:10 UTC] [INFO    ] [STEP 106] METRIC: cross_solution = drot rho=+0.999 (p=0.000), dtau rho=+0.703
[2026-09-19 21:35:10 UTC] [INFO    ] [STEP 106] Saving data: step_b70_harmonic_axis_transfer.json
[2026-09-19 21:35:10 UTC] [DEBUG   ] [STEP 106]   Full path: /Users/matthewsmawfield/www/Temporal Equivalence Principle/TEP-9/results/step_b70_harmonic_axis_transfer.json
[2026-09-19 21:35:10 UTC] [INFO    ] [STEP 106] Saving data: step_b70_harmonic_axis_transfer.csv
[2026-09-19 21:35:10 UTC] [DEBUG   ] [STEP 106]   Full path: /Users/matthewsmawfield/www/Temporal Equivalence Principle/TEP-9/results/step_b70_harmonic_axis_transfer.csv
[2026-09-19 21:35:12 UTC] [INFO    ] [STEP 106] Saving data: step_b70_harmonic_axis_transfer.png
[2026-09-19 21:35:12 UTC] [DEBUG   ] [STEP 106]   Full path: /Users/matthewsmawfield/www/Temporal Equivalence Principle/TEP-9/results/figures/step_b70_harmonic_axis_transfer.png
[2026-09-19 21:35:12 UTC] [INFO    ] [STEP 106] ✓ Harmonic/axis transfer analysis complete
