[2026-09-21 14:55:03 UTC] [INFO    ] [STEP 087] LOGGER INITIALIZED: step_087_distance_ladder (Step 087)
[2026-09-21 14:55:03 UTC] [DEBUG   ] [STEP 087] Log file: /Users/matthewsmawfield/www/Temporal Equivalence Principle/TEP-9/logs/step_087_distance_ladder.log
[2026-09-21 14:55:03 UTC] [DEBUG   ] [STEP 087] Project root: /Users/matthewsmawfield/www/Temporal Equivalence Principle/TEP-9
[2026-09-21 14:55:03 UTC] [DEBUG   ] [STEP 087] Start time (UTC): 2026-09-21T14:55:03.274631+00:00
[2026-09-21 14:55:03 UTC] [INFO    ] [STEP 087] 
[2026-09-21 14:55:03 UTC] [INFO    ] [STEP 087] STEP PURPOSE
[2026-09-21 14:55:03 UTC] [INFO    ] [STEP 087] --------------------------------------------------------------------------------
[2026-09-21 14:55:03 UTC] [INFO    ] [STEP 087]   Step 087 -- perturber distance ladder: what mass is required at
[2026-09-21 14:55:03 UTC] [INFO    ] [STEP 087]   any distance?
[2026-09-21 14:55:03 UTC] [INFO    ] [STEP 087]   Step 083 fixed the perturber's geometry to the published
[2026-09-21 14:55:03 UTC] [INFO    ] [STEP 087]   Brown & Batygin (2021) median location and showed the required mass
[2026-09-21 14:55:03 UTC] [INFO    ] [STEP 087]   is brown-dwarf scale (~4300 M_earth in-cap median).  That leaves one
[2026-09-21 14:55:03 UTC] [INFO    ] [STEP 087]   escape route: a perturber elsewhere -- closer, where a smaller mass
[2026-09-21 14:55:03 UTC] [INFO    ] [STEP 087]   delivers the same impulse, or farther, where surveys are shallower.
[2026-09-21 14:55:03 UTC] [INFO    ] [STEP 087]   This step closes it by measuring the required mass as a function of
[2026-09-21 14:55:03 UTC] [INFO    ] [STEP 087]   perturber semimajor axis, holding the anti-aligned shepherding
[2026-09-21 14:55:03 UTC] [INFO    ] [STEP 087]   geometry (e9 = 0.30, i9 = 15.6 deg, varpi9 = 246.7 deg, Om9 = 96.9
[2026-09-21 14:55:03 UTC] [INFO    ] [STEP 087]   deg, M9 = 180 deg residence-weighted) and the fiducial 6.9 M_earth
[2026-09-21 14:55:03 UTC] [INFO    ] [STEP 087]   mass.  Because the injected rotation scales linearly in mass
[2026-09-21 14:55:03 UTC] [INFO    ] [STEP 087]   (step 083, alpha = 1.00), a single rung at each distance yields the
[2026-09-21 14:55:03 UTC] [INFO    ] [STEP 087]   required mass directly:
[2026-09-21 14:55:03 UTC] [INFO    ] [STEP 087]   m_req(a9) = 6.9 * (d_of / drot_6.9(a9))
[2026-09-21 14:55:03 UTC] [INFO    ] [STEP 087]   Rungs: a9 = 250, 300, 461, 700, 1000 AU.  Deliverables: the
[2026-09-21 14:55:03 UTC] [INFO    ] [STEP 087]   required-mass distribution per rung in and out of the cap, the
[2026-09-21 14:55:03 UTC] [INFO    ] [STEP 087]   distance-scaling exponent gamma of m_req ~ a9^gamma, and the
[2026-09-21 14:55:03 UTC] [INFO    ] [STEP 087]   comparison against survey exclusion lines (IRAS/WISE all-sky limits
[2026-09-21 14:55:03 UTC] [INFO    ] [STEP 087]   of order Jupiter masses at these distances; BB21 nominal 5-10
[2026-09-21 14:55:03 UTC] [INFO    ] [STEP 087]   M_earth).  A point mass that must sit at any of these distances at
[2026-09-21 14:55:03 UTC] [INFO    ] [STEP 087]   ~10^3 M_earth is excluded by every relevant survey; a perturber
[2026-09-21 14:55:03 UTC] [INFO    ] [STEP 087]   closer still enters the planetary-ephemeris bounded regime.
[2026-09-21 14:55:03 UTC] [INFO    ] [STEP 087]   Outputs
[2026-09-21 14:55:03 UTC] [INFO    ] [STEP 087]   results/step_b52_distance_ladder.json
[2026-09-21 14:55:03 UTC] [INFO    ] [STEP 087]   results/step_b52_distance_ladder.csv   (per-comet ladder)
[2026-09-21 14:55:03 UTC] [INFO    ] [STEP 087]   results/figures/step_b52_distance_ladder.png
[2026-09-21 14:55:03 UTC] [INFO    ] [STEP 087] --------------------------------------------------------------------------------
[2026-09-21 14:55:03 UTC] [INFO    ] [STEP 087] EXECUTION ENVIRONMENT: python 3.13.5 | macOS-26.5.1 | numpy 2.1.3 | scipy 1.14.1 | pandas 2.2.3 | astropy 7.1.1 | rebound 5.1.1 | matplotlib 3.9.2 | cpus 15
[2026-09-21 14:55:03 UTC] [INFO    ] [STEP 087] SCRIPT: scripts/steps/step_087_distance_ladder.py
[2026-09-21 14:55:03 UTC] [INFO    ] [STEP 087] SCRIPT SHA256: 4b8c4ad82e4077380e22404a345ca1a746f928c9807837666a3b807726ddd911
[2026-09-21 14:55:03 UTC] [INFO    ] [STEP 087] SCRIPT SIZE: 17197 bytes
[2026-09-21 14:55:03 UTC] [INFO    ] [STEP 087] ================================================================================
[2026-09-21 14:55:03 UTC] [INFO    ] [STEP 087] Perturber distance ladder (REBOUND/IAS15 + DE440s)
[2026-09-21 14:55:03 UTC] [INFO    ] [STEP 087] ================================================================================
[2026-09-21 14:55:03 UTC] [INFO    ] [STEP 087] sample: 131 class-1 CODE comets
[2026-09-21 14:56:36 UTC] [INFO    ] [STEP 087] integrated 131 comets x 6 runs; 0 failed
[2026-09-21 14:56:36 UTC] [INFO    ] [STEP 087] a9=  250 AU: med drot=0.00036 deg | required mass in-cap med 2186 M_earth, p05 529, >M_Jup 1.00
[2026-09-21 14:56:36 UTC] [INFO    ] [STEP 087] a9=  300 AU: med drot=0.00031 deg | required mass in-cap med 3712 M_earth, p05 724, >M_Jup 1.00
[2026-09-21 14:56:36 UTC] [INFO    ] [STEP 087] a9=  461 AU: med drot=0.00028 deg | required mass in-cap med 4290 M_earth, p05 793, >M_Jup 1.00
[2026-09-21 14:56:36 UTC] [INFO    ] [STEP 087] a9=  700 AU: med drot=0.00029 deg | required mass in-cap med 3525 M_earth, p05 710, >M_Jup 1.00
[2026-09-21 14:56:36 UTC] [INFO    ] [STEP 087] a9= 1000 AU: med drot=0.00029 deg | required mass in-cap med 3490 M_earth, p05 694, >M_Jup 1.00
[2026-09-21 14:56:36 UTC] [INFO    ] [STEP 087] distance scaling: m_req ~ a9^+0.20; drot ~ a9^-0.14
[2026-09-21 14:56:36 UTC] [INFO    ] [STEP 087] Saving data: step_b52_distance_ladder.json
[2026-09-21 14:56:36 UTC] [DEBUG   ] [STEP 087]   Full path: /Users/matthewsmawfield/www/Temporal Equivalence Principle/TEP-9/results/step_b52_distance_ladder.json
[2026-09-21 14:56:36 UTC] [INFO    ] [STEP 087]   Output: step_b52_distance_ladder.json
[2026-09-21 14:56:36 UTC] [INFO    ] [STEP 087] Saving data: step_b52_distance_ladder.csv
[2026-09-21 14:56:36 UTC] [DEBUG   ] [STEP 087]   Full path: /Users/matthewsmawfield/www/Temporal Equivalence Principle/TEP-9/results/step_b52_distance_ladder.csv
[2026-09-21 14:56:36 UTC] [INFO    ] [STEP 087]   Output: step_b52_distance_ladder.csv
[2026-09-21 14:56:37 UTC] [INFO    ] [STEP 087] Saving data: step_b52_distance_ladder.png
[2026-09-21 14:56:37 UTC] [DEBUG   ] [STEP 087]   Full path: /Users/matthewsmawfield/www/Temporal Equivalence Principle/TEP-9/results/figures/step_b52_distance_ladder.png
[2026-09-21 14:56:37 UTC] [INFO    ] [STEP 087]   Output: step_b52_distance_ladder.png
[2026-09-21 14:56:37 UTC] [INFO    ] [STEP 087] 
[2026-09-21 14:56:37 UTC] [INFO    ] [STEP 087] ================================================================================
[2026-09-21 14:56:37 UTC] [INFO    ] [STEP 087] STEP SUMMARY: step_087_distance_ladder
[2026-09-21 14:56:37 UTC] [INFO    ] [STEP 087] ================================================================================
[2026-09-21 14:56:37 UTC] [INFO    ] [STEP 087] Step Number: 087
[2026-09-21 14:56:37 UTC] [INFO    ] [STEP 087] Status: SUCCESS
[2026-09-21 14:56:37 UTC] [INFO    ] [STEP 087] Duration: 1.56m
[2026-09-21 14:56:37 UTC] [INFO    ] [STEP 087] Log Records Emitted: 66
[2026-09-21 14:56:37 UTC] [INFO    ] [STEP 087] Output Files: 3
[2026-09-21 14:56:37 UTC] [INFO    ] [STEP 087] Log file: /Users/matthewsmawfield/www/Temporal Equivalence Principle/TEP-9/logs/step_087_distance_ladder.log
[2026-09-21 14:56:37 UTC] [INFO    ] [STEP 087] 
[2026-09-21 14:56:37 UTC] [INFO    ] [STEP 087] Generated 3 output file(s):
[2026-09-21 14:56:37 UTC] [INFO    ] [STEP 087]   • step_b52_distance_ladder.json: 3.03 KB [sha256 c311b7e753e81cbb]
[2026-09-21 14:56:37 UTC] [INFO    ] [STEP 087]   • step_b52_distance_ladder.csv: 33.79 KB [sha256 3b40faa656885e3a]
[2026-09-21 14:56:37 UTC] [INFO    ] [STEP 087]   • step_b52_distance_ladder.png: 169.50 KB [sha256 020115804365db5b]
[2026-09-21 14:56:37 UTC] [INFO    ] [STEP 087] 
[2026-09-21 14:56:37 UTC] [INFO    ] [STEP 087]   RESULT SNAPSHOT [step_b52_distance_ladder.json]:
[2026-09-21 14:56:37 UTC] [INFO    ] [STEP 087]     meta:
[2026-09-21 14:56:37 UTC] [INFO    ] [STEP 087]       n = 131
[2026-09-21 14:56:37 UTC] [INFO    ] [STEP 087]       n_failed = 0
[2026-09-21 14:56:37 UTC] [INFO    ] [STEP 087]       anchor_scaling = alpha = 1.00 measured on the mass ladder (step 083) -- m_req(a9) = 6.9*d_of/drot_6.9(a9)
[2026-09-21 14:56:37 UTC] [INFO    ] [STEP 087]       integrator = ias15
[2026-09-21 14:56:37 UTC] [INFO    ] [STEP 087]       boundary_AU = 255
[2026-09-21 14:56:37 UTC] [INFO    ] [STEP 087]       ephemeris = data/raw/spice/de440s.bsp (provenance pinned)
[2026-09-21 14:56:37 UTC] [INFO    ] [STEP 087]     meta.failed [n=0]
[2026-09-21 14:56:37 UTC] [INFO    ] [STEP 087]     meta.geometry:
[2026-09-21 14:56:37 UTC] [INFO    ] [STEP 087]       e9 = 0.3
[2026-09-21 14:56:37 UTC] [INFO    ] [STEP 087]       i9 = 15.6
[2026-09-21 14:56:37 UTC] [INFO    ] [STEP 087]       varpi9 = 246.7
[2026-09-21 14:56:37 UTC] [INFO    ] [STEP 087]       Om9 = 96.9
[2026-09-21 14:56:37 UTC] [INFO    ] [STEP 087]       M9_deg = 180
[2026-09-21 14:56:37 UTC] [INFO    ] [STEP 087]       m9_earth = 6.9
[2026-09-21 14:56:37 UTC] [INFO    ] [STEP 087]       note = BB21 median apsidal geometry; residence-weighted most probable phase
[2026-09-21 14:56:37 UTC] [INFO    ] [STEP 087]     meta.a9_ladder_AU [n=5]: median=461 min=250 max=1000
[2026-09-21 14:56:37 UTC] [INFO    ] [STEP 087]     rungs.a250:
[2026-09-21 14:56:37 UTC] [INFO    ] [STEP 087]       a9_AU = 250
[2026-09-21 14:56:37 UTC] [INFO    ] [STEP 087]       med_drot = 0.00036279252
[2026-09-21 14:56:37 UTC] [INFO    ] [STEP 087]       m_req_median_in = 2185.7728
[2026-09-21 14:56:37 UTC] [INFO    ] [STEP 087]       m_req_p05_in = 529.47143
[2026-09-21 14:56:37 UTC] [INFO    ] [STEP 087]       m_req_median_out = 2093.7677
[2026-09-21 14:56:37 UTC] [INFO    ] [STEP 087]       frac_in_req_gt_1000 = 0.74418605
[2026-09-21 14:56:37 UTC] [INFO    ] [STEP 087]       frac_in_req_gt_100 = 1
[2026-09-21 14:56:37 UTC] [INFO    ] [STEP 087]       frac_in_req_gt_318 = 1
[2026-09-21 14:56:37 UTC] [INFO    ] [STEP 087]       note = frac>318 = fraction of in-cap comets requiring more than a Jupiter mass at this distanc...
[2026-09-21 14:56:37 UTC] [INFO    ] [STEP 087]     rungs.a300:
[2026-09-21 14:56:37 UTC] [INFO    ] [STEP 087]       a9_AU = 300
[2026-09-21 14:56:37 UTC] [INFO    ] [STEP 087]       med_drot = 0.0003095268
[2026-09-21 14:56:37 UTC] [INFO    ] [STEP 087]       m_req_median_in = 3712.4441
[2026-09-21 14:56:37 UTC] [INFO    ] [STEP 087]       m_req_p05_in = 723.94936
[2026-09-21 14:56:37 UTC] [INFO    ] [STEP 087]       m_req_median_out = 2441.7292
[2026-09-21 14:56:37 UTC] [INFO    ] [STEP 087]       frac_in_req_gt_1000 = 0.8372093
[2026-09-21 14:56:37 UTC] [INFO    ] [STEP 087]       frac_in_req_gt_100 = 1
[2026-09-21 14:56:37 UTC] [INFO    ] [STEP 087]       frac_in_req_gt_318 = 1
[2026-09-21 14:56:37 UTC] [INFO    ] [STEP 087]       note = frac>318 = fraction of in-cap comets requiring more than a Jupiter mass at this distanc...
[2026-09-21 14:56:37 UTC] [INFO    ] [STEP 087]     rungs.a461:
[2026-09-21 14:56:37 UTC] [INFO    ] [STEP 087]       a9_AU = 461
[2026-09-21 14:56:37 UTC] [INFO    ] [STEP 087]       med_drot = 0.00028011323
[2026-09-21 14:56:37 UTC] [INFO    ] [STEP 087]       m_req_median_in = 4290.1231
[2026-09-21 14:56:37 UTC] [INFO    ] [STEP 087]       m_req_p05_in = 793.28823
[2026-09-21 14:56:37 UTC] [INFO    ] [STEP 087]       m_req_median_out = 2538.4754
[2026-09-21 14:56:37 UTC] [INFO    ] [STEP 087]       frac_in_req_gt_1000 = 0.86046512
[2026-09-21 14:56:37 UTC] [INFO    ] [STEP 087]       frac_in_req_gt_100 = 1
[2026-09-21 14:56:37 UTC] [INFO    ] [STEP 087]       frac_in_req_gt_318 = 1
[2026-09-21 14:56:37 UTC] [INFO    ] [STEP 087]       note = frac>318 = fraction of in-cap comets requiring more than a Jupiter mass at this distanc...
[2026-09-21 14:56:37 UTC] [INFO    ] [STEP 087]     rungs.a700:
[2026-09-21 14:56:37 UTC] [INFO    ] [STEP 087]       a9_AU = 700
[2026-09-21 14:56:37 UTC] [INFO    ] [STEP 087]       med_drot = 0.00028559973
[2026-09-21 14:56:37 UTC] [INFO    ] [STEP 087]       m_req_median_in = 3524.6225
[2026-09-21 14:56:37 UTC] [INFO    ] [STEP 087]       m_req_p05_in = 709.75595
[2026-09-21 14:56:37 UTC] [INFO    ] [STEP 087]       m_req_median_out = 2551.5636
[2026-09-21 14:56:37 UTC] [INFO    ] [STEP 087]       frac_in_req_gt_1000 = 0.8372093
[2026-09-21 14:56:37 UTC] [INFO    ] [STEP 087]       ... (snapshot truncated; full values in JSON)
[2026-09-21 14:56:37 UTC] [INFO    ] [STEP 087] ================================================================================
[2026-09-21 14:56:37 UTC] [INFO    ] [STEP 087] STEP 087 COMPLETE: SUCCESS
[2026-09-21 14:56:37 UTC] [INFO    ] [STEP 087] Provenance data saved to /Users/matthewsmawfield/www/Temporal Equivalence Principle/TEP-9/results/provenance/step_087_distance_ladder_provenance.json
[2026-09-21 14:56:37 UTC] [INFO    ] [STEP 087] 
[2026-09-21 14:56:37 UTC] [INFO    ] [STEP 087] ================================================================================
[2026-09-21 14:56:37 UTC] [INFO    ] [STEP 087] EXECUTIVE SUMMARY
[2026-09-21 14:56:37 UTC] [INFO    ] [STEP 087] ================================================================================
[2026-09-21 14:56:37 UTC] [INFO    ] [STEP 087] Step: step_087_distance_ladder (Step 087)
[2026-09-21 14:56:37 UTC] [INFO    ] [STEP 087] Status: SUCCESS
[2026-09-21 14:56:37 UTC] [INFO    ] [STEP 087] Duration: 1.56m
[2026-09-21 14:56:37 UTC] [INFO    ] [STEP 087] Log Records: 134
[2026-09-21 14:56:37 UTC] [INFO    ] [STEP 087] Output Files: 3
[2026-09-21 14:56:37 UTC] [INFO    ] [STEP 087] Key Outputs:
[2026-09-21 14:56:37 UTC] [INFO    ] [STEP 087]   - step_b52_distance_ladder.json (3.03 KB)
[2026-09-21 14:56:37 UTC] [INFO    ] [STEP 087]   - step_b52_distance_ladder.csv (33.79 KB)
[2026-09-21 14:56:37 UTC] [INFO    ] [STEP 087]   - step_b52_distance_ladder.png (169.50 KB)
[2026-09-21 14:56:37 UTC] [INFO    ] [STEP 087] ================================================================================
