[2026-09-19 19:41:36 UTC] [INFO    ] [STEP 080] LOGGER INITIALIZED: step_080_signed_residual (Step 080)
[2026-09-19 19:41:36 UTC] [DEBUG   ] [STEP 080] Log file: /Users/matthewsmawfield/www/Temporal Equivalence Principle/TEP-9/logs/step_080_signed_residual.log
[2026-09-19 19:41:36 UTC] [DEBUG   ] [STEP 080] Project root: /Users/matthewsmawfield/www/Temporal Equivalence Principle/TEP-9
[2026-09-19 19:41:36 UTC] [INFO    ] [STEP 080] ================================================================================
[2026-09-19 19:41:36 UTC] [INFO    ] [STEP 080] Signed residual coherence: secular precession vs anomaly
[2026-09-19 19:41:36 UTC] [INFO    ] [STEP 080] ================================================================================
[2026-09-19 19:41:37 UTC] [INFO    ] [STEP 080] sample: 131 class-1 CODE comets
[2026-09-19 19:42:05 UTC] [INFO    ] [STEP 080]   25/131
[2026-09-19 19:42:30 UTC] [INFO    ] [STEP 080]   50/131
[2026-09-19 19:45:09 UTC] [WARNING ] [STEP 080] ⚠ C/2013 V5: shell not reached
[2026-09-19 19:45:16 UTC] [INFO    ] [STEP 080]   75/131
[2026-09-19 19:45:44 UTC] [INFO    ] [STEP 080]   100/131
[2026-09-19 19:48:27 UTC] [WARNING ] [STEP 080] ⚠ C/2020 K8: shell not reached
[2026-09-19 19:50:43 UTC] [WARNING ] [STEP 080] ⚠ C/2020 N1: shell not reached
[2026-09-19 19:50:55 UTC] [INFO    ] [STEP 080]   125/131
[2026-09-19 19:51:02 UTC] [INFO    ] [STEP 080] integrated 128, failed 3
[2026-09-19 19:51:02 UTC] [INFO    ] [STEP 080] in_cap: n=48 resid pos=34 (0.71) p=0.0055 med_resid=+0.0009 (sim med=-0.1307, cat med=-0.1373)
[2026-09-19 19:51:02 UTC] [INFO    ] [STEP 080] out_cap: n=80 resid pos=51 (0.64) p=0.0183 med_resid=+0.0005 (sim med=-0.0737, cat med=-0.0731)
[2026-09-19 19:51:02 UTC] [INFO    ] [STEP 080] all: n=128 resid pos=85 (0.66) p=0.0003 med_resid=+0.0006 (sim med=-0.0912, cat med=-0.0941)
[2026-09-19 19:51:02 UTC] [INFO    ] [STEP 080] srot_sim vs srot_cat: rho=+0.999 p=0.0000
wrote /Users/matthewsmawfield/www/Temporal Equivalence Principle/TEP-9/results/step_b45_signed_residual.json
wrote /Users/matthewsmawfield/www/Temporal Equivalence Principle/TEP-9/results/step_b45_signed_residual.csv
wrote /Users/matthewsmawfield/www/Temporal Equivalence Principle/TEP-9/results/figures/step_b45_signed_residual.png
