[2026-09-19 21:57:19 UTC] [INFO    ] [STEP 135] LOGGER INITIALIZED: step_135_cross_channel (Step 135)
[2026-09-19 21:57:19 UTC] [DEBUG   ] [STEP 135] Log file: /Users/matthewsmawfield/www/Temporal Equivalence Principle/TEP-9/logs/step_135_cross_channel.log
[2026-09-19 21:57:19 UTC] [DEBUG   ] [STEP 135] Project root: /Users/matthewsmawfield/www/Temporal Equivalence Principle/TEP-9
[2026-09-19 21:57:19 UTC] [INFO    ] [STEP 135] ================================================================================
[2026-09-19 21:57:19 UTC] [INFO    ] [STEP 135] Cross-channel axis convergence
[2026-09-19 21:57:19 UTC] [INFO    ] [STEP 135] ================================================================================
[2026-09-19 21:57:20 UTC] [INFO    ] [STEP 135] T1 cross-channel direction ledger
[2026-09-19 21:57:20 UTC] [INFO    ] [STEP 135]   comet-declared         cone= 131.5 meridian=  0.0 az= 208.8 bipolar= 48.5  (internal-frame-defining)
[2026-09-19 21:57:20 UTC] [INFO    ] [STEP 135]   comet-displaced        cone=  53.8 meridian= 10.6 az= 221.9 bipolar= 53.8  (internal-recovered)
[2026-09-19 21:57:20 UTC] [INFO    ] [STEP 135]   comet-detached         cone= 115.9 meridian=  3.1 az= 205.3 bipolar= 64.1  (internal-recovered)
[2026-09-19 21:57:20 UTC] [INFO    ] [STEP 135]   clock-GNSS-II          cone=  22.0 meridian=  0.6 az=  27.2 bipolar= 22.0  (free-recovery)
[2026-09-19 21:57:20 UTC] [INFO    ] [STEP 135]   clock-MGEX             cone=  82.7 meridian= 57.4 az=  86.9 bipolar= 82.7  (free-recovery)
[2026-09-19 21:57:20 UTC] [INFO    ] [STEP 135]   lunar-LLR-best         cone=  87.8 meridian= 65.0 az= 273.9 bipolar= 87.8  (free-recovery)
[2026-09-19 21:57:20 UTC] [INFO    ] [STEP 135] T2 meridian coplanarity on external channels
[2026-09-19 21:57:20 UTC] [INFO    ] [STEP 135]   clock-GNSS-II          meridian   0.6 deg  p=0.0101
[2026-09-19 21:57:20 UTC] [INFO    ] [STEP 135]   lunar-LLR-best         meridian  65.0 deg  p=0.9065
[2026-09-19 21:57:20 UTC] [INFO    ] [STEP 135]   nominal meridian Fisher p = 0.0523 over 2 channels
[2026-09-19 21:57:20 UTC] [INFO    ] [STEP 135] T3 Fisher combination of channel frame statistics
[2026-09-19 21:57:20 UTC] [INFO    ] [STEP 135]   channel p-values:
[2026-09-19 21:57:20 UTC] [INFO    ] [STEP 135]     comet-bipolar-J              0.0001
[2026-09-19 21:57:20 UTC] [INFO    ] [STEP 135]     clock-GNSS-II-meridian       0.01015
[2026-09-19 21:57:20 UTC] [INFO    ] [STEP 135]     clock-MGEX-cmb-proj          0.004975
[2026-09-19 21:57:20 UTC] [INFO    ] [STEP 135]     lunar-LLR-Planck             0.000999
[2026-09-19 21:57:20 UTC] [INFO    ] [STEP 135]   Fisher chi2 = 52.0 (df=8)  p = 1.66e-08
[2026-09-19 21:57:20 UTC] [INFO    ] [STEP 135] T4 GNSS-II collective-motion direction vs switch epoch
[2026-09-19 21:57:21 UTC] [INFO    ] [STEP 135]   boundary 6570 d (~2018.0): t=6.67 p=1.34e-09; block-perm p=0.002; extremeness rank 53/84 (p=0.624); max changepoint 2009.1
[2026-09-19 21:57:21 UTC] [INFO    ] [STEP 135] verdict: CONVERGENT CROSS-CHANNEL GEOMETRY: 4 of 4 independent measurement classes resolve the frame-anchored bipolar structure at p<0.05 (nominal Fisher p=1.7e-08; GNSS-II direction epoch coincides with the comet era boundary at p=0.002 block-permutation).  No calibrated joint significance is claimed: GNSS overlap, directional sensitivity and the retrospective choice of geometric relation remain uncalibrated.
[2026-09-19 21:57:21 UTC] [INFO    ] [STEP 135] wrote results/step_b99_cross_channel.json
[2026-09-19 21:57:22 UTC] [INFO    ] [STEP 135] wrote results/figures/step_b99_cross_channel.png
