[2026-09-19 21:35:13 UTC] [INFO    ] [STEP 108] LOGGER INITIALIZED: step_108_cometels_dipole (Step 108)
[2026-09-19 21:35:13 UTC] [DEBUG   ] [STEP 108] Log file: /Users/matthewsmawfield/www/Temporal Equivalence Principle/TEP-9/logs/step_108_cometels_dipole.log
[2026-09-19 21:35:13 UTC] [DEBUG   ] [STEP 108] Project root: /Users/matthewsmawfield/www/Temporal Equivalence Principle/TEP-9
[2026-09-19 21:35:13 UTC] [INFO    ] [STEP 108] ================================================================================
[2026-09-19 21:35:13 UTC] [INFO    ] [STEP 108] Full-population aphelion dipole (CometEls census)
[2026-09-19 21:35:13 UTC] [INFO    ] [STEP 108] ================================================================================
[2026-09-19 21:35:14 UTC] [INFO    ] [STEP 108] CometEls parsed: 941 comets
[2026-09-19 21:35:14 UTC] [INFO    ] [STEP 108] broad census n=254 (dedup 913 unique designations); spike proxy n=108
[2026-09-19 21:35:20 UTC] [INFO    ] [STEP 108] METRIC: dipole[CometEls broad e in [0.90,1.02)] = n=254 d_par(cap)=+0.1025 p=0.00215
[2026-09-19 21:35:26 UTC] [INFO    ] [STEP 108] METRIC: dipole[CometEls spike a_osc>250AU] = n=108 d_par(cap)=+0.1849 p=0.00035
[2026-09-19 21:35:26 UTC] [INFO    ] [STEP 108] METRIC: e_bin[0.9,0.95) = n=11 d_par=+0.0279 p=0.426
[2026-09-19 21:35:27 UTC] [INFO    ] [STEP 108] METRIC: e_bin[0.95,0.985) = n=17 d_par=-0.1524 p=0.872
[2026-09-19 21:35:28 UTC] [INFO    ] [STEP 108] METRIC: e_bin[0.985,1.0) = n=119 d_par=+0.1789 p=0.00035
[2026-09-19 21:35:29 UTC] [INFO    ] [STEP 108] METRIC: e_bin[1.0,1.02) = n=112 d_par=+0.0831 p=0.0592
[2026-09-19 21:35:32 UTC] [INFO    ] [STEP 108] METRIC: dipole[broad shared with 229 (n=61)] = n=61 d_par(cap)=+0.2226 p=0.0008
[2026-09-19 21:35:39 UTC] [INFO    ] [STEP 108] METRIC: dipole[broad not in 229 (n=193)] = n=193 d_par(cap)=+0.0646 p=0.0524
[2026-09-19 21:35:39 UTC] [INFO    ] [STEP 108] METRIC: free_dipole = (29.7,-31.3) R=0.108 sep_cap=18.7 sep_anti=161.3
[2026-09-19 21:35:40 UTC] [INFO    ] [STEP 108] Saving data: step_b72_cometels_dipole.png
[2026-09-19 21:35:40 UTC] [DEBUG   ] [STEP 108]   Full path: /Users/matthewsmawfield/www/Temporal Equivalence Principle/TEP-9/results/figures/step_b72_cometels_dipole.png
[2026-09-19 21:35:40 UTC] [INFO    ] [STEP 108] Saving data: step_b72_cometels_dipole.json
[2026-09-19 21:35:40 UTC] [DEBUG   ] [STEP 108]   Full path: /Users/matthewsmawfield/www/Temporal Equivalence Principle/TEP-9/results/step_b72_cometels_dipole.json
[2026-09-19 21:35:40 UTC] [INFO    ] [STEP 108] Saving data: step_b72_cometels_dipole.csv
[2026-09-19 21:35:40 UTC] [DEBUG   ] [STEP 108]   Full path: /Users/matthewsmawfield/www/Temporal Equivalence Principle/TEP-9/results/step_b72_cometels_dipole.csv
[2026-09-19 21:35:40 UTC] [INFO    ] [STEP 108] verdict: On the full CometEls near-parabolic census (n=254), the aphelia lean toward the cap-declaration axis at d_par=+0.102 under the identical tide-aware null (p=0.00215); the spike-proxy subset (n=108) leans at +0.185 (p=0.00035).  The 193 comets absent from the 229-comet training set -- the genuinely new information -- lean at +0.065 (p=0.0524).  The census's own free dipole recovers (30,-31), 19 deg from the cap axis and 161 deg from the anti-axis -- the broadest discovered population self-organizes toward the measured sector without being told where it is.
[2026-09-19 21:35:40 UTC] [INFO    ] [STEP 108] CometEls census dipole complete
