[2026-09-21 14:31:14 UTC] [INFO    ] [STEP 019] LOGGER INITIALIZED: step_019_pole_geometry (Step 019)
[2026-09-21 14:31:14 UTC] [DEBUG   ] [STEP 019] Log file: /Users/matthewsmawfield/www/Temporal Equivalence Principle/TEP-9/logs/step_019_pole_geometry.log
[2026-09-21 14:31:14 UTC] [DEBUG   ] [STEP 019] Project root: /Users/matthewsmawfield/www/Temporal Equivalence Principle/TEP-9
[2026-09-21 14:31:14 UTC] [DEBUG   ] [STEP 019] Start time (UTC): 2026-09-21T14:31:14.829811+00:00
[2026-09-21 14:31:14 UTC] [INFO    ] [STEP 019] 
[2026-09-21 14:31:14 UTC] [INFO    ] [STEP 019] STEP PURPOSE
[2026-09-21 14:31:14 UTC] [INFO    ] [STEP 019] --------------------------------------------------------------------------------
[2026-09-21 14:31:14 UTC] [INFO    ] [STEP 019]   TEP / Planet-9 -- step b4: geometry of the detached orbit poles
[2026-09-21 14:31:14 UTC] [INFO    ] [STEP 019]   Three pictures predict different three-dimensional pole
[2026-09-21 14:31:14 UTC] [INFO    ] [STEP 019]   structure for the detached population:
[2026-09-21 14:31:14 UTC] [INFO    ] [STEP 019]   * point-mass shepherding: orbits share a common plane tilted
[2026-09-21 14:31:14 UTC] [INFO    ] [STEP 019]   toward the perturber -- poles cluster about ONE direction
[2026-09-21 14:31:14 UTC] [INFO    ] [STEP 019]   (a point on the pole sphere).
[2026-09-21 14:31:14 UTC] [INFO    ] [STEP 019]   * inclination instability / self-gravity (Madigan & McCourt):
[2026-09-21 14:31:14 UTC] [INFO    ] [STEP 019]   the disk torques itself into a warped plane -- poles spread
[2026-09-21 14:31:14 UTC] [INFO    ] [STEP 019]   along a GREAT CIRCLE (a girdle), not a point.
[2026-09-21 14:31:14 UTC] [INFO    ] [STEP 019]   * fixed field boundary (TEP): if the structure is a lapse
[2026-09-21 14:31:14 UTC] [INFO    ] [STEP 019]   gradient it selects perihelion direction; if it also tilts
[2026-09-21 14:31:14 UTC] [INFO    ] [STEP 019]   the clock planes it leaves a preferred pole direction --
[2026-09-21 14:31:14 UTC] [INFO    ] [STEP 019]   either way, the eigenstructure of the pole scatter matrix
[2026-09-21 14:31:14 UTC] [INFO    ] [STEP 019]   discriminates point (l1 >> l2 ~ l3) from girdle
[2026-09-21 14:31:14 UTC] [INFO    ] [STEP 019]   (l1 ~ l2 >> l3).
[2026-09-21 14:31:14 UTC] [INFO    ] [STEP 019]   Because low-i orbits trivially place poles near the ecliptic pole,
[2026-09-21 14:31:14 UTC] [INFO    ] [STEP 019]   everything is calibrated against the conditioned null (fix each
[2026-09-21 14:31:14 UTC] [INFO    ] [STEP 019]   object's i, draw om uniform) -- the null ring of poles at radius
[2026-09-21 14:31:14 UTC] [INFO    ] [STEP 019]   sin(i) is itself girdle-like, so the observed statistics are
[2026-09-21 14:31:14 UTC] [INFO    ] [STEP 019]   compared to that null, not to isotropy.
[2026-09-21 14:31:14 UTC] [INFO    ] [STEP 019]   Statistics: scatter-matrix eigenvalues l1>=l2>=l3 of the folded
[2026-09-21 14:31:14 UTC] [INFO    ] [STEP 019]   poles; cluster index C = l1 - l2 (single-direction excess);
[2026-09-21 14:31:14 UTC] [INFO    ] [STEP 019]   girdle index G = l2 - l3 (planar excess).  The same decomposition
[2026-09-21 14:31:14 UTC] [INFO    ] [STEP 019]   is applied to the (unfolded) perihelion vectors.
[2026-09-21 14:31:14 UTC] [INFO    ] [STEP 019]   Also reported: the best common-plane normal (l3 eigenvector of
[2026-09-21 14:31:14 UTC] [INFO    ] [STEP 019]   the girdle fit / direction that minimises pole spread), its
[2026-09-21 14:31:14 UTC] [INFO    ] [STEP 019]   ecliptic coordinates and tilt, and its relation to the varpi
[2026-09-21 14:31:14 UTC] [INFO    ] [STEP 019]   cluster axis -- whether the pole structure and the perihelion
[2026-09-21 14:31:14 UTC] [INFO    ] [STEP 019]   structure point at the same inertial frame.
[2026-09-21 14:31:14 UTC] [INFO    ] [STEP 019]   Outputs: results/step_b4_pole_geometry.json,
[2026-09-21 14:31:14 UTC] [INFO    ] [STEP 019]   figures/supplementary/step_b4_pole_geometry.png
[2026-09-21 14:31:14 UTC] [INFO    ] [STEP 019] --------------------------------------------------------------------------------
[2026-09-21 14:31:14 UTC] [INFO    ] [STEP 019] EXECUTION ENVIRONMENT: python 3.13.5 | macOS-26.5.1 | numpy 2.1.3 | scipy 1.14.1 | pandas 2.2.3 | astropy 7.1.1 | rebound 5.1.1 | matplotlib 3.9.2 | cpus 15
[2026-09-21 14:31:14 UTC] [INFO    ] [STEP 019] SCRIPT: scripts/steps/step_019_pole_geometry.py
[2026-09-21 14:31:14 UTC] [INFO    ] [STEP 019] SCRIPT SHA256: f9e30891f13dc654f9f15660a704f48841b1e12fa791a274fe22be642799a577
[2026-09-21 14:31:14 UTC] [INFO    ] [STEP 019] SCRIPT SIZE: 10658 bytes
[2026-09-21 14:31:14 UTC] [INFO    ] [STEP 019] ================================================================================
[2026-09-21 14:31:14 UTC] [INFO    ] [STEP 019] Orbit-pole eigenstructure
[2026-09-21 14:31:14 UTC] [INFO    ] [STEP 019] ================================================================================
[2026-09-21 14:31:14 UTC] [INFO    ] [STEP 019] detached N=44: pole eigs [0.896 0.066 0.038] C=0.829 G=0.028
[2026-09-21 14:31:15 UTC] [INFO    ] [STEP 019] P1 C: obs=0.829 null=0.821 p=0.0798 | G: obs=0.028 null=0.022 p=0.2981
[2026-09-21 14:31:15 UTC] [INFO    ] [STEP 019] P2 mean pole dir lam=51 bet=84 (plane tilt 6 deg)
[2026-09-21 14:31:16 UTC] [INFO    ] [STEP 019] Saving data: step_b4_pole_geometry.json
[2026-09-21 14:31:16 UTC] [DEBUG   ] [STEP 019]   Full path: /Users/matthewsmawfield/www/Temporal Equivalence Principle/TEP-9/results/step_b4_pole_geometry.json
[2026-09-21 14:31:16 UTC] [INFO    ] [STEP 019]   Output: step_b4_pole_geometry.json
[2026-09-21 14:31:16 UTC] [INFO    ] [STEP 019] Saving data: step_b4_pole_geometry.png
[2026-09-21 14:31:16 UTC] [DEBUG   ] [STEP 019]   Full path: /Users/matthewsmawfield/www/Temporal Equivalence Principle/TEP-9/results/figures/supplementary/step_b4_pole_geometry.png
[2026-09-21 14:31:16 UTC] [INFO    ] [STEP 019]   Output: step_b4_pole_geometry.png
[2026-09-21 14:31:16 UTC] [INFO    ] [STEP 019] 
[2026-09-21 14:31:16 UTC] [INFO    ] [STEP 019] ================================================================================
[2026-09-21 14:31:16 UTC] [INFO    ] [STEP 019] STEP SUMMARY: step_019_pole_geometry
[2026-09-21 14:31:16 UTC] [INFO    ] [STEP 019] ================================================================================
[2026-09-21 14:31:16 UTC] [INFO    ] [STEP 019] Step Number: 019
[2026-09-21 14:31:16 UTC] [INFO    ] [STEP 019] Status: SUCCESS
[2026-09-21 14:31:16 UTC] [INFO    ] [STEP 019] Duration: 1.59s
[2026-09-21 14:31:16 UTC] [INFO    ] [STEP 019] Log Records Emitted: 62
[2026-09-21 14:31:16 UTC] [INFO    ] [STEP 019] Output Files: 2
[2026-09-21 14:31:16 UTC] [INFO    ] [STEP 019] Log file: /Users/matthewsmawfield/www/Temporal Equivalence Principle/TEP-9/logs/step_019_pole_geometry.log
[2026-09-21 14:31:16 UTC] [INFO    ] [STEP 019] 
[2026-09-21 14:31:16 UTC] [INFO    ] [STEP 019] Generated 2 output file(s):
[2026-09-21 14:31:16 UTC] [INFO    ] [STEP 019]   • step_b4_pole_geometry.json: 1.30 KB [sha256 3a64ed33f131a271]
[2026-09-21 14:31:16 UTC] [INFO    ] [STEP 019]   • step_b4_pole_geometry.png: 329.48 KB [sha256 076b3e0d8666a22f]
[2026-09-21 14:31:16 UTC] [INFO    ] [STEP 019] 
[2026-09-21 14:31:16 UTC] [INFO    ] [STEP 019]   RESULT SNAPSHOT [step_b4_pole_geometry.json]:
[2026-09-21 14:31:16 UTC] [INFO    ] [STEP 019]     P1_pole_eigenstructure:
[2026-09-21 14:31:16 UTC] [INFO    ] [STEP 019]       eigenvalue_1_null_p95 = 0.8925
[2026-09-21 14:31:16 UTC] [INFO    ] [STEP 019]       C_point_index_obs = 0.8294
[2026-09-21 14:31:16 UTC] [INFO    ] [STEP 019]       C_null_mean = 0.8206
[2026-09-21 14:31:16 UTC] [INFO    ] [STEP 019]       C_null_p95 = 0.831
[2026-09-21 14:31:16 UTC] [INFO    ] [STEP 019]       p_C = 0.079846008
[2026-09-21 14:31:16 UTC] [INFO    ] [STEP 019]       G_girdle_index_obs = 0.0281
[2026-09-21 14:31:16 UTC] [INFO    ] [STEP 019]       G_null_mean = 0.0225
[2026-09-21 14:31:16 UTC] [INFO    ] [STEP 019]       G_null_p95 = 0.0422
[2026-09-21 14:31:16 UTC] [INFO    ] [STEP 019]       p_G = 0.2980851
[2026-09-21 14:31:16 UTC] [INFO    ] [STEP 019]       note = C high => poles share one direction (common tilted plane / shepherd or fixed frame); G ...
[2026-09-21 14:31:16 UTC] [INFO    ] [STEP 019]     P1_pole_eigenstructure.eigenvalues_obs [n=3]: median=0.0662 min=0.0381 max=0.8956
[2026-09-21 14:31:16 UTC] [INFO    ] [STEP 019]     P2_common_plane:
[2026-09-21 14:31:16 UTC] [INFO    ] [STEP 019]       plane_tilt_deg = 6.3
[2026-09-21 14:31:16 UTC] [INFO    ] [STEP 019]       pole_axis_azimuth_deg = 50.5
[2026-09-21 14:31:16 UTC] [INFO    ] [STEP 019]       varpi_axis_deg = 49.1
[2026-09-21 14:31:16 UTC] [INFO    ] [STEP 019]       note = pole azimuth = mean(Omega) - 90 deg, so this largely restates the node clustering; the ...
[2026-09-21 14:31:16 UTC] [INFO    ] [STEP 019]     P2_common_plane.mean_pole_ecliptic [n=2]: median=67.1 min=50.5 max=83.7
[2026-09-21 14:31:16 UTC] [INFO    ] [STEP 019]     P3_perihelion_eigenstructure:
[2026-09-21 14:31:16 UTC] [INFO    ] [STEP 019]       C_obs = 0.2277
[2026-09-21 14:31:16 UTC] [INFO    ] [STEP 019]       C_null_mean = 0.1259
[2026-09-21 14:31:16 UTC] [INFO    ] [STEP 019]       p_C = 0.07539623
[2026-09-21 14:31:16 UTC] [INFO    ] [STEP 019]       R_phat = 0.3355
[2026-09-21 14:31:16 UTC] [INFO    ] [STEP 019]       note = perihelion vectors are point-like not axial; C tests extra point-concentration beyond t...
[2026-09-21 14:31:16 UTC] [INFO    ] [STEP 019]     P3_perihelion_eigenstructure.eigenvalues_obs [n=3]: median=0.3715 min=0.0293 max=0.5992
[2026-09-21 14:31:16 UTC] [INFO    ] [STEP 019] ================================================================================
[2026-09-21 14:31:16 UTC] [INFO    ] [STEP 019] STEP 019 COMPLETE: SUCCESS
[2026-09-21 14:31:16 UTC] [INFO    ] [STEP 019] Provenance data saved to /Users/matthewsmawfield/www/Temporal Equivalence Principle/TEP-9/results/provenance/step_019_pole_geometry_provenance.json
[2026-09-21 14:31:16 UTC] [INFO    ] [STEP 019] 
[2026-09-21 14:31:16 UTC] [INFO    ] [STEP 019] ================================================================================
[2026-09-21 14:31:16 UTC] [INFO    ] [STEP 019] EXECUTIVE SUMMARY
[2026-09-21 14:31:16 UTC] [INFO    ] [STEP 019] ================================================================================
[2026-09-21 14:31:16 UTC] [INFO    ] [STEP 019] Step: step_019_pole_geometry (Step 019)
[2026-09-21 14:31:16 UTC] [INFO    ] [STEP 019] Status: SUCCESS
[2026-09-21 14:31:16 UTC] [INFO    ] [STEP 019] Duration: 1.59s
[2026-09-21 14:31:16 UTC] [INFO    ] [STEP 019] Log Records: 99
[2026-09-21 14:31:16 UTC] [INFO    ] [STEP 019] Output Files: 2
[2026-09-21 14:31:16 UTC] [INFO    ] [STEP 019] Key Outputs:
[2026-09-21 14:31:16 UTC] [INFO    ] [STEP 019]   - step_b4_pole_geometry.json (1.30 KB)
[2026-09-21 14:31:16 UTC] [INFO    ] [STEP 019]   - step_b4_pole_geometry.png (329.48 KB)
[2026-09-21 14:31:16 UTC] [INFO    ] [STEP 019] ================================================================================
