[2026-09-19 20:43:26 UTC] [INFO    ] [STEP 143] LOGGER INITIALIZED: step_143_comet_ng_channel (Step 143)
[2026-09-19 20:43:26 UTC] [DEBUG   ] [STEP 143] Log file: /Users/matthewsmawfield/www/Temporal Equivalence Principle/TEP-9/logs/step_143_comet_ng_channel.log
[2026-09-19 20:43:26 UTC] [DEBUG   ] [STEP 143] Project root: /Users/matthewsmawfield/www/Temporal Equivalence Principle/TEP-9
[2026-09-19 20:43:26 UTC] [INFO    ] [STEP 143] ================================================================================
[2026-09-19 20:43:26 UTC] [INFO    ] [STEP 143] Comet non-gravitational acceleration channel
[2026-09-19 20:43:26 UTC] [INFO    ] [STEP 143] ================================================================================
[2026-09-19 20:43:27 UTC] [INFO    ] [STEP 143] verdict: NG CHANNEL TRANSVERSE-SELECTIVE ELEVATION, UNDERPOWERED: NG incidence in 8/31 vs out 19/66 (p=0.813); transverse A2 contrast med 1.92 vs 0.112 (17.1x), p=0.0726 at n_in=7.  The NG record is read as an observable for the first time: a boundary slip absorbed by pure-gravity fits must leak into the fitted transverse term.  The transverse component -- the time-domain direction -- is the only elevated channel (radial A1 and normal A3 flat), and the in-cap fraction of positive A2 runs 6/7; the contrast is sign-consistent with time-domain loading but unresolved at this membership.
[2026-09-19 20:43:27 UTC] [INFO    ] [STEP 143] Saving data: step_b107_comet_ng_channel.json
[2026-09-19 20:43:27 UTC] [DEBUG   ] [STEP 143]   Full path: /Users/matthewsmawfield/www/Temporal Equivalence Principle/TEP-9/results/step_b107_comet_ng_channel.json
[2026-09-19 20:43:27 UTC] [INFO    ] [STEP 143] Saving data: step_b107_comet_ng_channel.csv
[2026-09-19 20:43:27 UTC] [DEBUG   ] [STEP 143]   Full path: /Users/matthewsmawfield/www/Temporal Equivalence Principle/TEP-9/results/step_b107_comet_ng_channel.csv
[2026-09-19 20:43:27 UTC] [INFO    ] [STEP 143] Saving data: step_b107_comet_ng_channel.png
[2026-09-19 20:43:27 UTC] [DEBUG   ] [STEP 143]   Full path: /Users/matthewsmawfield/www/Temporal Equivalence Principle/TEP-9/results/figures/step_b107_comet_ng_channel.png
joined Warsaw cohort n=97  in-cap=31  NG members=27
T1 NG incidence: in 8/31 vs out 19/66  p=0.813
NG members with theta: 27  in-cap=8
T2_transverse_A2: med_in=1.916 med_out=0.1123 p=0.0726  rho(cos)=-0.017 p=0.933
T2b_A2_signif: med_in=3.484 med_out=0.9184 p=0.427  rho(cos)=+0.032 p=0.875
T3_radial_A1: med_in=4.968 med_out=6.688 p=0.91  rho(cos)=-0.242 p=0.233
T3b_normal_A3: med_in=0 med_out=0 p=0.875  rho(cos)=-0.151 p=0.461
T4_tau: med_in=0 med_out=0 p=0.603  rho(cos)=+0.147 p=0.475
T2c signed A2: in-cap mean +104 (frac>0 0.86) vs out +301
T6 A2 vs theta: rho=+0.105 p=0.61 (n=26)
T7 SBDB replication pre2018: n=47 A2 med_in=2.73e-10 med_out=-1.09e-09 p=0.684
T7 SBDB replication post2017: n=51 A2 med_in=-4.28e-09 med_out=-2.22e-09 p=0.672
{
 "ng_incidence_differs": false,
 "a2_cap_contrast_p": 0.07259349346305868,
 "a2_vs_theta_p": 0.609861220702868,
 "n_ng_members": 27,
 "n_ng_in_cap": 8
}
NG CHANNEL TRANSVERSE-SELECTIVE ELEVATION, UNDERPOWERED: NG incidence in 8/31 vs out 19/66 (p=0.813); transverse A2 contrast med 1.92 vs 0.112 (17.1x), p=0.0726 at n_in=7.  The NG record is read as an observable for the first time: a boundary slip absorbed by pure-gravity fits must leak into the fitted transverse term.  The transverse component -- the time-domain direction -- is the only elevated channel (radial A1 and normal A3 flat), and the in-cap fraction of positive A2 runs 6/7; the contrast is sign-consistent with time-domain loading but unresolved at this membership.
